$WIG
[1] "results/readDepth/clone_A.bin1000000.wig"

$gcWig
[1] "../../inst/extdata/gc_hg19_1000kb.wig"

$mapWig
[1] "../../inst/extdata/map_hg19_1000kb.wig"

$normalPanel
[1] "../../inst/extdata/HD_ULP_PoN_1Mb_median_normAutosome_mapScoreFiltered_median.rds"

$exons.bed
[1] "None"

$id
[1] "clone_A"

$centromere
[1] ".Loading required package: data.table
Loading required package: stats4
Loading required package: BiocGenerics
Loading required package: parallel

Attaching package: 'BiocGenerics'

The following objects are masked from 'package:parallel':

    clusterApply, clusterApplyLB, clusterCall, clusterEvalQ,
    clusterExport, clusterMap, parApply, parCapply, parLapply,
    parLapplyLB, parRapply, parSapply, parSapplyLB

The following objects are masked from 'package:stats':

    IQR, mad, sd, var, xtabs

The following objects are masked from 'package:base':

    Filter, Find, Map, Position, Reduce, anyDuplicated, append,
    as.data.frame, basename, cbind, colnames, dirname, do.call,
    duplicated, eval, evalq, get, grep, grepl, intersect, is.unsorted,
    lapply, mapply, match, mget, order, paste, pmax, pmax.int, pmin,
    pmin.int, rank, rbind, rownames, sapply, setdiff, sort, table,
    tapply, union, unique, unsplit, which.max, which.min

Loading required package: S4Vectors

Attaching package: 'S4Vectors'

The following objects are masked from 'package:data.table':

    first, second

The following object is masked from 'package:base':

    expand.grid

Loading required package: IRanges

Attaching package: 'IRanges'

The following object is masked from 'package:data.table':

    shift

Loading required package: GenomeInfoDb

Attaching package: 'ichorCNA'

The following object is masked from 'package:HMMcopy':

    HMMsegment

Warning message:
In library(package, lib.loc = lib.loc, character.only = TRUE, logical.return = TRUE,  :
  there is no package called 'BSgenome.Hsapiens.UCSC.hg19'
Loading tumour file:clone_A
Slurping: results/readDepth/clone_A.bin1000000.wig
Parsing: fixedStep chrom=1 start=1 step=1000000 span=1000000
Parsing: fixedStep chrom=2 start=1 step=1000000 span=1000000
Parsing: fixedStep chrom=3 start=1 step=1000000 span=1000000
Parsing: fixedStep chrom=4 start=1 step=1000000 span=1000000
Parsing: fixedStep chrom=5 start=1 step=1000000 span=1000000
Parsing: fixedStep chrom=6 start=1 step=1000000 span=1000000
Parsing: fixedStep chrom=7 start=1 step=1000000 span=1000000
Parsing: fixedStep chrom=8 start=1 step=1000000 span=1000000
Parsing: fixedStep chrom=9 start=1 step=1000000 span=1000000
Parsing: fixedStep chrom=10 start=1 step=1000000 span=1000000
Parsing: fixedStep chrom=11 start=1 step=1000000 span=1000000
Parsing: fixedStep chrom=12 start=1 step=1000000 span=1000000
Parsing: fixedStep chrom=13 start=1 step=1000000 span=1000000
Parsing: fixedStep chrom=14 start=1 step=1000000 span=1000000
Parsing: fixedStep chrom=15 start=1 step=1000000 span=1000000
Parsing: fixedStep chrom=16 start=1 step=1000000 span=1000000
Parsing: fixedStep chrom=17 start=1 step=1000000 span=1000000
Parsing: fixedStep chrom=18 start=1 step=1000000 span=1000000
Parsing: fixedStep chrom=19 start=1 step=1000000 span=1000000
Parsing: fixedStep chrom=20 start=1 step=1000000 span=1000000
Parsing: fixedStep chrom=21 start=1 step=1000000 span=1000000
Parsing: fixedStep chrom=22 start=1 step=1000000 span=1000000
Parsing: fixedStep chrom=X start=1 step=1000000 span=1000000
Parsing: fixedStep chrom=Y start=1 step=1000000 span=1000000
Sorting by decreasing chromosome size
Reading GC and mappability files
Slurping: ../../inst/extdata/gc_hg19_1000kb.wig
Parsing: fixedStep chrom=1 start=1 step=1000000 span=1000000
Parsing: fixedStep chrom=2 start=1 step=1000000 span=1000000
Parsing: fixedStep chrom=3 start=1 step=1000000 span=1000000
Parsing: fixedStep chrom=4 start=1 step=1000000 span=1000000
Parsing: fixedStep chrom=5 start=1 step=1000000 span=1000000
Parsing: fixedStep chrom=6 start=1 step=1000000 span=1000000
Parsing: fixedStep chrom=7 start=1 step=1000000 span=1000000
Parsing: fixedStep chrom=8 start=1 step=1000000 span=1000000
Parsing: fixedStep chrom=9 start=1 step=1000000 span=1000000
Parsing: fixedStep chrom=10 start=1 step=1000000 span=1000000
Parsing: fixedStep chrom=11 start=1 step=1000000 span=1000000
Parsing: fixedStep chrom=12 start=1 step=1000000 span=1000000
Parsing: fixedStep chrom=13 start=1 step=1000000 span=1000000
Parsing: fixedStep chrom=14 start=1 step=1000000 span=1000000
Parsing: fixedStep chrom=15 start=1 step=1000000 span=1000000
Parsing: fixedStep chrom=16 start=1 step=1000000 span=1000000
Parsing: fixedStep chrom=17 start=1 step=1000000 span=1000000
Parsing: fixedStep chrom=18 start=1 step=1000000 span=1000000
Parsing: fixedStep chrom=19 start=1 step=1000000 span=1000000
Parsing: fixedStep chrom=20 start=1 step=1000000 span=1000000
Parsing: fixedStep chrom=21 start=1 step=1000000 span=1000000
Parsing: fixedStep chrom=22 start=1 step=1000000 span=1000000
Parsing: fixedStep chrom=X start=1 step=1000000 span=1000000
Parsing: fixedStep chrom=Y start=1 step=1000000 span=1000000
Sorting by decreasing chromosome size
Slurping: ../../inst/extdata/map_hg19_1000kb.wig
Parsing: fixedStep chrom=1 start=1 step=1000000 span=1000000
Parsing: fixedStep chrom=2 start=1 step=1000000 span=1000000
Parsing: fixedStep chrom=3 start=1 step=1000000 span=1000000
Parsing: fixedStep chrom=4 start=1 step=1000000 span=1000000
Parsing: fixedStep chrom=5 start=1 step=1000000 span=1000000
Parsing: fixedStep chrom=6 start=1 step=1000000 span=1000000
Parsing: fixedStep chrom=7 start=1 step=1000000 span=1000000
Parsing: fixedStep chrom=8 start=1 step=1000000 span=1000000
Parsing: fixedStep chrom=9 start=1 step=1000000 span=1000000
Parsing: fixedStep chrom=10 start=1 step=1000000 span=1000000
Parsing: fixedStep chrom=11 start=1 step=1000000 span=1000000
Parsing: fixedStep chrom=12 start=1 step=1000000 span=1000000
Parsing: fixedStep chrom=13 start=1 step=1000000 span=1000000
Parsing: fixedStep chrom=14 start=1 step=1000000 span=1000000
Parsing: fixedStep chrom=15 start=1 step=1000000 span=1000000
Parsing: fixedStep chrom=16 start=1 step=1000000 span=1000000
Parsing: fixedStep chrom=17 start=1 step=1000000 span=1000000
Parsing: fixedStep chrom=18 start=1 step=1000000 span=1000000
Parsing: fixedStep chrom=19 start=1 step=1000000 span=1000000
Parsing: fixedStep chrom=20 start=1 step=1000000 span=1000000
Parsing: fixedStep chrom=21 start=1 step=1000000 span=1000000
Parsing: fixedStep chrom=22 start=1 step=1000000 span=1000000
Parsing: fixedStep chrom=X start=1 step=1000000 span=1000000
Parsing: fixedStep chrom=Y start=1 step=1000000 span=1000000
Sorting by decreasing chromosome size
Correcting Tumour
Removed 97 bins near centromeres.
Applying filter on data...
Correcting for GC bias...
Correcting for mappability bias...
Filtering low uniqueness regions with mappability score < 0.75
Removed 4 bins near centromeres.
Determining gender...Gender female
Outputting to: results/ichorCNA/clone_A//clone_A.correctedDepth.txt
Warning message:
In regularize.values(x, y, ties, missing(ties), na.rm = na.rm) :
  collapsing to unique 'x' values
runEM: Initialization
runEM iter1: Expectation
runEM iter1: Maximization
Sample1 n=0.09542, sp=0.02956, phi=2.022, lambda=129.01,319.55,139.66,62.767,63.437,63.575,57.833, F=1697
runEM iter 1  Log likelihood: 116.275966831004
runEM iter1 Time: 0.051 min.
runEM iter2: Expectation
runEM iter2: Maximization
Sample1 n=0.05135, sp=0.04662, phi=2.019, lambda=264.5,356.46,365.06,64.784,63.602,65.316,58.758, F=2228
runEM iter 2  Log likelihood: 2081.90652543239
runEM iter2 Time: 0.027 min.
runEM iter3: Expectation
runEM iter3: Maximization
Sample1 n=0.04461, sp=0.1489, phi=2.021, lambda=275.89,353.87,460.17,82.825,63.597,78.129,34.14, F=2263
runEM iter 3  Log likelihood: 2244.35636803163
runEM iter3 Time: 0.031 min.
runEM iter4: Expectation
runEM iter4: Maximization
Sample1 n=0.0446, sp=0.2429, phi=2.024, lambda=275.01,376.21,471.84,74.549,63.605,90.792,45.855, F=2291
runEM iter 4  Log likelihood: 2280.81741904484
runEM iter4 Time: 0.029 min.
runEM iter5: Expectation
runEM iter5: Maximization
Sample1 n=0.04725, sp=0.3678, phi=2.026, lambda=267.23,388.04,490.52,91.82,63.603,104.94,77.877, F=2310
runEM iter 5  Log likelihood: 2299.58426283802
runEM iter5 Time: 0.032 min.
runEM iter6: Expectation
runEM iter6: Maximization
Sample1 n=0.04725, sp=0.4417, phi=2.028, lambda=266.23,397.45,502.37,113.18,63.605,68.45,108.53, F=2325
runEM iter 6  Log likelihood: 2321.7411935755
runEM iter6 Time: 0.028 min.
runEM iter7: Expectation
runEM iter7: Maximization
Sample1 n=0.04789, sp=0.5404, phi=2.029, lambda=264.37,405.22,502.69,114.28,63.605,36.184,155.59, F=2336
runEM iter 7  Log likelihood: 2331.47387254151
runEM iter7 Time: 0.034 min.
runEM iter8: Expectation
runEM iter8: Maximization
Sample1 n=0.04881, sp=0.6535, phi=2.031, lambda=262.39,431.45,497.97,115.49,63.605,21.265,225.68, F=2370
runEM iter 8  Log likelihood: 2357.43285385429
runEM iter8 Time: 0.036 min.
runEM iter9: Expectation
runEM iter9: Maximization
Sample1 n=0.04949, sp=0.7188, phi=2.036, lambda=261.07,475.89,492.99,116.76,63.604,18.406,289.09, F=2406
runEM iter 9  Log likelihood: 2400.14289752101
runEM iter9 Time: 0.032 min.
runEM iter10: Expectation
runEM iter10: Maximization
Sample1 n=0.04964, sp=0.74, phi=2.039, lambda=260.42,514.42,488.63,117.5,63.603,19.064,330.19, F=2424
runEM iter 10  Log likelihood: 2434.74323121288
runEM iter10 Time: 0.04 min.
runEM iter11: Expectation
runEM iter11: Maximization
Sample1 n=0.0502, sp=0.7517, phi=2.042, lambda=260.06,544.49,486.82,118.04,63.602,19.195,344.6, F=2429
runEM iter 11  Log likelihood: 2451.04206119709
runEM iter11 Time: 0.029 min.
runEM iter12: Expectation
runEM iter12: Maximization
Sample1 n=0.05071, sp=0.7561, phi=2.044, lambda=259.91,567.57,485.1,118.51,63.602,19.121,349.31, F=2428
runEM iter 12  Log likelihood: 2456.90027185917
runEM iter12 Time: 0.028 min.
runEM iter13: Expectation
runEM iter13: Maximization
Sample1 n=0.05114, sp=0.7576, phi=2.045, lambda=259.79,582.8,483.62,118.86,63.602,19.076,349.45, F=2426
runEM iter 13  Log likelihood: 2459.30802993169
runEM iter13 Time: 0.029 min.
runEM iter13: Re-calculating responsibilties from converged parameters.
runEM: Using optimal parameters from iter13
runEM: Total elapsed time: 0.43min.
runViterbi: Segmenting and classifying
runEM: Initialization
runEM iter1: Expectation
runEM iter1: Maximization
Sample1 n=0.3743, sp=0.4785, phi=2.967, lambda=194.07,57.66,281.57,36.473,63.457,55.276,59.191, F=1274
runEM iter 1  Log likelihood: -89.8698690138198
runEM iter1 Time: 0.049 min.
runEM iter2: Expectation
runEM iter2: Maximization
Sample1 n=0.36, sp=0.5307, phi=3.032, lambda=262.06,62.414,376.3,105.88,404.38,129.46,66.675, F=1859
runEM iter 2  Log likelihood: 1612.94643082174
runEM iter2 Time: 0.029 min.
runEM iter3: Expectation
runEM iter3: Maximization
Sample1 n=0.3717, sp=0.5333, phi=3.051, lambda=266.18,61.257,394.14,132.91,462.15,153.32,63.433, F=1902
runEM iter 3  Log likelihood: 1882.05453715463
runEM iter3 Time: 0.023 min.
runEM iter4: Expectation
runEM iter4: Maximization
Sample1 n=0.3744, sp=0.5392, phi=3.057, lambda=266.97,62.548,405.19,128.17,469.51,153.88,63.472, F=1913
runEM iter 4  Log likelihood: 1914.84243163097
runEM iter4 Time: 0.021 min.
runEM iter5: Expectation
runEM iter5: Maximization
Sample1 n=0.3753, sp=0.5425, phi=3.061, lambda=267.34,63.004,414.93,121.61,476.3,152.78,63.53, F=1922
runEM iter 5  Log likelihood: 1925.94350334547
runEM iter5 Time: 0.019 min.
runEM iter6: Expectation
runEM iter6: Maximization
Sample1 n=0.3758, sp=0.5442, phi=3.063, lambda=267.36,63.081,421.14,118.2,480.42,152.49,63.543, F=1926
runEM iter 6  Log likelihood: 1932.00095229679
runEM iter6 Time: 0.018 min.
runEM iter7: Expectation
runEM iter7: Maximization
Sample1 n=0.3761, sp=0.5451, phi=3.064, lambda=267.29,63.103,424.51,116.59,482.11,152.4,63.549, F=1928
runEM iter 7  Log likelihood: 1935.01892540409
runEM iter7 Time: 0.02 min.
runEM iter8: Expectation
runEM iter8: Maximization
Sample1 n=0.3762, sp=0.5456, phi=3.065, lambda=267.24,63.106,426.26,115.76,482.79,152.36,63.552, F=1929
runEM iter 8  Log likelihood: 1936.48725379107
runEM iter8 Time: 0.018 min.
runEM iter8: Re-calculating responsibilties from converged parameters.
runEM: Using optimal parameters from iter8
runEM: Total elapsed time: 0.2min.
runViterbi: Segmenting and classifying
runEM: Initialization
runEM iter1: Expectation
runEM iter1: Maximization
Sample1 n=0.1553, sp=0.01164, phi=2.031, lambda=36.056,314.75,86.837,33.85,63.143,60.181,44.478, F=1460
runEM iter 1  Log likelihood: -11.1927737727293
runEM iter1 Time: 0.053 min.
runEM iter2: Expectation
runEM iter2: Maximization
Sample1 n=0.05241, sp=0.0126, phi=2.021, lambda=107.25,370.39,312.26,63.507,63.603,207.91,53.076, F=2193
runEM iter 2  Log likelihood: 1868.2808936126
runEM iter2 Time: 0.031 min.
runEM iter3: Expectation
runEM iter3: Maximization
Sample1 n=0.03891, sp=0.01109, phi=2.021, lambda=70.156,357.44,449.89,72.324,63.6,232.38,26.406, F=2245
runEM iter 3  Log likelihood: 2224.4045369289
runEM iter3 Time: 0.026 min.
runEM iter4: Expectation
runEM iter4: Maximization
Sample1 n=0.03948, sp=0.007818, phi=2.022, lambda=24.433,363.03,462.41,64.06,63.606,256.71,24.995, F=2269
runEM iter 4  Log likelihood: 2261.56502446406
runEM iter4 Time: 0.043 min.
runEM iter5: Expectation
runEM iter5: Maximization
Sample1 n=0.0411, sp=0.006324, phi=2.023, lambda=23.301,367.08,466.48,63.771,63.606,259.63,24.723, F=2273
runEM iter 5  Log likelihood: 2273.77072417982
runEM iter5 Time: 0.037 min.
runEM iter6: Expectation
runEM iter6: Maximization
Sample1 n=0.04256, sp=0.00559, phi=2.023, lambda=23.506,369.72,468.91,63.784,63.606,259.54,24.576, F=2274
runEM iter 6  Log likelihood: 2276.18821376145
runEM iter6 Time: 0.029 min.
runEM iter7: Expectation
runEM iter7: Maximization
Sample1 n=0.04336, sp=0.00525, phi=2.024, lambda=23.642,371.47,470.38,63.787,63.606,259.38,24.534, F=2275
runEM iter 7  Log likelihood: 2277.5088723263
runEM iter7 Time: 0.03 min.
runEM iter7: Re-calculating responsibilties from converged parameters.
runEM: Using optimal parameters from iter7
runEM: Total elapsed time: 0.25min.
runViterbi: Segmenting and classifying
runEM: Initialization
runEM iter1: Expectation
runEM iter1: Maximization
Sample1 n=0.3804, sp=0.2409, phi=2.967, lambda=164.64,43.38,273.59,35.87,63.485,27.149,53.132, F=1166
runEM iter 1  Log likelihood: -308.143249697757
runEM iter1 Time: 0.056 min.
runEM iter2: Expectation
runEM iter2: Maximization
Sample1 n=0.3615, sp=0.5103, phi=3.032, lambda=261.03,62.052,375.84,107.6,406.5,119.69,68.71, F=1858
runEM iter 2  Log likelihood: 1586.11357450709
runEM iter2 Time: 0.036 min.
runEM iter3: Expectation
runEM iter3: Maximization
Sample1 n=0.3719, sp=0.5348, phi=3.051, lambda=265.57,61.05,394.13,133.33,462.02,151.92,63.437, F=1902
runEM iter 3  Log likelihood: 1882.68694811472
runEM iter3 Time: 0.025 min.
runEM iter4: Expectation
runEM iter4: Maximization
Sample1 n=0.3745, sp=0.5392, phi=3.057, lambda=266.78,62.456,405.2,128.26,469.39,153.88,63.476, F=1913
runEM iter 4  Log likelihood: 1914.75789030531
runEM iter4 Time: 0.021 min.
runEM iter5: Expectation
runEM iter5: Maximization
Sample1 n=0.3753, sp=0.5425, phi=3.061, lambda=267.28,62.987,414.93,121.63,476.27,152.76,63.53, F=1922
runEM iter 5  Log likelihood: 1925.93716170879
runEM iter5 Time: 0.02 min.
runEM iter6: Expectation
runEM iter6: Maximization
Sample1 n=0.3758, sp=0.5442, phi=3.063, lambda=267.33,63.077,421.15,118.2,480.41,152.47,63.543, F=1926
runEM iter 6  Log likelihood: 1932.0090784089
runEM iter6 Time: 0.018 min.
runEM iter7: Expectation
runEM iter7: Maximization
Sample1 n=0.3761, sp=0.5451, phi=3.064, lambda=267.28,63.102,424.52,116.59,482.11,152.39,63.549, F=1928
runEM iter 7  Log likelihood: 1935.02537171439
runEM iter7 Time: 0.019 min.
runEM iter8: Expectation
runEM iter8: Maximization
Sample1 n=0.3762, sp=0.5456, phi=3.065, lambda=267.23,63.106,426.26,115.76,482.79,152.35,63.552, F=1929
runEM iter 8  Log likelihood: 1936.49117815102
runEM iter8 Time: 0.018 min.
runEM iter8: Re-calculating responsibilties from converged parameters.
runEM: Using optimal parameters from iter8
runEM: Total elapsed time: 0.21min.
runViterbi: Segmenting and classifying
runEM: Initialization
runEM iter1: Expectation
runEM iter1: Maximization
Sample1 n=0.2957, sp=0.006236, phi=2.049, lambda=29.064,313.78,47.19,66.769,61.309,20.893,11.813, F=1202
runEM iter 1  Log likelihood: -61.0956139494661
runEM iter1 Time: 0.059 min.
runEM iter2: Expectation
runEM iter2: Maximization
Sample1 n=0.1171, sp=0.00301, phi=2.035, lambda=164.45,405.15,168.76,25.206,63.563,117.57,61.614, F=1998
runEM iter 2  Log likelihood: 1580.23362560863
runEM iter2 Time: 0.045 min.
runEM iter3: Expectation
runEM iter3: Maximization
Sample1 n=0.05667, sp=0.004908, phi=2.023, lambda=162.57,371.88,337.5,63.338,63.601,211.5,44.598, F=2224
runEM iter 3  Log likelihood: 2092.70283761489
runEM iter3 Time: 0.029 min.
runEM iter4: Expectation
runEM iter4: Maximization
Sample1 n=0.04588, sp=0.006033, phi=2.022, lambda=96.198,359.37,459.47,67.453,63.603,228.87,25.668, F=2250
runEM iter 4  Log likelihood: 2236.45371047722
runEM iter4 Time: 0.034 min.
runEM iter5: Expectation
runEM iter5: Maximization
Sample1 n=0.04429, sp=0.005329, phi=2.022, lambda=30.847,364.39,467.84,63.906,63.606,244.92,24.943, F=2263
runEM iter 5  Log likelihood: 2259.29397619795
runEM iter5 Time: 0.041 min.
runEM iter6: Expectation
runEM iter6: Maximization
Sample1 n=0.04374, sp=0.004895, phi=2.023, lambda=23.821,368.29,469.27,63.791,63.606,257.58,24.695, F=2274
runEM iter 6  Log likelihood: 2273.88750859897
runEM iter6 Time: 0.03 min.
runEM iter7: Expectation
runEM iter7: Maximization
Sample1 n=0.04388, sp=0.004876, phi=2.024, lambda=23.694,370.49,470.44,63.79,63.605,258.5,24.583, F=2274
runEM iter 7  Log likelihood: 2276.87296100964
runEM iter7 Time: 0.029 min.
runEM iter8: Expectation
runEM iter8: Maximization
Sample1 n=0.04404, sp=0.004901, phi=2.024, lambda=23.729,372.01,471.24,63.791,63.605,258.79,24.557, F=2275
runEM iter 8  Log likelihood: 2277.9175939141
runEM iter8 Time: 0.026 min.
runEM iter8: Re-calculating responsibilties from converged parameters.
runEM: Using optimal parameters from iter8
runEM: Total elapsed time: 0.29min.
runViterbi: Segmenting and classifying
runEM: Initialization
runEM iter1: Expectation
runEM iter1: Maximization
Sample1 n=0.3941, sp=0.07247, phi=2.96, lambda=137.01,23.576,258.65,34.87,62.106,65.939,19.452, F=1040
runEM iter 1  Log likelihood: -464.147025125368
runEM iter1 Time: 0.051 min.
runEM iter2: Expectation
runEM iter2: Maximization
Sample1 n=0.3628, sp=0.1085, phi=3.031, lambda=273.23,59.8,373.05,110.58,406.68,65.595,61.857, F=1850
runEM iter 2  Log likelihood: 1536.17611344947
runEM iter2 Time: 0.035 min.
runEM iter3: Expectation
runEM iter3: Maximization
Sample1 n=0.3674, sp=0.1561, phi=3.053, lambda=291.28,47.709,395.48,134.28,457.6,143.06,61.467, F=1918
runEM iter 3  Log likelihood: 1899.08638061264
runEM iter3 Time: 0.026 min.
runEM iter4: Expectation
runEM iter4: Maximization
Sample1 n=0.3649, sp=0.1473, phi=3.061, lambda=303.73,46.708,407.85,127.22,463.16,208.4,63.553, F=1951
runEM iter 4  Log likelihood: 1952.35400486966
runEM iter4 Time: 0.024 min.
runEM iter5: Expectation
runEM iter5: Maximization
Sample1 n=0.3605, sp=0.1402, phi=3.066, lambda=319.13,47.558,419.23,118.97,468.2,250.01,67.66, F=1978
runEM iter 5  Log likelihood: 1983.04407823575
runEM iter5 Time: 0.029 min.
runEM iter6: Expectation
runEM iter6: Maximization
Sample1 n=0.3581, sp=0.1341, phi=3.069, lambda=332.57,48.53,427.93,114.95,471.2,259.67,72.641, F=1993
runEM iter 6  Log likelihood: 2002.81556735638
runEM iter6 Time: 0.023 min.
runEM iter7: Expectation
runEM iter7: Maximization
Sample1 n=0.3557, sp=0.1281, phi=3.071, lambda=358.41,49.477,434.33,112.83,471.37,253.87,76.211, F=2002
runEM iter 7  Log likelihood: 2013.055491877
runEM iter7 Time: 0.024 min.
runEM iter8: Expectation
runEM iter8: Maximization
Sample1 n=0.3529, sp=0.1243, phi=3.073, lambda=412.05,50.407,438.45,111.45,470.2,244.12,77.834, F=2011
runEM iter 8  Log likelihood: 2021.58674317308
runEM iter8 Time: 0.022 min.
runEM iter9: Expectation
runEM iter9: Maximization
Sample1 n=0.3516, sp=0.1217, phi=3.074, lambda=452.22,51.123,441.01,110.68,469.79,236.47,78.806, F=2013
runEM iter 9  Log likelihood: 2024.95899968741
runEM iter9 Time: 0.02 min.
runEM iter10: Expectation
runEM iter10: Maximization
Sample1 n=0.3511, sp=0.1195, phi=3.075, lambda=466.98,51.772,442.86,110.24,469.76,234.09,79.551, F=2013
runEM iter 10  Log likelihood: 2026.20178073951
runEM iter10 Time: 0.023 min.
runEM iter10: Re-calculating responsibilties from converged parameters.
runEM: Using optimal parameters from iter10
runEM: Total elapsed time: 0.28min.
runViterbi: Segmenting and classifying
runEM: Initialization
runEM iter1: Expectation
runEM iter1: Maximization
Sample1 n=0.532, sp=0.006575, phi=2.083, lambda=15.987,318.51,36.574,212.73,48.336,7.9116,2.9483, F=950.5
runEM iter 1  Log likelihood: -95.9547084907835
runEM iter1 Time: 0.088 min.
runEM iter2: Expectation
runEM iter2: Maximization
Sample1 n=0.4791, sp=0.00244, phi=2.083, lambda=27.054,430.37,77.698,377.01,69.36,9.7649,63.123, F=1585
runEM iter 2  Log likelihood: 1477.00804782273
runEM iter2 Time: 0.1 min.
runEM iter3: Expectation
runEM iter3: Maximization
Sample1 n=0.4886, sp=0.002297, phi=2.09, lambda=41.217,448.19,104.52,444.99,82.071,9.6898,60.92, F=1598
runEM iter 3  Log likelihood: 1610.4899589643
runEM iter3 Time: 0.052 min.
runEM iter4: Expectation
runEM iter4: Maximization
Sample1 n=0.4914, sp=0.002306, phi=2.094, lambda=56.364,458.93,118.17,460.31,83.435,9.6661,59.786, F=1612
runEM iter 4  Log likelihood: 1635.72006883486
runEM iter4 Time: 0.068 min.
runEM iter5: Expectation
runEM iter5: Maximization
Sample1 n=0.4913, sp=0.002425, phi=2.096, lambda=61.611,463.29,125.2,461,83.35,9.6862,61.081, F=1620
runEM iter 5  Log likelihood: 1644.38350847117
runEM iter5 Time: 0.05 min.
runEM iter6: Expectation
runEM iter6: Maximization
Sample1 n=0.4909, sp=0.002481, phi=2.097, lambda=63.443,464.38,130.23,460.66,83.44,9.6944,62.402, F=1622
runEM iter 6  Log likelihood: 1646.46887832661
runEM iter6 Time: 0.048 min.
runEM iter7: Expectation
runEM iter7: Maximization
Sample1 n=0.4906, sp=0.002511, phi=2.097, lambda=63.96,465.38,139.21,460.41,83.495,9.6958,64.298, F=1623
runEM iter 7  Log likelihood: 1647.99070510148
runEM iter7 Time: 0.033 min.
runEM iter7: Re-calculating responsibilties from converged parameters.
runEM: Using optimal parameters from iter7
runEM: Total elapsed time: 0.45min.
runViterbi: Segmenting and classifying
runEM: Initialization
runEM iter1: Expectation
runEM iter1: Maximization
Sample1 n=0.3406, sp=0.1738, phi=2.941, lambda=17.799,15.27,231.43,41.171,46.693,99.038,4.7372, F=866.3
runEM iter 1  Log likelihood: -565.565848981727
runEM iter1 Time: 0.046 min.
runEM iter2: Expectation
runEM iter2: Maximization
Sample1 n=0.2834, sp=0.1543, phi=3.023, lambda=91.057,57.699,361.83,86.498,271.25,232.45,62.882, F=1761
runEM iter 2  Log likelihood: 1386.8764107523
runEM iter2 Time: 0.034 min.
runEM iter3: Expectation
runEM iter3: Maximization
Sample1 n=0.3072, sp=0.1342, phi=3.056, lambda=68.164,61.238,393.13,122.39,363.66,264.67,63.913, F=1884
runEM iter 3  Log likelihood: 1830.43630245081
runEM iter3 Time: 0.025 min.
runEM iter4: Expectation
runEM iter4: Maximization
Sample1 n=0.3219, sp=0.1193, phi=3.064, lambda=64.3,59.351,402.56,123.34,404.63,264.37,62.821, F=1902
runEM iter 4  Log likelihood: 1894.11124997572
runEM iter4 Time: 0.019 min.
runEM iter5: Expectation
runEM iter5: Maximization
Sample1 n=0.3301, sp=0.1061, phi=3.068, lambda=64.273,57.314,414.77,116.66,428.45,263.9,63.628, F=1916
runEM iter 5  Log likelihood: 1918.75915695952
runEM iter5 Time: 0.022 min.
runEM iter6: Expectation
runEM iter6: Maximization
Sample1 n=0.3365, sp=0.09437, phi=3.071, lambda=63.942,55.552,424.85,112.91,444.76,263.73,66.693, F=1928
runEM iter 6  Log likelihood: 1933.61843403438
runEM iter6 Time: 0.021 min.
runEM iter7: Expectation
runEM iter7: Maximization
Sample1 n=0.3417, sp=0.08389, phi=3.072, lambda=63.467,54.069,432.12,111.79,454.83,263.6,70.875, F=1936
runEM iter 7  Log likelihood: 1944.30486035107
runEM iter7 Time: 0.024 min.
runEM iter8: Expectation
runEM iter8: Maximization
Sample1 n=0.346, sp=0.07406, phi=3.072, lambda=63.025,52.836,438.91,112.09,461.14,263.67,75.65, F=1945
runEM iter 8  Log likelihood: 1955.03296306241
runEM iter8 Time: 0.03 min.
runEM iter9: Expectation
runEM iter9: Maximization
Sample1 n=0.3498, sp=0.06417, phi=3.072, lambda=62.612,51.724,447.03,113.63,465.04,264.18,80.266, F=1959
runEM iter 9  Log likelihood: 1968.99317520051
runEM iter9 Time: 0.021 min.
runEM iter10: Expectation
runEM iter10: Maximization
Sample1 n=0.3534, sp=0.0538, phi=3.071, lambda=62.178,50.644,454.89,116.66,467.15,264.98,84.594, F=1975
runEM iter 10  Log likelihood: 1983.95546208304
runEM iter10 Time: 0.02 min.
runEM iter11: Expectation
runEM iter11: Maximization
Sample1 n=0.3571, sp=0.04345, phi=3.069, lambda=61.749,49.619,459.27,120.07,468.71,265.55,89.707, F=1986
runEM iter 11  Log likelihood: 1994.00356887047
runEM iter11 Time: 0.02 min.
runEM iter12: Expectation
runEM iter12: Maximization
Sample1 n=0.3607, sp=0.03367, phi=3.068, lambda=61.293,48.744,462.24,122.35,470.6,265.98,96.198, F=1994
runEM iter 12  Log likelihood: 2001.32531426743
runEM iter12 Time: 0.021 min.
runEM iter13: Expectation
runEM iter13: Maximization
Sample1 n=0.3641, sp=0.02465, phi=3.067, lambda=60.66,47.996,466.54,123.77,472.57,266.54,104.54, F=2003
runEM iter 13  Log likelihood: 2009.98426602174
runEM iter13 Time: 0.021 min.
runEM iter14: Expectation
runEM iter14: Maximization
Sample1 n=0.3673, sp=0.01667, phi=3.067, lambda=59.528,47.187,472.61,124.77,474.41,267.24,113.93, F=2013
runEM iter 14  Log likelihood: 2020.12236529377
runEM iter14 Time: 0.022 min.
runEM iter15: Expectation
runEM iter15: Maximization
Sample1 n=0.3702, sp=0.01069, phi=3.067, lambda=57.802,46.181,478.05,125.52,475.87,267.68,121.74, F=2021
runEM iter 15  Log likelihood: 2028.12973954499
runEM iter15 Time: 0.023 min.
runEM iter16: Expectation
runEM iter16: Maximization
Sample1 n=0.3723, sp=0.007444, phi=3.067, lambda=56.03,45.158,481.59,126.04,476.6,267.66,126.91, F=2026
runEM iter 16  Log likelihood: 2033.04874065625
runEM iter16 Time: 0.02 min.
runEM iter17: Expectation
runEM iter17: Maximization
Sample1 n=0.3735, sp=0.006131, phi=3.068, lambda=54.861,44.475,483.93,126.27,476.96,267.48,130.04, F=2028
runEM iter 17  Log likelihood: 2036.00333471124
runEM iter17 Time: 0.023 min.
runEM iter18: Expectation
runEM iter18: Maximization
Sample1 n=0.374, sp=0.005631, phi=3.068, lambda=54.261,44.143,485.58,126.28,477.06,267.4,131.96, F=2029
runEM iter 18  Log likelihood: 2037.68941499024
runEM iter18 Time: 0.02 min.
runEM iter18: Re-calculating responsibilties from converged parameters.
runEM: Using optimal parameters from iter18
runEM: Total elapsed time: 0.43min.
runViterbi: Segmenting and classifying
runEM: Initialization
runEM iter1: Expectation
runEM iter1: Maximization
Sample1 n=0.7916, sp=0.01602, phi=2.024, lambda=77.132,280.09,48.403,23.039,4.1196,4.0021,2.5458, F=517.9
runEM iter 1  Log likelihood: -121.504195322715
runEM iter1 Time: 0.11 min.
runEM iter2: Expectation
runEM iter2: Maximization
Sample1 n=0.4883, sp=0.00399, phi=2.073, lambda=23.583,431.56,63.838,216.81,61.343,9.4619,53.289, F=1441
runEM iter 2  Log likelihood: 923.223727520808
runEM iter2 Time: 0.076 min.
runEM iter3: Expectation
runEM iter3: Maximization
Sample1 n=0.4789, sp=0.002226, phi=2.086, lambda=39.012,443.96,95.772,381.55,69.932,10.07,59.375, F=1588
runEM iter 3  Log likelihood: 1574.88058553194
runEM iter3 Time: 0.093 min.
runEM iter4: Expectation
runEM iter4: Maximization
Sample1 n=0.4882, sp=0.00229, phi=2.093, lambda=56.45,456.66,119.66,446.32,82.901,9.7962,61.804, F=1608
runEM iter 4  Log likelihood: 1625.56321531317
runEM iter4 Time: 0.11 min.
runEM iter5: Expectation
runEM iter5: Maximization
Sample1 n=0.4905, sp=0.002444, phi=2.096, lambda=61.903,463.04,134.83,459.05,83.626,9.7193,63.94, F=1618
runEM iter 5  Log likelihood: 1642.54593687198
runEM iter5 Time: 0.079 min.
runEM iter6: Expectation
runEM iter6: Maximization
Sample1 n=0.4907, sp=0.00253, phi=2.097, lambda=63.398,466.56,149.01,459.47,83.555,9.7108,66.534, F=1623
runEM iter 6  Log likelihood: 1648.10206588348
runEM iter6 Time: 0.051 min.
runEM iter7: Expectation
runEM iter7: Maximization
Sample1 n=0.4905, sp=0.002588, phi=2.097, lambda=64.122,467.63,155.74,459.91,83.47,9.71,69.085, F=1624
runEM iter 7  Log likelihood: 1651.44270552673
runEM iter7 Time: 0.045 min.
runEM iter8: Expectation
runEM iter8: Maximization
Sample1 n=0.4904, sp=0.002632, phi=2.097, lambda=64.152,467.8,155.73,459.92,83.467,9.7085,71.705, F=1623
runEM iter 8  Log likelihood: 1652.31251782964
runEM iter8 Time: 0.023 min.
runEM iter8: Re-calculating responsibilties from converged parameters.
runEM: Using optimal parameters from iter8
runEM: Total elapsed time: 0.59min.
runViterbi: Segmenting and classifying
runEM: Initialization
runEM iter1: Expectation
runEM iter1: Maximization
Sample1 n=0.7892, sp=0.01928, phi=2.694, lambda=24.862,163.21,170.79,14.798,5.2211,4.9825,3.0253, F=244.2
runEM iter 1  Log likelihood: -387.569439582976
runEM iter1 Time: 0.11 min.
runEM iter2: Expectation
runEM iter2: Maximization
Sample1 n=0.7337, sp=0.006604, phi=2.809, lambda=43.437,190.88,272,17.958,36.629,6.7,54.099, F=576.4
runEM iter 2  Log likelihood: 489.58254326063
runEM iter2 Time: 0.1 min.
runEM iter3: Expectation
runEM iter3: Maximization
Sample1 n=0.5613, sp=0.00424, phi=2.993, lambda=73.923,45.629,353.07,56.406,128.53,22.716,65.241, F=1102
runEM iter 3  Log likelihood: 632.942985757374
runEM iter3 Time: 0.08 min.
runEM iter4: Expectation
runEM iter4: Maximization
Sample1 n=0.3908, sp=0.008682, phi=3.047, lambda=68.746,62.67,402.37,116.26,391.39,192.2,76.437, F=1825
runEM iter 4  Log likelihood: 1222.66988776033
runEM iter4 Time: 0.037 min.
runEM iter5: Expectation
runEM iter5: Maximization
Sample1 n=0.3719, sp=0.00911, phi=3.057, lambda=63.099,48.679,415.94,135.99,459.21,256.25,92.87, F=1943
runEM iter 5  Log likelihood: 1915.15216872503
runEM iter5 Time: 0.023 min.
runEM iter6: Expectation
runEM iter6: Maximization
Sample1 n=0.3719, sp=0.008394, phi=3.061, lambda=60.466,47.678,434.91,132.86,468.86,261.78,101.47, F=1971
runEM iter 6  Log likelihood: 1974.59702678571
runEM iter6 Time: 0.025 min.
runEM iter7: Expectation
runEM iter7: Maximization
Sample1 n=0.3725, sp=0.007435, phi=3.064, lambda=59.211,47.132,455.69,129.83,473.7,264.15,110.57, F=1997
runEM iter 7  Log likelihood: 2002.40773060111
runEM iter7 Time: 0.032 min.
runEM iter8: Expectation
runEM iter8: Maximization
Sample1 n=0.3732, sp=0.006582, phi=3.066, lambda=57.755,46.488,470.62,128.29,475.83,265.76,119.26, F=2014
runEM iter 8  Log likelihood: 2020.68461800268
runEM iter8 Time: 0.024 min.
runEM iter9: Expectation
runEM iter9: Maximization
Sample1 n=0.3737, sp=0.006025, phi=3.067, lambda=55.541,45.708,478.71,127.43,476.5,266.53,125.03, F=2022
runEM iter 9  Log likelihood: 2029.5590221293
runEM iter9 Time: 0.023 min.
runEM iter10: Expectation
runEM iter10: Maximization
Sample1 n=0.374, sp=0.005716, phi=3.068, lambda=53.73,44.977,482.7,126.9,476.8,266.92,128.75, F=2025
runEM iter 10  Log likelihood: 2033.95743070325
runEM iter10 Time: 0.02 min.
runEM iter11: Expectation
runEM iter11: Maximization
Sample1 n=0.3742, sp=0.005547, phi=3.068, lambda=52.85,44.611,484.86,126.57,476.94,267.13,131.13, F=2027
runEM iter 11  Log likelihood: 2036.34686674984
runEM iter11 Time: 0.021 min.
runEM iter12: Expectation
runEM iter12: Maximization
Sample1 n=0.3743, sp=0.00545, phi=3.068, lambda=52.521,44.425,486.25,126.36,477.02,267.26,132.71, F=2028
runEM iter 12  Log likelihood: 2037.73031185627
runEM iter12 Time: 0.026 min.
runEM iter12: Re-calculating responsibilties from converged parameters.
runEM: Using optimal parameters from iter12
runEM: Total elapsed time: 0.52min.
runViterbi: Segmenting and classifying
runEM: Initialization
runEM iter1: Expectation
runEM iter1: Maximization
Sample1 n=0.8714, sp=0.03612, phi=1.978, lambda=195.79,247.82,73.245,14.281,2.3996,3.464,2.6478, F=427
runEM iter 1  Log likelihood: -149.727308595262
runEM iter1 Time: 0.13 min.
runEM iter2: Expectation
runEM iter2: Maximization
Sample1 n=0.7482, sp=0.008108, phi=2.031, lambda=101.28,398.44,160.74,38.714,53.069,4.2965,10.892, F=1021
runEM iter 2  Log likelihood: 828.21750504102
runEM iter2 Time: 0.12 min.
runEM iter3: Expectation
runEM iter3: Maximization
Sample1 n=0.6701, sp=0.005351, phi=2.121, lambda=56.872,467.08,189.85,58.961,399.02,5.577,63.273, F=1480
runEM iter 3  Log likelihood: 1221.72783472892
runEM iter3 Time: 0.095 min.
runEM iter4: Expectation
runEM iter4: Maximization
Sample1 n=0.67, sp=0.004639, phi=2.139, lambda=61.208,492.62,241.67,63.267,449.01,5.6692,77.808, F=1517
runEM iter 4  Log likelihood: 1524.79960760695
runEM iter4 Time: 0.057 min.
runEM iter5: Expectation
runEM iter5: Maximization
Sample1 n=0.6689, sp=0.004575, phi=2.15, lambda=62.182,514.32,266.22,64.009,447.79,5.7211,82.06, F=1522
runEM iter 5  Log likelihood: 1548.58283452823
runEM iter5 Time: 0.052 min.
runEM iter6: Expectation
runEM iter6: Maximization
Sample1 n=0.668, sp=0.004575, phi=2.154, lambda=62.298,525.04,271.47,63.797,446.65,5.7532,88.19, F=1523
runEM iter 6  Log likelihood: 1556.24153807544
runEM iter6 Time: 0.05 min.
runEM iter7: Expectation
runEM iter7: Maximization
Sample1 n=0.6674, sp=0.004564, phi=2.156, lambda=62.292,529.45,272.22,63.774,446.04,5.7666,94.496, F=1523
runEM iter 7  Log likelihood: 1558.71366162466
runEM iter7 Time: 0.026 min.
runEM iter8: Expectation
runEM iter8: Maximization
Sample1 n=0.6672, sp=0.004564, phi=2.157, lambda=62.274,531.33,272.33,63.768,445.77,5.7709,100.1, F=1523
runEM iter 8  Log likelihood: 1559.76051260513
runEM iter8 Time: 0.033 min.
runEM iter8: Re-calculating responsibilties from converged parameters.
runEM: Using optimal parameters from iter8
runEM: Total elapsed time: 0.57min.
runViterbi: Segmenting and classifying
Total ULP-WGS HMM Runtime: 4.3 min.
Writing segments to results/ichorCNA/clone_A//clone_A.seg
Outputting to bin-level results to results/ichorCNA/clone_A//clone_A.cna.seg
