$WIG
[1] "results/readDepth/clone_D.bin1000000.wig"

$gcWig
[1] "../../inst/extdata/gc_hg19_1000kb.wig"

$mapWig
[1] "../../inst/extdata/map_hg19_1000kb.wig"

$normalPanel
[1] "../../inst/extdata/HD_ULP_PoN_1Mb_median_normAutosome_mapScoreFiltered_median.rds"

$exons.bed
[1] "None"

$id
[1] "clone_D"

$centromere
[1] ".Loading required package: data.table
Loading required package: stats4
Loading required package: BiocGenerics
Loading required package: parallel

Attaching package: 'BiocGenerics'

The following objects are masked from 'package:parallel':

    clusterApply, clusterApplyLB, clusterCall, clusterEvalQ,
    clusterExport, clusterMap, parApply, parCapply, parLapply,
    parLapplyLB, parRapply, parSapply, parSapplyLB

The following objects are masked from 'package:stats':

    IQR, mad, sd, var, xtabs

The following objects are masked from 'package:base':

    Filter, Find, Map, Position, Reduce, anyDuplicated, append,
    as.data.frame, basename, cbind, colnames, dirname, do.call,
    duplicated, eval, evalq, get, grep, grepl, intersect, is.unsorted,
    lapply, mapply, match, mget, order, paste, pmax, pmax.int, pmin,
    pmin.int, rank, rbind, rownames, sapply, setdiff, sort, table,
    tapply, union, unique, unsplit, which.max, which.min

Loading required package: S4Vectors

Attaching package: 'S4Vectors'

The following objects are masked from 'package:data.table':

    first, second

The following object is masked from 'package:base':

    expand.grid

Loading required package: IRanges

Attaching package: 'IRanges'

The following object is masked from 'package:data.table':

    shift

Loading required package: GenomeInfoDb

Attaching package: 'ichorCNA'

The following object is masked from 'package:HMMcopy':

    HMMsegment

Warning message:
In library(package, lib.loc = lib.loc, character.only = TRUE, logical.return = TRUE,  :
  there is no package called 'BSgenome.Hsapiens.UCSC.hg19'
Loading tumour file:clone_D
Slurping: results/readDepth/clone_D.bin1000000.wig
Parsing: fixedStep chrom=1 start=1 step=1000000 span=1000000
Parsing: fixedStep chrom=2 start=1 step=1000000 span=1000000
Parsing: fixedStep chrom=3 start=1 step=1000000 span=1000000
Parsing: fixedStep chrom=4 start=1 step=1000000 span=1000000
Parsing: fixedStep chrom=5 start=1 step=1000000 span=1000000
Parsing: fixedStep chrom=6 start=1 step=1000000 span=1000000
Parsing: fixedStep chrom=7 start=1 step=1000000 span=1000000
Parsing: fixedStep chrom=8 start=1 step=1000000 span=1000000
Parsing: fixedStep chrom=9 start=1 step=1000000 span=1000000
Parsing: fixedStep chrom=10 start=1 step=1000000 span=1000000
Parsing: fixedStep chrom=11 start=1 step=1000000 span=1000000
Parsing: fixedStep chrom=12 start=1 step=1000000 span=1000000
Parsing: fixedStep chrom=13 start=1 step=1000000 span=1000000
Parsing: fixedStep chrom=14 start=1 step=1000000 span=1000000
Parsing: fixedStep chrom=15 start=1 step=1000000 span=1000000
Parsing: fixedStep chrom=16 start=1 step=1000000 span=1000000
Parsing: fixedStep chrom=17 start=1 step=1000000 span=1000000
Parsing: fixedStep chrom=18 start=1 step=1000000 span=1000000
Parsing: fixedStep chrom=19 start=1 step=1000000 span=1000000
Parsing: fixedStep chrom=20 start=1 step=1000000 span=1000000
Parsing: fixedStep chrom=21 start=1 step=1000000 span=1000000
Parsing: fixedStep chrom=22 start=1 step=1000000 span=1000000
Parsing: fixedStep chrom=X start=1 step=1000000 span=1000000
Parsing: fixedStep chrom=Y start=1 step=1000000 span=1000000
Sorting by decreasing chromosome size
Reading GC and mappability files
Slurping: ../../inst/extdata/gc_hg19_1000kb.wig
Parsing: fixedStep chrom=1 start=1 step=1000000 span=1000000
Parsing: fixedStep chrom=2 start=1 step=1000000 span=1000000
Parsing: fixedStep chrom=3 start=1 step=1000000 span=1000000
Parsing: fixedStep chrom=4 start=1 step=1000000 span=1000000
Parsing: fixedStep chrom=5 start=1 step=1000000 span=1000000
Parsing: fixedStep chrom=6 start=1 step=1000000 span=1000000
Parsing: fixedStep chrom=7 start=1 step=1000000 span=1000000
Parsing: fixedStep chrom=8 start=1 step=1000000 span=1000000
Parsing: fixedStep chrom=9 start=1 step=1000000 span=1000000
Parsing: fixedStep chrom=10 start=1 step=1000000 span=1000000
Parsing: fixedStep chrom=11 start=1 step=1000000 span=1000000
Parsing: fixedStep chrom=12 start=1 step=1000000 span=1000000
Parsing: fixedStep chrom=13 start=1 step=1000000 span=1000000
Parsing: fixedStep chrom=14 start=1 step=1000000 span=1000000
Parsing: fixedStep chrom=15 start=1 step=1000000 span=1000000
Parsing: fixedStep chrom=16 start=1 step=1000000 span=1000000
Parsing: fixedStep chrom=17 start=1 step=1000000 span=1000000
Parsing: fixedStep chrom=18 start=1 step=1000000 span=1000000
Parsing: fixedStep chrom=19 start=1 step=1000000 span=1000000
Parsing: fixedStep chrom=20 start=1 step=1000000 span=1000000
Parsing: fixedStep chrom=21 start=1 step=1000000 span=1000000
Parsing: fixedStep chrom=22 start=1 step=1000000 span=1000000
Parsing: fixedStep chrom=X start=1 step=1000000 span=1000000
Parsing: fixedStep chrom=Y start=1 step=1000000 span=1000000
Sorting by decreasing chromosome size
Slurping: ../../inst/extdata/map_hg19_1000kb.wig
Parsing: fixedStep chrom=1 start=1 step=1000000 span=1000000
Parsing: fixedStep chrom=2 start=1 step=1000000 span=1000000
Parsing: fixedStep chrom=3 start=1 step=1000000 span=1000000
Parsing: fixedStep chrom=4 start=1 step=1000000 span=1000000
Parsing: fixedStep chrom=5 start=1 step=1000000 span=1000000
Parsing: fixedStep chrom=6 start=1 step=1000000 span=1000000
Parsing: fixedStep chrom=7 start=1 step=1000000 span=1000000
Parsing: fixedStep chrom=8 start=1 step=1000000 span=1000000
Parsing: fixedStep chrom=9 start=1 step=1000000 span=1000000
Parsing: fixedStep chrom=10 start=1 step=1000000 span=1000000
Parsing: fixedStep chrom=11 start=1 step=1000000 span=1000000
Parsing: fixedStep chrom=12 start=1 step=1000000 span=1000000
Parsing: fixedStep chrom=13 start=1 step=1000000 span=1000000
Parsing: fixedStep chrom=14 start=1 step=1000000 span=1000000
Parsing: fixedStep chrom=15 start=1 step=1000000 span=1000000
Parsing: fixedStep chrom=16 start=1 step=1000000 span=1000000
Parsing: fixedStep chrom=17 start=1 step=1000000 span=1000000
Parsing: fixedStep chrom=18 start=1 step=1000000 span=1000000
Parsing: fixedStep chrom=19 start=1 step=1000000 span=1000000
Parsing: fixedStep chrom=20 start=1 step=1000000 span=1000000
Parsing: fixedStep chrom=21 start=1 step=1000000 span=1000000
Parsing: fixedStep chrom=22 start=1 step=1000000 span=1000000
Parsing: fixedStep chrom=X start=1 step=1000000 span=1000000
Parsing: fixedStep chrom=Y start=1 step=1000000 span=1000000
Sorting by decreasing chromosome size
Correcting Tumour
Removed 97 bins near centromeres.
Applying filter on data...
Correcting for GC bias...
Correcting for mappability bias...
Filtering low uniqueness regions with mappability score < 0.75
Removed 4 bins near centromeres.
Determining gender...Gender female
Outputting to: results/ichorCNA/clone_D//clone_D.correctedDepth.txt
Warning message:
In regularize.values(x, y, ties, missing(ties), na.rm = na.rm) :
  collapsing to unique 'x' values
runEM: Initialization
runEM iter1: Expectation
runEM iter1: Maximization
Sample1 n=0.1061, sp=0.08095, phi=1.976, lambda=127.08,316.46,74.899,35.84,56.816,36.357,41.055, F=1496
runEM iter 1  Log likelihood: -42.494616502406
runEM iter1 Time: 0.049 min.
runEM iter2: Expectation
runEM iter2: Maximization
Sample1 n=0.05891, sp=0.2387, phi=1.961, lambda=217.07,406.36,221.73,156.79,57.076,69.94,55.702, F=2128
runEM iter 2  Log likelihood: 1926.38407607067
runEM iter2 Time: 0.032 min.
runEM iter3: Expectation
runEM iter3: Maximization
Sample1 n=0.04426, sp=0.2954, phi=1.958, lambda=236.21,404.69,355.3,155.92,57.056,69.755,149.14, F=2236
runEM iter 3  Log likelihood: 2192.34688027938
runEM iter3 Time: 0.029 min.
runEM iter4: Expectation
runEM iter4: Maximization
Sample1 n=0.0425, sp=0.3593, phi=1.957, lambda=242.41,410.35,386.62,155.03,57.012,63.771,163.87, F=2253
runEM iter 4  Log likelihood: 2247.00152982218
runEM iter4 Time: 0.021 min.
runEM iter5: Expectation
runEM iter5: Maximization
Sample1 n=0.04205, sp=0.4031, phi=1.958, lambda=242.77,418.32,399.25,155.31,57.022,57.44,170.43, F=2257
runEM iter 5  Log likelihood: 2257.50069864572
runEM iter5 Time: 0.026 min.
runEM iter6: Expectation
runEM iter6: Maximization
Sample1 n=0.04237, sp=0.4428, phi=1.959, lambda=241.92,426.96,404.99,156.22,57.032,50.364,165.68, F=2262
runEM iter 6  Log likelihood: 2265.03306790438
runEM iter6 Time: 0.026 min.
runEM iter7: Expectation
runEM iter7: Maximization
Sample1 n=0.04337, sp=0.5038, phi=1.961, lambda=240.77,446.07,409.36,158.12,57.036,39.798,158.95, F=2276
runEM iter 7  Log likelihood: 2275.75356250396
runEM iter7 Time: 0.029 min.
runEM iter8: Expectation
runEM iter8: Maximization
Sample1 n=0.04385, sp=0.5404, phi=1.963, lambda=239.01,459.64,411.57,159.12,57.034,34.416,156.54, F=2284
runEM iter 8  Log likelihood: 2287.38537874366
runEM iter8 Time: 0.03 min.
runEM iter9: Expectation
runEM iter9: Maximization
Sample1 n=0.04427, sp=0.5665, phi=1.964, lambda=237.08,470.49,410.55,159.85,57.033,31.253,157.16, F=2286
runEM iter 9  Log likelihood: 2292.41756731438
runEM iter9 Time: 0.034 min.
runEM iter10: Expectation
runEM iter10: Maximization
Sample1 n=0.04458, sp=0.5802, phi=1.964, lambda=235,475.08,409.24,160.2,57.033,30.076,157.6, F=2286
runEM iter 10  Log likelihood: 2294.86003068976
runEM iter10 Time: 0.027 min.
runEM iter11: Expectation
runEM iter11: Maximization
Sample1 n=0.04483, sp=0.5874, phi=1.964, lambda=233.1,476.81,408.28,160.39,57.033,29.812,158.06, F=2285
runEM iter 11  Log likelihood: 2294.77608214509
runEM iter11 Time: 0.028 min.
runEM iter10: Re-calculating responsibilties from converged parameters.
runEM: Using optimal parameters from iter10
runEM: Total elapsed time: 0.33min.
runViterbi: Segmenting and classifying
runEM: Initialization
runEM iter1: Expectation
runEM iter1: Maximization
Sample1 n=0.4012, sp=0.4373, phi=2.856, lambda=148.67,47.842,247.92,26.5,58.044,33.538,48.459, F=977.6
runEM iter 1  Log likelihood: -200.971537866828
runEM iter1 Time: 0.059 min.
runEM iter2: Expectation
runEM iter2: Maximization
Sample1 n=0.3639, sp=0.5318, phi=2.901, lambda=222.07,56.335,398.85,115.82,299.18,95.69,58.224, F=1779
runEM iter 2  Log likelihood: 1496.05369248997
runEM iter2 Time: 0.036 min.
runEM iter3: Expectation
runEM iter3: Maximization
Sample1 n=0.3669, sp=0.4217, phi=2.916, lambda=237.44,54.277,435.09,152.91,315.41,82.17,58.387, F=1845
runEM iter 3  Log likelihood: 1826.06590037487
runEM iter3 Time: 0.022 min.
runEM iter4: Expectation
runEM iter4: Maximization
Sample1 n=0.3658, sp=0.3548, phi=2.921, lambda=250.73,55.393,446.39,159.21,320.94,100.21,59.834, F=1877
runEM iter 4  Log likelihood: 1870.39311994182
runEM iter4 Time: 0.024 min.
runEM iter5: Expectation
runEM iter5: Maximization
Sample1 n=0.3659, sp=0.3301, phi=2.922, lambda=254.66,56.221,446.88,161.53,323.47,109.13,62.317, F=1882
runEM iter 5  Log likelihood: 1880.96563071461
runEM iter5 Time: 0.02 min.
runEM iter6: Expectation
runEM iter6: Maximization
Sample1 n=0.3639, sp=0.2938, phi=2.923, lambda=261.47,56.415,446.38,162.86,324.67,131.33,66.583, F=1890
runEM iter 6  Log likelihood: 1888.26428648376
runEM iter6 Time: 0.022 min.
runEM iter7: Expectation
runEM iter7: Maximization
Sample1 n=0.3625, sp=0.2722, phi=2.923, lambda=268.54,56.42,446.11,163.9,325.4,150.25,77.071, F=1896
runEM iter 7  Log likelihood: 1895.14353915079
runEM iter7 Time: 0.022 min.
runEM iter8: Expectation
runEM iter8: Maximization
Sample1 n=0.3622, sp=0.2647, phi=2.923, lambda=272.21,56.682,448.42,164.6,325.64,157.99,105.14, F=1899
runEM iter 8  Log likelihood: 1900.48141684705
runEM iter8 Time: 0.02 min.
runEM iter9: Expectation
runEM iter9: Maximization
Sample1 n=0.3617, sp=0.2625, phi=2.921, lambda=275.27,57.961,454.69,164.92,325.83,164.58,147.84, F=1908
runEM iter 9  Log likelihood: 1910.97502248251
runEM iter9 Time: 0.02 min.
runEM iter10: Expectation
runEM iter10: Maximization
Sample1 n=0.3611, sp=0.26, phi=2.921, lambda=278.44,60.45,457.3,165.03,325.96,169.9,177.28, F=1915
runEM iter 10  Log likelihood: 1920.18094931491
runEM iter10 Time: 0.028 min.
runEM iter11: Expectation
runEM iter11: Maximization
Sample1 n=0.3605, sp=0.2558, phi=2.92, lambda=282.33,64.738,457.24,165,326.28,176.49,190.28, F=1919
runEM iter 11  Log likelihood: 1926.14312374044
runEM iter11 Time: 0.022 min.
runEM iter12: Expectation
runEM iter12: Maximization
Sample1 n=0.3598, sp=0.2526, phi=2.92, lambda=286.56,71.18,457.27,164.88,326.65,184.86,195.59, F=1921
runEM iter 12  Log likelihood: 1929.64118918436
runEM iter12 Time: 0.021 min.
runEM iter13: Expectation
runEM iter13: Maximization
Sample1 n=0.3591, sp=0.25, phi=2.92, lambda=290.85,77.727,457.64,164.52,327.01,194,198.87, F=1921
runEM iter 13  Log likelihood: 1932.06218470848
runEM iter13 Time: 0.019 min.
runEM iter14: Expectation
runEM iter14: Maximization
Sample1 n=0.3583, sp=0.248, phi=2.921, lambda=295.52,81.659,458.07,163.93,327.4,202.31,201.34, F=1921
runEM iter 14  Log likelihood: 1934.26668932402
runEM iter14 Time: 0.028 min.
runEM iter15: Expectation
runEM iter15: Maximization
Sample1 n=0.3575, sp=0.2463, phi=2.921, lambda=300.89,83.266,458.8,163.01,327.85,209.45,202.84, F=1921
runEM iter 15  Log likelihood: 1936.37867454868
runEM iter15 Time: 0.027 min.
runEM iter16: Expectation
runEM iter16: Maximization
Sample1 n=0.3566, sp=0.2446, phi=2.921, lambda=307.01,83.714,460.21,161.11,328.45,215.86,202.71, F=1922
runEM iter 16  Log likelihood: 1938.65793765894
runEM iter16 Time: 0.02 min.
runEM iter17: Expectation
runEM iter17: Maximization
Sample1 n=0.3557, sp=0.2427, phi=2.922, lambda=313.32,83.67,463.69,156.43,329.49,221.85,200.28, F=1924
runEM iter 17  Log likelihood: 1942.50971720777
runEM iter17 Time: 0.02 min.
runEM iter18: Expectation
runEM iter18: Maximization
Sample1 n=0.3548, sp=0.2403, phi=2.923, lambda=318.73,83.046,467.87,150.79,331.09,226.73,198.31, F=1929
runEM iter 18  Log likelihood: 1948.22641546377
runEM iter18 Time: 0.018 min.
runEM iter19: Expectation
runEM iter19: Maximization
Sample1 n=0.3538, sp=0.2367, phi=2.924, lambda=322.49,81.611,469.28,148.5,332.49,229.29,197.7, F=1932
runEM iter 19  Log likelihood: 1952.26352066236
runEM iter19 Time: 0.019 min.
runEM iter20: Expectation
runEM iter20: Maximization
Sample1 n=0.3526, sp=0.2311, phi=2.925, lambda=324.74,79.645,469.73,147.62,333.29,230.25,197.3, F=1935
runEM iter 20  Log likelihood: 1955.51323100213
runEM iter20 Time: 0.017 min.
runEM iter21: Expectation
runEM iter21: Maximization
Sample1 n=0.3509, sp=0.223, phi=2.925, lambda=325.86,76.448,470.03,147.11,333.85,230.88,197.08, F=1939
runEM iter 21  Log likelihood: 1959.1735147965
runEM iter21 Time: 0.017 min.
runEM iter22: Expectation
runEM iter22: Maximization
Sample1 n=0.3484, sp=0.2113, phi=2.926, lambda=325.06,68.075,470.36,146.63,334.37,233.41,197.42, F=1945
runEM iter 22  Log likelihood: 1964.42499660171
runEM iter22 Time: 0.017 min.
runEM iter23: Expectation
runEM iter23: Maximization
Sample1 n=0.3444, sp=0.1937, phi=2.927, lambda=320.45,52.24,470.79,146.07,334.86,247.22,201.76, F=1965
runEM iter 23  Log likelihood: 1976.74139800509
runEM iter23 Time: 0.02 min.
runEM iter24: Expectation
runEM iter24: Maximization
Sample1 n=0.3431, sp=0.1811, phi=2.928, lambda=316.55,49.082,471.17,146.28,335.63,250.04,201.52, F=1981
runEM iter 24  Log likelihood: 1989.77462529844
runEM iter24 Time: 0.017 min.
runEM iter25: Expectation
runEM iter25: Maximization
Sample1 n=0.343, sp=0.1727, phi=2.929, lambda=311.92,48.388,471.98,146.69,336.11,247.21,200.45, F=1995
runEM iter 25  Log likelihood: 1999.83977540921
runEM iter25 Time: 0.019 min.
runEM iter26: Expectation
runEM iter26: Maximization
Sample1 n=0.344, sp=0.1683, phi=2.929, lambda=307.02,47.928,472.51,147.04,336.19,247.9,200.44, F=2003
runEM iter 26  Log likelihood: 2004.74167373946
runEM iter26 Time: 0.023 min.
runEM iter27: Expectation
runEM iter27: Maximization
Sample1 n=0.345, sp=0.1663, phi=2.929, lambda=303.65,47.667,472.8,147.33,336.06,248.12,200.78, F=2007
runEM iter 27  Log likelihood: 2007.17202157003
runEM iter27 Time: 0.019 min.
runEM iter28: Expectation
runEM iter28: Maximization
Sample1 n=0.3455, sp=0.1654, phi=2.929, lambda=303.65,47.666,472.8,147.33,336.06,248.12,200.78, F=2010
runEM iter 28  Log likelihood: 2009.09931410683
runEM iter28 Time: 0.013 min.
runEM iter28: Re-calculating responsibilties from converged parameters.
runEM: Using optimal parameters from iter28
runEM: Total elapsed time: 0.63min.
runViterbi: Segmenting and classifying
runEM: Initialization
runEM iter1: Expectation
runEM iter1: Maximization
Sample1 n=0.1472, sp=0.02348, phi=1.983, lambda=104.08,297.69,47.795,33.641,56.099,51.165,21.668, F=1311
runEM iter 1  Log likelihood: -121.485019715901
runEM iter1 Time: 0.058 min.
runEM iter2: Expectation
runEM iter2: Maximization
Sample1 n=0.06594, sp=0.008243, phi=1.961, lambda=232.93,414.3,199.84,136.17,57.076,104.59,44.71, F=2143
runEM iter 2  Log likelihood: 1809.89187129848
runEM iter2 Time: 0.039 min.
runEM iter3: Expectation
runEM iter3: Maximization
Sample1 n=0.05195, sp=0.01269, phi=1.96, lambda=276.7,401.37,249.54,161.1,57.062,115.81,54.062, F=2203
runEM iter 3  Log likelihood: 2192.88785646694
runEM iter3 Time: 0.029 min.
runEM iter4: Expectation
runEM iter4: Maximization
Sample1 n=0.04668, sp=0.02469, phi=1.958, lambda=291.87,397.83,344.85,158.15,57.057,123.07,66.861, F=2243
runEM iter 4  Log likelihood: 2237.09494369398
runEM iter4 Time: 0.026 min.
runEM iter5: Expectation
runEM iter5: Maximization
Sample1 n=0.04151, sp=0.04106, phi=1.959, lambda=290.33,401.39,374.62,155.27,57.041,125.03,71.206, F=2257
runEM iter 5  Log likelihood: 2258.92543054102
runEM iter5 Time: 0.03 min.
runEM iter6: Expectation
runEM iter6: Maximization
Sample1 n=0.03418, sp=0.06601, phi=1.961, lambda=289.67,403.33,390.48,151.58,57.036,144.07,81.296, F=2275
runEM iter 6  Log likelihood: 2270.86079272407
runEM iter6 Time: 0.034 min.
runEM iter7: Expectation
runEM iter7: Maximization
Sample1 n=0.02275, sp=0.08383, phi=1.963, lambda=302.6,403.94,401.71,144.79,57.02,183.11,88.097, F=2303
runEM iter 7  Log likelihood: 2291.93980304141
runEM iter7 Time: 0.029 min.
runEM iter8: Expectation
runEM iter8: Maximization
Sample1 n=0.01814, sp=0.09105, phi=1.963, lambda=301.26,403.21,406.16,141.71,57.013,195.52,92.035, F=2311
runEM iter 8  Log likelihood: 2309.11668328891
runEM iter8 Time: 0.03 min.
runEM iter9: Expectation
runEM iter9: Maximization
Sample1 n=0.01624, sp=0.0933, phi=1.963, lambda=300.56,402.94,407.82,140.35,57.009,199.03,94.47, F=2312
runEM iter 9  Log likelihood: 2312.64936079363
runEM iter9 Time: 0.021 min.
runEM iter10: Expectation
runEM iter10: Maximization
Sample1 n=0.01555, sp=0.09387, phi=1.963, lambda=300.49,402.83,408.49,139.88,57.008,200.03,96.08, F=2313
runEM iter 10  Log likelihood: 2313.43601917269
runEM iter10 Time: 0.02 min.
runEM iter10: Re-calculating responsibilties from converged parameters.
runEM: Using optimal parameters from iter10
runEM: Total elapsed time: 0.32min.
runViterbi: Segmenting and classifying
runEM: Initialization
runEM iter1: Expectation
runEM iter1: Maximization
Sample1 n=0.4079, sp=0.3007, phi=2.853, lambda=125.54,52.322,236.02,26.123,58.294,21.635,30.915, F=864.9
runEM iter 1  Log likelihood: -404.553757138938
runEM iter1 Time: 0.049 min.
runEM iter2: Expectation
runEM iter2: Maximization
Sample1 n=0.3645, sp=0.5211, phi=2.901, lambda=220.94,56.467,397.16,118.63,298.81,91.791,54.895, F=1777
runEM iter 2  Log likelihood: 1454.08268022233
runEM iter2 Time: 0.036 min.
runEM iter3: Expectation
runEM iter3: Maximization
Sample1 n=0.3662, sp=0.3988, phi=2.915, lambda=238.57,54.392,434.14,154.33,315.52,83.982,57.999, F=1847
runEM iter 3  Log likelihood: 1827.20329970638
runEM iter3 Time: 0.02 min.
runEM iter4: Expectation
runEM iter4: Maximization
Sample1 n=0.3658, sp=0.3522, phi=2.921, lambda=250.75,55.387,445.78,160.09,320.79,101.05,59.92, F=1877
runEM iter 4  Log likelihood: 1870.67006172371
runEM iter4 Time: 0.021 min.
runEM iter5: Expectation
runEM iter5: Maximization
Sample1 n=0.3658, sp=0.3272, phi=2.922, lambda=254.83,56.21,446.59,162.07,323.38,110.29,62.629, F=1882
runEM iter 5  Log likelihood: 1881.06342318357
runEM iter5 Time: 0.018 min.
runEM iter6: Expectation
runEM iter6: Maximization
Sample1 n=0.3636, sp=0.2901, phi=2.923, lambda=262.22,56.407,446.21,163.19,324.7,134.24,67.365, F=1891
runEM iter 6  Log likelihood: 1888.97488283875
runEM iter6 Time: 0.019 min.
runEM iter7: Expectation
runEM iter7: Maximization
Sample1 n=0.3625, sp=0.271, phi=2.923, lambda=268.78,56.418,446.14,164.14,325.38,151.1,79.541, F=1896
runEM iter 7  Log likelihood: 1895.53718695807
runEM iter7 Time: 0.028 min.
runEM iter8: Expectation
runEM iter8: Maximization
Sample1 n=0.3622, sp=0.2641, phi=2.922, lambda=272.33,56.77,449.1,164.73,325.64,158.88,110.44, F=1900
runEM iter 8  Log likelihood: 1901.68806865539
runEM iter8 Time: 0.02 min.
runEM iter9: Expectation
runEM iter9: Maximization
Sample1 n=0.3617, sp=0.2623, phi=2.921, lambda=275.3,58.172,455.38,165.01,325.8,165.01,153.31, F=1909
runEM iter 9  Log likelihood: 1912.35850049549
runEM iter9 Time: 0.026 min.
runEM iter10: Expectation
runEM iter10: Maximization
Sample1 n=0.3611, sp=0.2593, phi=2.92, lambda=278.49,60.807,457.3,165.08,325.96,170.27,179.86, F=1916
runEM iter 10  Log likelihood: 1921.10716101845
runEM iter10 Time: 0.022 min.
runEM iter11: Expectation
runEM iter11: Maximization
Sample1 n=0.3604, sp=0.2553, phi=2.92, lambda=282.47,65.317,457.2,165.04,326.29,176.97,191.35, F=1920
runEM iter 11  Log likelihood: 1926.64118069525
runEM iter11 Time: 0.021 min.
runEM iter12: Expectation
runEM iter12: Maximization
Sample1 n=0.3597, sp=0.2522, phi=2.92, lambda=286.69,71.909,457.29,164.87,326.66,185.51,196.13, F=1921
runEM iter 12  Log likelihood: 1929.89467163494
runEM iter12 Time: 0.02 min.
runEM iter13: Expectation
runEM iter13: Maximization
Sample1 n=0.359, sp=0.2498, phi=2.92, lambda=291.01,78.251,457.68,164.49,327.03,194.61,199.33, F=1921
runEM iter 13  Log likelihood: 1932.23986297367
runEM iter13 Time: 0.021 min.
runEM iter14: Expectation
runEM iter14: Maximization
Sample1 n=0.3583, sp=0.2478, phi=2.921, lambda=295.72,81.926,458.18,163.89,327.42,202.75,201.76, F=1921
runEM iter 14  Log likelihood: 1934.43295870541
runEM iter14 Time: 0.018 min.
runEM iter15: Expectation
runEM iter15: Maximization
Sample1 n=0.3575, sp=0.2461, phi=2.921, lambda=301.15,83.354,458.9,162.93,327.88,209.8,203.11, F=1921
runEM iter 15  Log likelihood: 1936.5415396158
runEM iter15 Time: 0.025 min.
runEM iter16: Expectation
runEM iter16: Maximization
Sample1 n=0.3566, sp=0.2445, phi=2.921, lambda=307.31,83.735,460.36,160.92,328.5,216.16,202.8, F=1922
runEM iter 16  Log likelihood: 1938.84862423437
runEM iter16 Time: 0.018 min.
runEM iter17: Expectation
runEM iter17: Maximization
Sample1 n=0.3556, sp=0.2425, phi=2.922, lambda=313.62,83.655,464,156.03,329.58,222.13,200.23, F=1924
runEM iter 17  Log likelihood: 1942.86252137178
runEM iter17 Time: 0.019 min.
runEM iter18: Expectation
runEM iter18: Maximization
Sample1 n=0.3548, sp=0.2401, phi=2.924, lambda=318.96,82.978,468.03,150.57,331.19,226.9,198.36, F=1929
runEM iter 18  Log likelihood: 1948.55352071286
runEM iter18 Time: 0.021 min.
runEM iter19: Expectation
runEM iter19: Maximization
Sample1 n=0.3538, sp=0.2363, phi=2.924, lambda=322.64,81.503,469.32,148.42,332.55,229.34,197.74, F=1932
runEM iter 19  Log likelihood: 1952.49170581009
runEM iter19 Time: 0.019 min.
runEM iter20: Expectation
runEM iter20: Maximization
Sample1 n=0.3525, sp=0.2306, phi=2.925, lambda=324.82,79.489,469.75,147.58,333.33,230.26,197.32, F=1935
runEM iter 20  Log likelihood: 1955.75401978051
runEM iter20 Time: 0.017 min.
runEM iter21: Expectation
runEM iter21: Maximization
Sample1 n=0.3508, sp=0.2223, phi=2.925, lambda=325.87,76.114,470.05,147.08,333.89,230.92,197.11, F=1939
runEM iter 21  Log likelihood: 1959.47493292495
runEM iter21 Time: 0.016 min.
runEM iter22: Expectation
runEM iter22: Maximization
Sample1 n=0.3482, sp=0.2102, phi=2.926, lambda=324.82,67.039,470.39,146.59,334.41,233.88,197.56, F=1946
runEM iter 22  Log likelihood: 1964.98198826586
runEM iter22 Time: 0.017 min.
runEM iter23: Expectation
runEM iter23: Maximization
Sample1 n=0.3442, sp=0.1926, phi=2.927, lambda=320.17,51.624,470.82,146.05,334.9,248.21,202.09, F=1966
runEM iter 23  Log likelihood: 1977.92204557368
runEM iter23 Time: 0.02 min.
runEM iter24: Expectation
runEM iter24: Maximization
Sample1 n=0.343, sp=0.1803, phi=2.928, lambda=316.14,49.018,471.21,146.31,335.68,249.84,201.44, F=1982
runEM iter 24  Log likelihood: 1990.5649912647
runEM iter24 Time: 0.018 min.
runEM iter25: Expectation
runEM iter25: Maximization
Sample1 n=0.3431, sp=0.1723, phi=2.929, lambda=311.58,48.35,472.02,146.72,336.12,247.19,200.51, F=1996
runEM iter 25  Log likelihood: 2000.40248023982
runEM iter25 Time: 0.021 min.
runEM iter26: Expectation
runEM iter26: Maximization
Sample1 n=0.3441, sp=0.1681, phi=2.929, lambda=306.7,47.904,472.54,147.06,336.19,247.99,200.53, F=2003
runEM iter 26  Log likelihood: 2004.95773596288
runEM iter26 Time: 0.022 min.
runEM iter27: Expectation
runEM iter27: Maximization
Sample1 n=0.345, sp=0.1662, phi=2.929, lambda=303.49,47.654,472.81,147.35,336.05,248.11,200.92, F=2007
runEM iter 27  Log likelihood: 2007.33142940544
runEM iter27 Time: 0.023 min.
runEM iter28: Expectation
runEM iter28: Maximization
Sample1 n=0.3456, sp=0.1654, phi=2.929, lambda=303.49,47.654,472.81,147.35,336.05,248.11,200.92, F=2010
runEM iter 28  Log likelihood: 2009.23928475799
runEM iter28 Time: 0.012 min.
runEM iter28: Re-calculating responsibilties from converged parameters.
runEM: Using optimal parameters from iter28
runEM: Total elapsed time: 0.61min.
runViterbi: Segmenting and classifying
runEM: Initialization
runEM iter1: Expectation
runEM iter1: Maximization
Sample1 n=0.397, sp=0.006473, phi=1.995, lambda=19.119,292.07,32.435,142.96,54.211,13.415,5.2977, F=933.8
runEM iter 1  Log likelihood: -207.802204315762
runEM iter1 Time: 0.088 min.
runEM iter2: Expectation
runEM iter2: Maximization
Sample1 n=0.3651, sp=0.001668, phi=1.989, lambda=21.13,451.85,89.114,144.05,79.904,17.205,56.639, F=1543
runEM iter 2  Log likelihood: 1425.92123606542
runEM iter2 Time: 0.081 min.
runEM iter3: Expectation
runEM iter3: Maximization
Sample1 n=0.3452, sp=0.001468, phi=1.988, lambda=24.125,460.12,92.617,120.15,71.517,19.415,46.842, F=1559
runEM iter 3  Log likelihood: 1565.6412358234
runEM iter3 Time: 0.06 min.
runEM iter4: Expectation
runEM iter4: Maximization
Sample1 n=0.3002, sp=0.001409, phi=1.989, lambda=34.371,459.4,88.631,82.937,58.866,25.545,37.89, F=1586
runEM iter 4  Log likelihood: 1580.72880888422
runEM iter4 Time: 0.06 min.
runEM iter5: Expectation
runEM iter5: Maximization
Sample1 n=0.1594, sp=0.001409, phi=1.981, lambda=137.19,463.9,99.899,36.125,57.093,80.16,30.323, F=1804
runEM iter 5  Log likelihood: 1605.46730329174
runEM iter5 Time: 0.044 min.
runEM iter6: Expectation
runEM iter6: Maximization
Sample1 n=0.06661, sp=0.004457, phi=1.964, lambda=194.32,431.53,200.81,152.94,57.03,173.73,25.634, F=2132
runEM iter 6  Log likelihood: 1905.91330573353
runEM iter6 Time: 0.036 min.
runEM iter7: Expectation
runEM iter7: Maximization
Sample1 n=0.05015, sp=0.006608, phi=1.961, lambda=104.83,403.69,259.34,160.74,57.06,200.35,40.94, F=2153
runEM iter 7  Log likelihood: 2141.89214091502
runEM iter7 Time: 0.03 min.
runEM iter8: Expectation
runEM iter8: Maximization
Sample1 n=0.04428, sp=0.01079, phi=1.959, lambda=62.499,400.29,357.7,157.09,57.055,204.59,58.189, F=2186
runEM iter 8  Log likelihood: 2180.19541884813
runEM iter8 Time: 0.031 min.
runEM iter9: Expectation
runEM iter9: Maximization
Sample1 n=0.03944, sp=0.01321, phi=1.959, lambda=27.667,400.56,380.89,153.86,57.044,216.56,63.246, F=2202
runEM iter 9  Log likelihood: 2201.16485388267
runEM iter9 Time: 0.033 min.
runEM iter10: Expectation
runEM iter10: Maximization
Sample1 n=0.03624, sp=0.01509, phi=1.959, lambda=23.162,401.04,391.09,152.03,57.046,223.63,67.791, F=2212
runEM iter 10  Log likelihood: 2213.50232396879
runEM iter10 Time: 0.024 min.
runEM iter11: Expectation
runEM iter11: Maximization
Sample1 n=0.03448, sp=0.01685, phi=1.96, lambda=22.761,401.18,396.08,150.93,57.046,224.42,71.576, F=2214
runEM iter 11  Log likelihood: 2217.11909921792
runEM iter11 Time: 0.023 min.
runEM iter12: Expectation
runEM iter12: Maximization
Sample1 n=0.03305, sp=0.01841, phi=1.96, lambda=22.538,401.36,398.95,150.07,57.045,224.7,74.658, F=2216
runEM iter 12  Log likelihood: 2218.85605764991
runEM iter12 Time: 0.022 min.
runEM iter12: Re-calculating responsibilties from converged parameters.
runEM: Using optimal parameters from iter12
runEM: Total elapsed time: 0.53min.
runViterbi: Segmenting and classifying
runEM: Initialization
runEM iter1: Expectation
runEM iter1: Maximization
Sample1 n=0.4137, sp=0.1476, phi=2.85, lambda=114.25,38.267,227.19,25.478,57.155,33.871,8.165, F=780.9
runEM iter 1  Log likelihood: -633.040739014065
runEM iter1 Time: 0.053 min.
runEM iter2: Expectation
runEM iter2: Maximization
Sample1 n=0.3654, sp=0.3655, phi=2.9, lambda=223.02,56.443,395.72,120.99,297.86,56.645,55.9, F=1767
runEM iter 2  Log likelihood: 1416.61627000326
runEM iter2 Time: 0.037 min.
runEM iter3: Expectation
runEM iter3: Maximization
Sample1 n=0.3644, sp=0.36, phi=2.916, lambda=248.09,56.104,434.25,158.03,315.82,96.578,59.797, F=1870
runEM iter 3  Log likelihood: 1847.24743949377
runEM iter3 Time: 0.023 min.
runEM iter4: Expectation
runEM iter4: Maximization
Sample1 n=0.3659, sp=0.3328, phi=2.921, lambda=250.92,56.42,444.65,162.83,320.55,104.04,63.38, F=1882
runEM iter 4  Log likelihood: 1876.48694738483
runEM iter4 Time: 0.019 min.
runEM iter5: Expectation
runEM iter5: Maximization
Sample1 n=0.3649, sp=0.2977, phi=2.922, lambda=255.54,56.484,446.26,163.37,323.47,122.95,70.292, F=1889
runEM iter 5  Log likelihood: 1886.02504919793
runEM iter5 Time: 0.02 min.
runEM iter6: Expectation
runEM iter6: Maximization
Sample1 n=0.3631, sp=0.2696, phi=2.922, lambda=262.36,56.452,447.18,163.9,324.9,147.81,89.428, F=1898
runEM iter 6  Log likelihood: 1894.86218048862
runEM iter6 Time: 0.021 min.
runEM iter7: Expectation
runEM iter7: Maximization
Sample1 n=0.363, sp=0.2615, phi=2.921, lambda=265.25,56.724,451.82,164.65,325.34,156.69,127.84, F=1906
runEM iter 7  Log likelihood: 1904.64249250696
runEM iter7 Time: 0.019 min.
runEM iter8: Expectation
runEM iter8: Maximization
Sample1 n=0.3628, sp=0.2603, phi=2.92, lambda=267.17,57.941,456.83,165.18,325.3,160.09,166.82, F=1914
runEM iter 8  Log likelihood: 1914.53205804895
runEM iter8 Time: 0.018 min.
runEM iter9: Expectation
runEM iter9: Maximization
Sample1 n=0.3624, sp=0.2564, phi=2.92, lambda=269.15,60.071,457.25,165.38,325.42,162.96,186.34, F=1919
runEM iter 9  Log likelihood: 1921.4682391801
runEM iter9 Time: 0.021 min.
runEM iter10: Expectation
runEM iter10: Maximization
Sample1 n=0.362, sp=0.2531, phi=2.919, lambda=271.55,63.732,457.16,165.45,325.66,167.02,194.56, F=1922
runEM iter 10  Log likelihood: 1925.22345856994
runEM iter10 Time: 0.018 min.
runEM iter11: Expectation
runEM iter11: Maximization
Sample1 n=0.3615, sp=0.251, phi=2.919, lambda=274.46,69.106,457.29,165.43,325.92,173.07,198.83, F=1922
runEM iter 11  Log likelihood: 1927.09613027239
runEM iter11 Time: 0.018 min.
runEM iter11: Re-calculating responsibilties from converged parameters.
runEM: Using optimal parameters from iter11
runEM: Total elapsed time: 0.27min.
runViterbi: Segmenting and classifying
runEM: Initialization
runEM iter1: Expectation
runEM iter1: Maximization
Sample1 n=0.6045, sp=0.007883, phi=2.049, lambda=15.199,264.4,43.691,63.554,37.727,6.9942,2.753, F=601.3
runEM iter 1  Log likelihood: -258.687269455255
runEM iter1 Time: 0.097 min.
runEM iter2: Expectation
runEM iter2: Maximization
Sample1 n=0.5418, sp=0.002679, phi=1.98, lambda=18.356,479.47,82.475,132.07,93.002,8.1912,55.927, F=1302
runEM iter 2  Log likelihood: 1093.89863600609
runEM iter2 Time: 0.13 min.
runEM iter3: Expectation
runEM iter3: Maximization
Sample1 n=0.4461, sp=0.002095, phi=1.974, lambda=35.176,488.01,108.18,287.87,70.818,11.582,59.443, F=1489
runEM iter 3  Log likelihood: 1381.35346086021
runEM iter3 Time: 0.044 min.
runEM iter4: Expectation
runEM iter4: Maximization
Sample1 n=0.4401, sp=0.001734, phi=1.977, lambda=53.326,474.01,121.64,318.54,158.76,12.003,59.893, F=1531
runEM iter 4  Log likelihood: 1541.04424910616
runEM iter4 Time: 0.066 min.
runEM iter5: Expectation
runEM iter5: Maximization
Sample1 n=0.4387, sp=0.001734, phi=1.979, lambda=65.207,471.31,127.19,318.15,163.47,12.05,60.664, F=1534
runEM iter 5  Log likelihood: 1550.38919932765
runEM iter5 Time: 0.058 min.
runEM iter6: Expectation
runEM iter6: Maximization
Sample1 n=0.4376, sp=0.001734, phi=1.98, lambda=68.549,470.87,132.5,316.01,164.11,12.055,61.656, F=1537
runEM iter 6  Log likelihood: 1553.56937551485
runEM iter6 Time: 0.039 min.
runEM iter7: Expectation
runEM iter7: Maximization
Sample1 n=0.4367, sp=0.001734, phi=1.98, lambda=70.172,471.45,145.41,313.87,164.82,12.07,63.104, F=1543
runEM iter 7  Log likelihood: 1558.56099203939
runEM iter7 Time: 0.049 min.
runEM iter8: Expectation
runEM iter8: Maximization
Sample1 n=0.4363, sp=0.001734, phi=1.98, lambda=70.718,473.25,173.81,313.31,165.26,12.09,67.786, F=1552
runEM iter 8  Log likelihood: 1566.17138476779
runEM iter8 Time: 0.047 min.
runEM iter9: Expectation
runEM iter9: Maximization
Sample1 n=0.4363, sp=0.001734, phi=1.981, lambda=70.998,476.48,209.83,314.82,165.4,12.098,72.845, F=1557
runEM iter 9  Log likelihood: 1572.03184292636
runEM iter9 Time: 0.036 min.
runEM iter10: Expectation
runEM iter10: Maximization
Sample1 n=0.4361, sp=0.00176, phi=1.981, lambda=71.141,479.13,232.43,315.62,165.44,12.111,76.163, F=1558
runEM iter 10  Log likelihood: 1575.13496895702
runEM iter10 Time: 0.048 min.
runEM iter11: Expectation
runEM iter11: Maximization
Sample1 n=0.4358, sp=0.001788, phi=1.982, lambda=71.251,480.25,243.82,314.86,165.66,12.128,77.902, F=1558
runEM iter 11  Log likelihood: 1576.25454750606
runEM iter11 Time: 0.049 min.
runEM iter11: Re-calculating responsibilties from converged parameters.
runEM: Using optimal parameters from iter11
runEM: Total elapsed time: 0.66min.
runViterbi: Segmenting and classifying
runEM: Initialization
runEM iter1: Expectation
runEM iter1: Maximization
Sample1 n=0.4024, sp=0.1159, phi=2.813, lambda=52.919,15.508,199.05,27.227,40.334,60.189,3.6693, F=586
runEM iter 1  Log likelihood: -754.142555329626
runEM iter1 Time: 0.058 min.
runEM iter2: Expectation
runEM iter2: Maximization
Sample1 n=0.3549, sp=0.08114, phi=2.898, lambda=253.08,56.217,390.33,117.69,302.94,116.81,56.263, F=1810
runEM iter 2  Log likelihood: 1317.8428853781
runEM iter2 Time: 0.031 min.
runEM iter3: Expectation
runEM iter3: Maximization
Sample1 n=0.3524, sp=0.1115, phi=2.922, lambda=296.43,49.795,433.12,160.96,318.55,198.97,63.928, F=1930
runEM iter 3  Log likelihood: 1893.90456679238
runEM iter3 Time: 0.021 min.
runEM iter4: Expectation
runEM iter4: Maximization
Sample1 n=0.3496, sp=0.1325, phi=2.93, lambda=310.41,50.405,445.67,162.79,324.51,216.83,73.156, F=1950
runEM iter 4  Log likelihood: 1945.48926865094
runEM iter4 Time: 0.019 min.
runEM iter5: Expectation
runEM iter5: Maximization
Sample1 n=0.3477, sp=0.1458, phi=2.931, lambda=309.39,50.068,455.51,162.97,329.46,228.45,82.371, F=1967
runEM iter 5  Log likelihood: 1965.97184665187
runEM iter5 Time: 0.018 min.
runEM iter6: Expectation
runEM iter6: Maximization
Sample1 n=0.3463, sp=0.1537, phi=2.93, lambda=305.27,49.382,463.33,163.45,331.01,241.87,108.27, F=1988
runEM iter 6  Log likelihood: 1986.95587835995
runEM iter6 Time: 0.018 min.
runEM iter7: Expectation
runEM iter7: Maximization
Sample1 n=0.3452, sp=0.1578, phi=2.929, lambda=302.68,48.786,467.96,163.25,331.48,251.99,133.53, F=2002
runEM iter 7  Log likelihood: 2000.47127553329
runEM iter7 Time: 0.022 min.
runEM iter8: Expectation
runEM iter8: Maximization
Sample1 n=0.3442, sp=0.1595, phi=2.929, lambda=302.16,48.423,468.7,162.85,331.78,258.44,139.53, F=2004
runEM iter 8  Log likelihood: 2003.28269812031
runEM iter8 Time: 0.024 min.
runEM iter9: Expectation
runEM iter9: Maximization
Sample1 n=0.3431, sp=0.1603, phi=2.929, lambda=302.51,48.27,469.35,162.47,332.03,264.93,141.49, F=2004
runEM iter 9  Log likelihood: 2004.04273499017
runEM iter9 Time: 0.023 min.
runEM iter9: Re-calculating responsibilties from converged parameters.
runEM: Using optimal parameters from iter9
runEM: Total elapsed time: 0.24min.
runViterbi: Segmenting and classifying
runEM: Initialization
runEM iter1: Expectation
runEM iter1: Maximization
Sample1 n=0.7744, sp=0.01491, phi=2.114, lambda=19.179,232.47,86.52,16.035,2.2676,4.7363,2.705, F=248.5
runEM iter 1  Log likelihood: -358.673303581215
runEM iter1 Time: 0.085 min.
runEM iter2: Expectation
runEM iter2: Maximization
Sample1 n=0.5616, sp=0.00383, phi=2, lambda=46.201,521.61,65.606,123.98,55.606,7.8208,42.285, F=1155
runEM iter 2  Log likelihood: 645.312545712734
runEM iter2 Time: 0.078 min.
runEM iter3: Expectation
runEM iter3: Maximization
Sample1 n=0.4643, sp=0.002113, phi=1.977, lambda=59.122,500.37,74.956,231.17,64.598,10.878,57.739, F=1421
runEM iter 3  Log likelihood: 1326.87188100603
runEM iter3 Time: 0.079 min.
runEM iter4: Expectation
runEM iter4: Maximization
Sample1 n=0.4358, sp=0.00176, phi=1.978, lambda=66.316,481.99,110.26,303.45,161.91,12.146,58.907, F=1525
runEM iter 4  Log likelihood: 1519.28230604993
runEM iter4 Time: 0.059 min.
runEM iter5: Expectation
runEM iter5: Maximization
Sample1 n=0.4357, sp=0.001731, phi=1.979, lambda=69.29,471.42,119.61,310.05,165.28,12.127,59.618, F=1533
runEM iter 5  Log likelihood: 1550.23660837591
runEM iter5 Time: 0.032 min.
runEM iter6: Expectation
runEM iter6: Maximization
Sample1 n=0.4357, sp=0.001731, phi=1.98, lambda=69.82,470.78,124.84,310.27,165.43,12.098,60.534, F=1537
runEM iter 6  Log likelihood: 1552.88853325318
runEM iter6 Time: 0.025 min.
runEM iter7: Expectation
runEM iter7: Maximization
Sample1 n=0.4356, sp=0.001731, phi=1.98, lambda=70.957,470.59,131.49,310.4,165.94,12.102,61.529, F=1539
runEM iter 7  Log likelihood: 1555.41427870965
runEM iter7 Time: 0.033 min.
runEM iter8: Expectation
runEM iter8: Maximization
Sample1 n=0.4354, sp=0.001731, phi=1.98, lambda=71.084,471.4,146.68,310.26,166.1,12.116,63.227, F=1545
runEM iter 8  Log likelihood: 1560.4962232164
runEM iter8 Time: 0.037 min.
runEM iter9: Expectation
runEM iter9: Maximization
Sample1 n=0.4354, sp=0.001731, phi=1.98, lambda=71.208,473.46,177.3,311.04,166.25,12.126,68.307, F=1553
runEM iter 9  Log likelihood: 1567.52294399469
runEM iter9 Time: 0.053 min.
runEM iter10: Expectation
runEM iter10: Maximization
Sample1 n=0.4358, sp=0.001731, phi=1.981, lambda=71.203,476.91,212.88,313.79,165.98,12.122,73.233, F=1558
runEM iter 10  Log likelihood: 1572.61102935661
runEM iter10 Time: 0.052 min.
runEM iter11: Expectation
runEM iter11: Maximization
Sample1 n=0.4358, sp=0.001762, phi=1.981, lambda=71.237,479.23,234.35,315.01,165.74,12.126,76.379, F=1558
runEM iter 11  Log likelihood: 1575.35053482283
runEM iter11 Time: 0.045 min.
runEM iter12: Expectation
runEM iter12: Maximization
Sample1 n=0.4356, sp=0.001787, phi=1.982, lambda=71.29,480.29,244.85,314.6,165.82,12.138,77.987, F=1558
runEM iter 12  Log likelihood: 1576.31900933871
runEM iter12 Time: 0.061 min.
runEM iter12: Re-calculating responsibilties from converged parameters.
runEM: Using optimal parameters from iter12
runEM: Total elapsed time: 0.64min.
runViterbi: Segmenting and classifying
runEM: Initialization
runEM iter1: Expectation
runEM iter1: Maximization
Sample1 n=0.4458, sp=0.1237, phi=2.797, lambda=12.514,15.539,200.56,21.984,2.119,30.849,3.3232, F=347.7
runEM iter 1  Log likelihood: -746.932867033149
runEM iter1 Time: 0.043 min.
runEM iter2: Expectation
runEM iter2: Maximization
Sample1 n=0.3085, sp=0.1118, phi=2.889, lambda=136.71,54.894,382.48,41.511,56.885,190.14,54.96, F=1424
runEM iter 2  Log likelihood: 864.96164317464
runEM iter2 Time: 0.04 min.
runEM iter3: Expectation
runEM iter3: Maximization
Sample1 n=0.3201, sp=0.1084, phi=2.921, lambda=147.61,52.985,442.23,97.312,305.23,226.69,64.982, F=1856
runEM iter 3  Log likelihood: 1713.20684298677
runEM iter3 Time: 0.03 min.
runEM iter4: Expectation
runEM iter4: Maximization
Sample1 n=0.3293, sp=0.1072, phi=2.933, lambda=152.63,50.524,455.13,128.59,325.49,230.8,82.294, F=1889
runEM iter 4  Log likelihood: 1880.4121811473
runEM iter4 Time: 0.028 min.
runEM iter5: Expectation
runEM iter5: Maximization
Sample1 n=0.3322, sp=0.109, phi=2.936, lambda=164.76,49.632,458.43,140.63,332.56,231.99,109.23, F=1898
runEM iter 5  Log likelihood: 1900.53555935903
runEM iter5 Time: 0.024 min.
runEM iter6: Expectation
runEM iter6: Maximization
Sample1 n=0.3325, sp=0.1118, phi=2.936, lambda=173.92,50.167,462.12,146.84,334.76,231.49,135.41, F=1909
runEM iter 6  Log likelihood: 1913.08848012927
runEM iter6 Time: 0.029 min.
runEM iter7: Expectation
runEM iter7: Maximization
Sample1 n=0.3318, sp=0.1149, phi=2.935, lambda=184.33,50.696,468.8,152.25,334.44,230.96,148.91, F=1928
runEM iter 7  Log likelihood: 1930.13622528235
runEM iter7 Time: 0.026 min.
runEM iter8: Expectation
runEM iter8: Maximization
Sample1 n=0.3314, sp=0.1174, phi=2.935, lambda=210.95,50.857,471.26,156.28,333.82,230.47,140.23, F=1936
runEM iter 8  Log likelihood: 1938.95502500361
runEM iter8 Time: 0.029 min.
runEM iter9: Expectation
runEM iter9: Maximization
Sample1 n=0.3346, sp=0.1223, phi=2.934, lambda=319.37,50.283,471.38,158.73,333.93,227.27,136.75, F=1955
runEM iter 9  Log likelihood: 1952.52878476296
runEM iter9 Time: 0.022 min.
runEM iter10: Expectation
runEM iter10: Maximization
Sample1 n=0.336, sp=0.1324, phi=2.934, lambda=356.73,50.23,471.11,160.1,333.71,231.41,136.68, F=1973
runEM iter 10  Log likelihood: 1974.1883206759
runEM iter10 Time: 0.02 min.
runEM iter11: Expectation
runEM iter11: Maximization
Sample1 n=0.3354, sp=0.1431, phi=2.934, lambda=367.29,50.501,470.92,160.31,333.39,237.54,137.81, F=1982
runEM iter 11  Log likelihood: 1984.52823422313
runEM iter11 Time: 0.023 min.
runEM iter12: Expectation
runEM iter12: Maximization
Sample1 n=0.3342, sp=0.1512, phi=2.934, lambda=368.28,50.752,470.61,160.03,333.24,243.18,139.44, F=1986
runEM iter 12  Log likelihood: 1990.48529867483
runEM iter12 Time: 0.018 min.
runEM iter13: Expectation
runEM iter13: Maximization
Sample1 n=0.3333, sp=0.1565, phi=2.934, lambda=364.74,50.887,470.27,159.73,333.2,247.98,140.98, F=1988
runEM iter 13  Log likelihood: 1993.73508699897
runEM iter13 Time: 0.02 min.
runEM iter14: Expectation
runEM iter14: Maximization
Sample1 n=0.3327, sp=0.1598, phi=2.933, lambda=360.67,50.924,470.03,159.52,333.19,251.81,142.18, F=1989
runEM iter 14  Log likelihood: 1995.50973555971
runEM iter14 Time: 0.022 min.
runEM iter14: Re-calculating responsibilties from converged parameters.
runEM: Using optimal parameters from iter14
runEM: Total elapsed time: 0.38min.
runViterbi: Segmenting and classifying
runEM: Initialization
runEM iter1: Expectation
runEM iter1: Maximization
Sample1 n=0.8402, sp=0.02803, phi=2.123, lambda=28.377,215.2,127.26,10.02,1.8348,4.1506,2.9222, F=153.6
runEM iter 1  Log likelihood: -400.649989095282
runEM iter1 Time: 0.061 min.
runEM iter2: Expectation
runEM iter2: Maximization
Sample1 n=0.6838, sp=0.005508, phi=2.031, lambda=53.993,520.11,110.89,44.849,46.129,5.6508,11.844, F=875.2
runEM iter 2  Log likelihood: 527.25587587755
runEM iter2 Time: 0.11 min.
runEM iter3: Expectation
runEM iter3: Maximization
Sample1 n=0.6133, sp=0.003554, phi=1.984, lambda=54.92,546.82,123.1,109.92,231.7,6.7078,57.062, F=1333
runEM iter 3  Log likelihood: 1172.54209661624
runEM iter3 Time: 0.057 min.
runEM iter4: Expectation
runEM iter4: Maximization
Sample1 n=0.629, sp=0.003241, phi=1.966, lambda=54.369,516.07,187.35,160.67,284.96,6.3281,60.656, F=1378
runEM iter 4  Log likelihood: 1380.41855235589
runEM iter4 Time: 0.058 min.
runEM iter5: Expectation
runEM iter5: Maximization
Sample1 n=0.6395, sp=0.003373, phi=1.961, lambda=55.021,511.09,223.54,176.68,304.18,6.12,61.884, F=1385
runEM iter 5  Log likelihood: 1400.06955851264
runEM iter5 Time: 0.046 min.
runEM iter6: Expectation
runEM iter6: Maximization
Sample1 n=0.6435, sp=0.003479, phi=1.959, lambda=55.428,510.01,235.03,184.67,308.46,6.0465,62.941, F=1388
runEM iter 6  Log likelihood: 1406.74013194496
runEM iter6 Time: 0.035 min.
runEM iter7: Expectation
runEM iter7: Maximization
Sample1 n=0.6447, sp=0.003516, phi=1.958, lambda=55.613,511.52,237.12,188.31,309.17,6.0261,63.604, F=1388
runEM iter 7  Log likelihood: 1407.8292561439
runEM iter7 Time: 0.028 min.
runEM iter7: Re-calculating responsibilties from converged parameters.
runEM: Using optimal parameters from iter7
runEM: Total elapsed time: 0.4min.
runViterbi: Segmenting and classifying
Total ULP-WGS HMM Runtime: 5.1 min.
Writing segments to results/ichorCNA/clone_D//clone_D.seg
Outputting to bin-level results to results/ichorCNA/clone_D//clone_D.cna.seg
