$WIG
[1] "results/readDepth/clone_C.bin1000000.wig"

$gcWig
[1] "../../inst/extdata/gc_hg19_1000kb.wig"

$mapWig
[1] "../../inst/extdata/map_hg19_1000kb.wig"

$normalPanel
[1] "../../inst/extdata/HD_ULP_PoN_1Mb_median_normAutosome_mapScoreFiltered_median.rds"

$exons.bed
[1] "None"

$id
[1] "clone_C"

$centromere
[1] ".Loading required package: data.table
Loading required package: stats4
Loading required package: BiocGenerics
Loading required package: parallel

Attaching package: 'BiocGenerics'

The following objects are masked from 'package:parallel':

    clusterApply, clusterApplyLB, clusterCall, clusterEvalQ,
    clusterExport, clusterMap, parApply, parCapply, parLapply,
    parLapplyLB, parRapply, parSapply, parSapplyLB

The following objects are masked from 'package:stats':

    IQR, mad, sd, var, xtabs

The following objects are masked from 'package:base':

    Filter, Find, Map, Position, Reduce, anyDuplicated, append,
    as.data.frame, basename, cbind, colnames, dirname, do.call,
    duplicated, eval, evalq, get, grep, grepl, intersect, is.unsorted,
    lapply, mapply, match, mget, order, paste, pmax, pmax.int, pmin,
    pmin.int, rank, rbind, rownames, sapply, setdiff, sort, table,
    tapply, union, unique, unsplit, which.max, which.min

Loading required package: S4Vectors

Attaching package: 'S4Vectors'

The following objects are masked from 'package:data.table':

    first, second

The following object is masked from 'package:base':

    expand.grid

Loading required package: IRanges

Attaching package: 'IRanges'

The following object is masked from 'package:data.table':

    shift

Loading required package: GenomeInfoDb

Attaching package: 'ichorCNA'

The following object is masked from 'package:HMMcopy':

    HMMsegment

Warning message:
In library(package, lib.loc = lib.loc, character.only = TRUE, logical.return = TRUE,  :
  there is no package called 'BSgenome.Hsapiens.UCSC.hg19'
Loading tumour file:clone_C
Slurping: results/readDepth/clone_C.bin1000000.wig
Parsing: fixedStep chrom=1 start=1 step=1000000 span=1000000
Parsing: fixedStep chrom=2 start=1 step=1000000 span=1000000
Parsing: fixedStep chrom=3 start=1 step=1000000 span=1000000
Parsing: fixedStep chrom=4 start=1 step=1000000 span=1000000
Parsing: fixedStep chrom=5 start=1 step=1000000 span=1000000
Parsing: fixedStep chrom=6 start=1 step=1000000 span=1000000
Parsing: fixedStep chrom=7 start=1 step=1000000 span=1000000
Parsing: fixedStep chrom=8 start=1 step=1000000 span=1000000
Parsing: fixedStep chrom=9 start=1 step=1000000 span=1000000
Parsing: fixedStep chrom=10 start=1 step=1000000 span=1000000
Parsing: fixedStep chrom=11 start=1 step=1000000 span=1000000
Parsing: fixedStep chrom=12 start=1 step=1000000 span=1000000
Parsing: fixedStep chrom=13 start=1 step=1000000 span=1000000
Parsing: fixedStep chrom=14 start=1 step=1000000 span=1000000
Parsing: fixedStep chrom=15 start=1 step=1000000 span=1000000
Parsing: fixedStep chrom=16 start=1 step=1000000 span=1000000
Parsing: fixedStep chrom=17 start=1 step=1000000 span=1000000
Parsing: fixedStep chrom=18 start=1 step=1000000 span=1000000
Parsing: fixedStep chrom=19 start=1 step=1000000 span=1000000
Parsing: fixedStep chrom=20 start=1 step=1000000 span=1000000
Parsing: fixedStep chrom=21 start=1 step=1000000 span=1000000
Parsing: fixedStep chrom=22 start=1 step=1000000 span=1000000
Parsing: fixedStep chrom=X start=1 step=1000000 span=1000000
Parsing: fixedStep chrom=Y start=1 step=1000000 span=1000000
Sorting by decreasing chromosome size
Reading GC and mappability files
Slurping: ../../inst/extdata/gc_hg19_1000kb.wig
Parsing: fixedStep chrom=1 start=1 step=1000000 span=1000000
Parsing: fixedStep chrom=2 start=1 step=1000000 span=1000000
Parsing: fixedStep chrom=3 start=1 step=1000000 span=1000000
Parsing: fixedStep chrom=4 start=1 step=1000000 span=1000000
Parsing: fixedStep chrom=5 start=1 step=1000000 span=1000000
Parsing: fixedStep chrom=6 start=1 step=1000000 span=1000000
Parsing: fixedStep chrom=7 start=1 step=1000000 span=1000000
Parsing: fixedStep chrom=8 start=1 step=1000000 span=1000000
Parsing: fixedStep chrom=9 start=1 step=1000000 span=1000000
Parsing: fixedStep chrom=10 start=1 step=1000000 span=1000000
Parsing: fixedStep chrom=11 start=1 step=1000000 span=1000000
Parsing: fixedStep chrom=12 start=1 step=1000000 span=1000000
Parsing: fixedStep chrom=13 start=1 step=1000000 span=1000000
Parsing: fixedStep chrom=14 start=1 step=1000000 span=1000000
Parsing: fixedStep chrom=15 start=1 step=1000000 span=1000000
Parsing: fixedStep chrom=16 start=1 step=1000000 span=1000000
Parsing: fixedStep chrom=17 start=1 step=1000000 span=1000000
Parsing: fixedStep chrom=18 start=1 step=1000000 span=1000000
Parsing: fixedStep chrom=19 start=1 step=1000000 span=1000000
Parsing: fixedStep chrom=20 start=1 step=1000000 span=1000000
Parsing: fixedStep chrom=21 start=1 step=1000000 span=1000000
Parsing: fixedStep chrom=22 start=1 step=1000000 span=1000000
Parsing: fixedStep chrom=X start=1 step=1000000 span=1000000
Parsing: fixedStep chrom=Y start=1 step=1000000 span=1000000
Sorting by decreasing chromosome size
Slurping: ../../inst/extdata/map_hg19_1000kb.wig
Parsing: fixedStep chrom=1 start=1 step=1000000 span=1000000
Parsing: fixedStep chrom=2 start=1 step=1000000 span=1000000
Parsing: fixedStep chrom=3 start=1 step=1000000 span=1000000
Parsing: fixedStep chrom=4 start=1 step=1000000 span=1000000
Parsing: fixedStep chrom=5 start=1 step=1000000 span=1000000
Parsing: fixedStep chrom=6 start=1 step=1000000 span=1000000
Parsing: fixedStep chrom=7 start=1 step=1000000 span=1000000
Parsing: fixedStep chrom=8 start=1 step=1000000 span=1000000
Parsing: fixedStep chrom=9 start=1 step=1000000 span=1000000
Parsing: fixedStep chrom=10 start=1 step=1000000 span=1000000
Parsing: fixedStep chrom=11 start=1 step=1000000 span=1000000
Parsing: fixedStep chrom=12 start=1 step=1000000 span=1000000
Parsing: fixedStep chrom=13 start=1 step=1000000 span=1000000
Parsing: fixedStep chrom=14 start=1 step=1000000 span=1000000
Parsing: fixedStep chrom=15 start=1 step=1000000 span=1000000
Parsing: fixedStep chrom=16 start=1 step=1000000 span=1000000
Parsing: fixedStep chrom=17 start=1 step=1000000 span=1000000
Parsing: fixedStep chrom=18 start=1 step=1000000 span=1000000
Parsing: fixedStep chrom=19 start=1 step=1000000 span=1000000
Parsing: fixedStep chrom=20 start=1 step=1000000 span=1000000
Parsing: fixedStep chrom=21 start=1 step=1000000 span=1000000
Parsing: fixedStep chrom=22 start=1 step=1000000 span=1000000
Parsing: fixedStep chrom=X start=1 step=1000000 span=1000000
Parsing: fixedStep chrom=Y start=1 step=1000000 span=1000000
Sorting by decreasing chromosome size
Correcting Tumour
Removed 97 bins near centromeres.
Applying filter on data...
Correcting for GC bias...
Correcting for mappability bias...
Filtering low uniqueness regions with mappability score < 0.75
Removed 4 bins near centromeres.
Determining gender...Gender female
Outputting to: results/ichorCNA/clone_C//clone_C.correctedDepth.txt
Warning message:
In regularize.values(x, y, ties, missing(ties), na.rm = na.rm) :
  collapsing to unique 'x' values
runEM: Initialization
runEM iter1: Expectation
runEM iter1: Maximization
Sample1 n=0.1364, sp=0.05161, phi=1.977, lambda=58.595,327.43,77.731,44.207,60.596,31.715,42.12, F=1389
runEM iter 1  Log likelihood: 70.8312185592365
runEM iter1 Time: 0.051 min.
runEM iter2: Expectation
runEM iter2: Maximization
Sample1 n=0.0658, sp=0.3654, phi=1.976, lambda=190.33,439.13,329.46,173.68,61.1,65.296,86.956, F=2195
runEM iter 2  Log likelihood: 1838.2515689323
runEM iter2 Time: 0.033 min.
runEM iter3: Expectation
runEM iter3: Maximization
Sample1 n=0.03709, sp=0.4315, phi=1.978, lambda=272.13,460.01,448.97,175.45,61.026,82.961,102.89, F=2347
runEM iter 3  Log likelihood: 2278.65066340261
runEM iter3 Time: 0.026 min.
runEM iter4: Expectation
runEM iter4: Maximization
Sample1 n=0.03485, sp=0.4419, phi=1.978, lambda=278.67,468.3,487.45,175.58,61.046,87.121,103.13, F=2364
runEM iter 4  Log likelihood: 2361.76548214574
runEM iter4 Time: 0.024 min.
runEM iter5: Expectation
runEM iter5: Maximization
Sample1 n=0.03461, sp=0.4468, phi=1.978, lambda=279.64,470.22,493.77,175.54,61.05,85.36,105.5, F=2365
runEM iter 5  Log likelihood: 2367.22168753398
runEM iter5 Time: 0.02 min.
runEM iter6: Expectation
runEM iter6: Maximization
Sample1 n=0.0347, sp=0.4528, phi=1.978, lambda=279.65,470.88,496.14,175.62,61.051,83.247,108.9, F=2366
runEM iter 6  Log likelihood: 2368.13816568987
runEM iter6 Time: 0.021 min.
runEM iter6: Re-calculating responsibilties from converged parameters.
runEM: Using optimal parameters from iter6
runEM: Total elapsed time: 0.18min.
runViterbi: Segmenting and classifying
runEM: Initialization
runEM iter1: Expectation
runEM iter1: Maximization
Sample1 n=0.4019, sp=0.4072, phi=2.892, lambda=118.52,134.47,295.41,26.174,63.75,29.228,51.405, F=1074
runEM iter 1  Log likelihood: -119.487937688786
runEM iter1 Time: 0.051 min.
runEM iter2: Expectation
runEM iter2: Maximization
Sample1 n=0.363, sp=0.5208, phi=2.94, lambda=245.9,161.51,474.08,99.401,378.55,149.04,174.37, F=1961
runEM iter 2  Log likelihood: 1614.14173717129
runEM iter2 Time: 0.034 min.
runEM iter3: Expectation
runEM iter3: Maximization
Sample1 n=0.3632, sp=0.5223, phi=2.944, lambda=275.85,172.86,479.89,114.37,396.01,173.82,171.43, F=2003
runEM iter 3  Log likelihood: 1991.73095385569
runEM iter3 Time: 0.022 min.
runEM iter4: Expectation
runEM iter4: Maximization
Sample1 n=0.363, sp=0.5219, phi=2.945, lambda=286.83,176.75,480.28,121.26,399.38,195.52,170.84, F=2005
runEM iter 4  Log likelihood: 1999.69546808125
runEM iter4 Time: 0.02 min.
runEM iter5: Expectation
runEM iter5: Maximization
Sample1 n=0.3629, sp=0.5224, phi=2.945, lambda=290.64,177.95,480.26,125.09,400.85,200.84,170.24, F=2004
runEM iter 5  Log likelihood: 2002.97493616979
runEM iter5 Time: 0.02 min.
runEM iter6: Expectation
runEM iter6: Maximization
Sample1 n=0.3628, sp=0.5218, phi=2.945, lambda=292.66,178.09,480.2,126.73,401.25,203.33,170.36, F=2003
runEM iter 6  Log likelihood: 2003.52558722585
runEM iter6 Time: 0.018 min.
runEM iter6: Re-calculating responsibilties from converged parameters.
runEM: Using optimal parameters from iter6
runEM: Total elapsed time: 0.17min.
runViterbi: Segmenting and classifying
runEM: Initialization
runEM iter1: Expectation
runEM iter1: Maximization
Sample1 n=0.2455, sp=0.01128, phi=1.987, lambda=36.638,326.39,42.393,51.569,59.549,25.919,22.279, F=1218
runEM iter 1  Log likelihood: 3.11137675786071
runEM iter1 Time: 0.052 min.
runEM iter2: Expectation
runEM iter2: Maximization
Sample1 n=0.09942, sp=0.009171, phi=1.979, lambda=137.8,474.56,167.08,47.36,61.07,65.34,37.444, F=1968
runEM iter 2  Log likelihood: 1624.42187856635
runEM iter2 Time: 0.036 min.
runEM iter3: Expectation
runEM iter3: Maximization
Sample1 n=0.05923, sp=0.05525, phi=1.976, lambda=270.65,439.2,348.27,178.17,61.074,57.282,27.898, F=2141
runEM iter 3  Log likelihood: 2053.78238203279
runEM iter3 Time: 0.051 min.
runEM iter4: Expectation
runEM iter4: Maximization
Sample1 n=0.04272, sp=0.1716, phi=1.974, lambda=307.81,426.33,442.89,177.37,61.036,42.728,41.613, F=2224
runEM iter 4  Log likelihood: 2175.8427347238
runEM iter4 Time: 0.036 min.
runEM iter5: Expectation
runEM iter5: Maximization
Sample1 n=0.03669, sp=0.3703, phi=1.976, lambda=288.99,447.93,474.28,175.63,61.043,84.463,84.201, F=2336
runEM iter 5  Log likelihood: 2257.6667621311
runEM iter5 Time: 0.038 min.
runEM iter6: Expectation
runEM iter6: Maximization
Sample1 n=0.03369, sp=0.41, phi=1.977, lambda=288.06,465,488.29,174.81,61.05,90.55,92.36, F=2362
runEM iter 6  Log likelihood: 2359.0099538939
runEM iter6 Time: 0.032 min.
runEM iter7: Expectation
runEM iter7: Maximization
Sample1 n=0.03425, sp=0.4258, phi=1.977, lambda=284.47,467.68,489.3,175.19,61.053,92.629,96.845, F=2364
runEM iter 7  Log likelihood: 2365.91728699311
runEM iter7 Time: 0.028 min.
runEM iter8: Expectation
runEM iter8: Maximization
Sample1 n=0.03432, sp=0.4332, phi=1.978, lambda=283.01,469.18,491.48,175.32,61.053,90.545,99.759, F=2364
runEM iter 8  Log likelihood: 2367.537122738
runEM iter8 Time: 0.022 min.
runEM iter8: Re-calculating responsibilties from converged parameters.
runEM: Using optimal parameters from iter8
runEM: Total elapsed time: 0.3min.
runViterbi: Segmenting and classifying
runEM: Initialization
runEM iter1: Expectation
runEM iter1: Maximization
Sample1 n=0.4143, sp=0.2263, phi=2.889, lambda=90.877,177.26,282.27,25.521,64.043,21.142,30.963, F=950.4
runEM iter 1  Log likelihood: -295.978444266473
runEM iter1 Time: 0.055 min.
runEM iter2: Expectation
runEM iter2: Maximization
Sample1 n=0.367, sp=0.5469, phi=2.943, lambda=235.15,165.58,465.1,99.033,373.24,149.16,117.68, F=1929
runEM iter 2  Log likelihood: 1534.93604188939
runEM iter2 Time: 0.031 min.
runEM iter3: Expectation
runEM iter3: Maximization
Sample1 n=0.3635, sp=0.5363, phi=2.944, lambda=272.98,174.97,480.18,115,394.25,176.02,162.16, F=2002
runEM iter 3  Log likelihood: 1985.46587758181
runEM iter3 Time: 0.021 min.
runEM iter4: Expectation
runEM iter4: Maximization
Sample1 n=0.3629, sp=0.5258, phi=2.945, lambda=285.74,178,480.33,121.56,399.27,194.57,168.18, F=2005
runEM iter 4  Log likelihood: 1999.08264303738
runEM iter4 Time: 0.024 min.
runEM iter5: Expectation
runEM iter5: Maximization
Sample1 n=0.3629, sp=0.5238, phi=2.945, lambda=290.23,178.65,480.27,125.18,400.86,199.54,169.18, F=2004
runEM iter 5  Log likelihood: 2002.82734521808
runEM iter5 Time: 0.027 min.
runEM iter6: Expectation
runEM iter6: Maximization
Sample1 n=0.3628, sp=0.5226, phi=2.945, lambda=292.38,178.48,480.22,126.76,401.25,202.33,169.88, F=2004
runEM iter 6  Log likelihood: 2003.4509381358
runEM iter6 Time: 0.023 min.
runEM iter6: Re-calculating responsibilties from converged parameters.
runEM: Using optimal parameters from iter6
runEM: Total elapsed time: 0.18min.
runViterbi: Segmenting and classifying
runEM: Initialization
runEM iter1: Expectation
runEM iter1: Maximization
Sample1 n=0.4176, sp=0.007055, phi=1.994, lambda=36.233,327.06,34.216,188.22,58.024,11.702,5.4689, F=1103
runEM iter 1  Log likelihood: -70.2414751153759
runEM iter1 Time: 0.099 min.
runEM iter2: Expectation
runEM iter2: Maximization
Sample1 n=0.4338, sp=0.001856, phi=1.999, lambda=66.375,476.18,95.528,343.37,150.47,11.412,60.766, F=1702
runEM iter 2  Log likelihood: 1574.20842381244
runEM iter2 Time: 0.1 min.
runEM iter3: Expectation
runEM iter3: Maximization
Sample1 n=0.4499, sp=0.001906, phi=1.997, lambda=73.321,480.47,101.79,403.06,136.76,10.523,73.04, F=1717
runEM iter 3  Log likelihood: 1716.4690283857
runEM iter3 Time: 0.089 min.
runEM iter4: Expectation
runEM iter4: Maximization
Sample1 n=0.4559, sp=0.002089, phi=1.996, lambda=72.648,481.2,102.8,423.21,129.97,10.261,86.254, F=1717
runEM iter 4  Log likelihood: 1724.68505374071
runEM iter4 Time: 0.051 min.
runEM iter5: Expectation
runEM iter5: Maximization
Sample1 n=0.4581, sp=0.00211, phi=1.995, lambda=72.286,481.84,101.54,431.54,127.14,10.194,103.16, F=1719
runEM iter 5  Log likelihood: 1727.23254990314
runEM iter5 Time: 0.081 min.
runEM iter6: Expectation
runEM iter6: Maximization
Sample1 n=0.4592, sp=0.002212, phi=1.995, lambda=72.107,482.1,98.788,435.91,125.86,10.173,116.96, F=1722
runEM iter 6  Log likelihood: 1730.01375101141
runEM iter6 Time: 0.058 min.
runEM iter7: Expectation
runEM iter7: Maximization
Sample1 n=0.4599, sp=0.002231, phi=1.995, lambda=72.038,482.46,97.902,438.19,125.19,10.159,121.54, F=1723
runEM iter 7  Log likelihood: 1731.45028665736
runEM iter7 Time: 0.049 min.
runEM iter7: Re-calculating responsibilties from converged parameters.
runEM: Using optimal parameters from iter7
runEM: Total elapsed time: 0.53min.
runViterbi: Segmenting and classifying
runEM: Initialization
runEM iter1: Expectation
runEM iter1: Maximization
Sample1 n=0.4506, sp=0.06084, phi=2.874, lambda=56.897,41.803,269.54,23.747,62.083,30.004,8.8853, F=776.1
runEM iter 1  Log likelihood: -468.46080074628
runEM iter1 Time: 0.062 min.
runEM iter2: Expectation
runEM iter2: Maximization
Sample1 n=0.3778, sp=0.2345, phi=2.942, lambda=190.68,172.49,448.97,103.79,359.23,44.742,60.4, F=1819
runEM iter 2  Log likelihood: 1374.43517238475
runEM iter2 Time: 0.032 min.
runEM iter3: Expectation
runEM iter3: Maximization
Sample1 n=0.3665, sp=0.5032, phi=2.946, lambda=267.91,155.32,481.26,122.27,387.24,170.14,173.32, F=1989
runEM iter 3  Log likelihood: 1922.71183237363
runEM iter3 Time: 0.034 min.
runEM iter4: Expectation
runEM iter4: Maximization
Sample1 n=0.3638, sp=0.5182, phi=2.945, lambda=283.96,174.11,480.54,125.92,397.07,201.5,173.18, F=2003
runEM iter 4  Log likelihood: 1997.6871007097
runEM iter4 Time: 0.021 min.
runEM iter5: Expectation
runEM iter5: Maximization
Sample1 n=0.3631, sp=0.5207, phi=2.945, lambda=288.99,176.63,480.11,127.85,400.28,205.39,171.34, F=2004
runEM iter 5  Log likelihood: 2002.61466684933
runEM iter5 Time: 0.024 min.
runEM iter6: Expectation
runEM iter6: Maximization
Sample1 n=0.3629, sp=0.5209, phi=2.945, lambda=291.38,177.46,479.96,128.66,401.04,206.31,170.97, F=2003
runEM iter 6  Log likelihood: 2003.30143237841
runEM iter6 Time: 0.02 min.
runEM iter6: Re-calculating responsibilties from converged parameters.
runEM: Using optimal parameters from iter6
runEM: Total elapsed time: 0.19min.
runViterbi: Segmenting and classifying
runEM: Initialization
runEM iter1: Expectation
runEM iter1: Maximization
Sample1 n=0.5595, sp=0.007996, phi=2.046, lambda=27.006,309.25,38.056,109.33,44.118,7.9843,2.6745, F=870.3
runEM iter 1  Log likelihood: -125.058074502079
runEM iter1 Time: 0.11 min.
runEM iter2: Expectation
runEM iter2: Maximization
Sample1 n=0.4395, sp=0.002455, phi=1.997, lambda=71.083,486.37,82.332,288.82,62.765,11.317,60.141, F=1644
runEM iter 2  Log likelihood: 1345.63054069099
runEM iter2 Time: 0.097 min.
runEM iter3: Expectation
runEM iter3: Maximization
Sample1 n=0.4486, sp=0.002004, phi=1.996, lambda=73.713,482.25,100.64,395.03,136.24,10.604,80.853, F=1715
runEM iter 3  Log likelihood: 1707.37476137765
runEM iter3 Time: 0.091 min.
runEM iter4: Expectation
runEM iter4: Maximization
Sample1 n=0.4558, sp=0.002058, phi=1.996, lambda=72.485,481.81,101.32,423.14,129.99,10.275,98.819, F=1718
runEM iter 4  Log likelihood: 1724.78846932874
runEM iter4 Time: 0.071 min.
runEM iter5: Expectation
runEM iter5: Maximization
Sample1 n=0.4583, sp=0.002184, phi=1.995, lambda=72.28,481.99,98.67,432.54,126.89,10.19,114.51, F=1721
runEM iter 5  Log likelihood: 1728.7852104795
runEM iter5 Time: 0.075 min.
runEM iter6: Expectation
runEM iter6: Maximization
Sample1 n=0.4595, sp=0.002231, phi=1.995, lambda=72.126,482.36,97.49,436.25,125.73,10.166,121.42, F=1722
runEM iter 6  Log likelihood: 1730.93565489228
runEM iter6 Time: 0.037 min.
runEM iter7: Expectation
runEM iter7: Maximization
Sample1 n=0.4601, sp=0.002248, phi=1.995, lambda=72.055,482.44,97.941,440.03,124.69,10.154,121.47, F=1723
runEM iter 7  Log likelihood: 1731.76362295922
runEM iter7 Time: 0.054 min.
runEM iter7: Re-calculating responsibilties from converged parameters.
runEM: Using optimal parameters from iter7
runEM: Total elapsed time: 0.54min.
runViterbi: Segmenting and classifying
runEM: Initialization
runEM iter1: Expectation
runEM iter1: Maximization
Sample1 n=0.5423, sp=0.01884, phi=2.834, lambda=44.497,19.276,248.8,19.976,43.482,20.941,3.6385, F=539.8
runEM iter 1  Log likelihood: -583.198319542851
runEM iter1 Time: 0.069 min.
runEM iter2: Expectation
runEM iter2: Maximization
Sample1 n=0.4028, sp=0.00468, phi=2.937, lambda=97.325,181.48,439.23,90.263,320.11,127.56,60.216, F=1771
runEM iter 2  Log likelihood: 1101.46485712453
runEM iter2 Time: 0.042 min.
runEM iter3: Expectation
runEM iter3: Maximization
Sample1 n=0.3667, sp=0.01802, phi=2.952, lambda=101.08,100.63,475.09,123.18,375.15,213.27,94.162, F=1923
runEM iter 3  Log likelihood: 1845.33780234022
runEM iter3 Time: 0.025 min.
runEM iter4: Expectation
runEM iter4: Maximization
Sample1 n=0.356, sp=0.03035, phi=2.958, lambda=69.087,72.09,490.68,129.47,395.97,266.24,117.15, F=2005
runEM iter 4  Log likelihood: 1990.02215984162
runEM iter4 Time: 0.026 min.
runEM iter5: Expectation
runEM iter5: Maximization
Sample1 n=0.3515, sp=0.03899, phi=2.96, lambda=56.151,71.169,496.36,131.06,403.11,270.85,116.17, F=2017
runEM iter 5  Log likelihood: 2014.44313171622
runEM iter5 Time: 0.019 min.
runEM iter6: Expectation
runEM iter6: Maximization
Sample1 n=0.3483, sp=0.04624, phi=2.961, lambda=53.981,71.149,498.3,130.69,405.66,272.09,114.28, F=2020
runEM iter 6  Log likelihood: 2018.64616480918
runEM iter6 Time: 0.021 min.
runEM iter7: Expectation
runEM iter7: Maximization
Sample1 n=0.3455, sp=0.05273, phi=2.961, lambda=55.093,71.24,498.2,129.92,406.91,272.81,113.41, F=2021
runEM iter 7  Log likelihood: 2019.41854136839
runEM iter7 Time: 0.021 min.
runEM iter7: Re-calculating responsibilties from converged parameters.
runEM: Using optimal parameters from iter7
runEM: Total elapsed time: 0.22min.
runViterbi: Segmenting and classifying
runEM: Initialization
runEM iter1: Expectation
runEM iter1: Maximization
Sample1 n=0.7512, sp=0.0145, phi=2.124, lambda=27.082,266.35,89.178,18.53,2.5628,5.1212,2.5862, F=494.9
runEM iter 1  Log likelihood: -189.853867277062
runEM iter1 Time: 0.084 min.
runEM iter2: Expectation
runEM iter2: Maximization
Sample1 n=0.5328, sp=0.004019, phi=2.009, lambda=60.718,515.67,62.996,194.74,58.209,8.3586,45.993, F=1417
runEM iter 2  Log likelihood: 868.954672606027
runEM iter2 Time: 0.085 min.
runEM iter3: Expectation
runEM iter3: Maximization
Sample1 n=0.4541, sp=0.002429, phi=1.994, lambda=73.196,494.34,94.5,369.9,93.989,10.65,62.018, F=1682
runEM iter 3  Log likelihood: 1574.57790186587
runEM iter3 Time: 0.07 min.
runEM iter4: Expectation
runEM iter4: Maximization
Sample1 n=0.4568, sp=0.002148, phi=1.995, lambda=72.722,482.35,109.79,426.31,128.5,10.28,75.711, F=1713
runEM iter 4  Log likelihood: 1718.5572015145
runEM iter4 Time: 0.1 min.
runEM iter5: Expectation
runEM iter5: Maximization
Sample1 n=0.4592, sp=0.002148, phi=1.995, lambda=72.29,482,111.9,436.14,125.9,10.154,84.689, F=1715
runEM iter 5  Log likelihood: 1725.37957941378
runEM iter5 Time: 0.078 min.
runEM iter6: Expectation
runEM iter6: Maximization
Sample1 n=0.4598, sp=0.002235, phi=1.995, lambda=72.25,482.25,113.35,436.96,125.63,10.143,92.369, F=1719
runEM iter 6  Log likelihood: 1729.53815481527
runEM iter6 Time: 0.038 min.
runEM iter7: Expectation
runEM iter7: Maximization
Sample1 n=0.4598, sp=0.002314, phi=1.995, lambda=72.159,482.58,112.62,438.46,125.16,10.157,97.842, F=1722
runEM iter 7  Log likelihood: 1733.1298787841
runEM iter7 Time: 0.05 min.
runEM iter8: Expectation
runEM iter8: Maximization
Sample1 n=0.4599, sp=0.002374, phi=1.995, lambda=72.114,482.69,109.08,438.9,125.05,10.16,102.05, F=1724
runEM iter 8  Log likelihood: 1734.69048615655
runEM iter8 Time: 0.049 min.
runEM iter8: Re-calculating responsibilties from converged parameters.
runEM: Using optimal parameters from iter8
runEM: Total elapsed time: 0.56min.
runViterbi: Segmenting and classifying
runEM: Initialization
runEM iter1: Expectation
runEM iter1: Maximization
Sample1 n=0.6329, sp=0.0176, phi=2.775, lambda=35.888,26.572,238.35,15.622,2.9625,11.704,3.086, F=340
runEM iter 1  Log likelihood: -561.106643174962
runEM iter1 Time: 0.053 min.
runEM iter2: Expectation
runEM iter2: Maximization
Sample1 n=0.4584, sp=0.003797, phi=2.912, lambda=26.308,49.127,417.03,24.884,63.014,64.621,54.109, F=1140
runEM iter 2  Log likelihood: 634.914122799576
runEM iter2 Time: 0.057 min.
runEM iter3: Expectation
runEM iter3: Maximization
Sample1 n=0.3789, sp=0.01705, phi=2.949, lambda=67.29,166.99,483.65,102.66,348.58,154.5,108.21, F=1843
runEM iter 3  Log likelihood: 1503.70434484828
runEM iter3 Time: 0.031 min.
runEM iter4: Expectation
runEM iter4: Maximization
Sample1 n=0.3578, sp=0.03178, phi=2.957, lambda=58.007,78.648,495.57,122.93,387.03,244.75,119.13, F=1992
runEM iter 4  Log likelihood: 1947.49771277964
runEM iter4 Time: 0.029 min.
runEM iter5: Expectation
runEM iter5: Maximization
Sample1 n=0.351, sp=0.04067, phi=2.96, lambda=56.433,71.931,497.01,128.91,400.32,267.53,118.35, F=2016
runEM iter 5  Log likelihood: 2011.0567487288
runEM iter5 Time: 0.028 min.
runEM iter6: Expectation
runEM iter6: Maximization
Sample1 n=0.3476, sp=0.04793, phi=2.961, lambda=55.855,71.453,497.67,130.08,405.17,270.78,116.23, F=2018
runEM iter 6  Log likelihood: 2017.02015978873
runEM iter6 Time: 0.026 min.
runEM iter7: Expectation
runEM iter7: Maximization
Sample1 n=0.3448, sp=0.05439, phi=2.962, lambda=56.557,71.397,497.56,129.59,406.92,272.18,114.69, F=2019
runEM iter 7  Log likelihood: 2018.05462188782
runEM iter7 Time: 0.021 min.
runEM iter7: Re-calculating responsibilties from converged parameters.
runEM: Using optimal parameters from iter7
runEM: Total elapsed time: 0.25min.
runViterbi: Segmenting and classifying
runEM: Initialization
runEM iter1: Expectation
runEM iter1: Maximization
Sample1 n=0.8358, sp=0.02755, phi=2.153, lambda=38.691,232.5,147.39,11.329,1.959,4.2338,2.8051, F=346.5
runEM iter 1  Log likelihood: -232.305329788069
runEM iter1 Time: 0.13 min.
runEM iter2: Expectation
runEM iter2: Maximization
Sample1 n=0.6778, sp=0.006038, phi=2.065, lambda=74.041,527.76,110.8,40.248,50.032,6.1048,10.785, F=1023
runEM iter 2  Log likelihood: 696.900534807052
runEM iter2 Time: 0.15 min.
runEM iter3: Expectation
runEM iter3: Maximization
Sample1 n=0.6125, sp=0.003789, phi=2.006, lambda=118.37,531.79,133.16,88.579,246.38,7.1086,59.935, F=1460
runEM iter 3  Log likelihood: 1293.24230384568
runEM iter3 Time: 0.087 min.
runEM iter4: Expectation
runEM iter4: Maximization
Sample1 n=0.6357, sp=0.003567, phi=1.993, lambda=154.58,504.68,194.95,118.18,353,6.603,69.173, F=1521
runEM iter 4  Log likelihood: 1503.66976508437
runEM iter4 Time: 0.055 min.
runEM iter5: Expectation
runEM iter5: Maximization
Sample1 n=0.6439, sp=0.003742, phi=1.991, lambda=155.92,502.78,213.81,111.7,380.06,6.4543,80.25, F=1527
runEM iter 5  Log likelihood: 1536.18480570212
runEM iter5 Time: 0.053 min.
runEM iter6: Expectation
runEM iter6: Maximization
Sample1 n=0.6452, sp=0.00396, phi=1.99, lambda=156.1,503.46,219.22,111.15,382.64,6.4295,93.77, F=1529
runEM iter 6  Log likelihood: 1543.2086314391
runEM iter6 Time: 0.03 min.
runEM iter7: Expectation
runEM iter7: Maximization
Sample1 n=0.6453, sp=0.004019, phi=1.99, lambda=156.4,503.49,226.51,110.91,383.92,6.4262,105.25, F=1532
runEM iter 7  Log likelihood: 1545.75427168823
runEM iter7 Time: 0.036 min.
runEM iter8: Expectation
runEM iter8: Maximization
Sample1 n=0.6454, sp=0.004213, phi=1.99, lambda=156.49,503.56,232.2,110.9,384.08,6.4238,112.28, F=1533
runEM iter 8  Log likelihood: 1547.12332383947
runEM iter8 Time: 0.029 min.
runEM iter8: Re-calculating responsibilties from converged parameters.
runEM: Using optimal parameters from iter8
runEM: Total elapsed time: 0.58min.
runViterbi: Segmenting and classifying
Total ULP-WGS HMM Runtime: 3.7 min.
Writing segments to results/ichorCNA/clone_C//clone_C.seg
Outputting to bin-level results to results/ichorCNA/clone_C//clone_C.cna.seg
