$WIG
[1] "results/readDepth/normal.bin1000000.wig"

$gcWig
[1] "../../inst/extdata/gc_hg19_1000kb.wig"

$mapWig
[1] "../../inst/extdata/map_hg19_1000kb.wig"

$normalPanel
[1] "../../inst/extdata/HD_ULP_PoN_1Mb_median_normAutosome_mapScoreFiltered_median.rds"

$exons.bed
[1] "None"

$id
[1] "normal"

$centromere
[1] "../Loading required package: data.table
Loading required package: stats4
Loading required package: BiocGenerics
Loading required package: parallel

Attaching package: 'BiocGenerics'

The following objects are masked from 'package:parallel':

    clusterApply, clusterApplyLB, clusterCall, clusterEvalQ,
    clusterExport, clusterMap, parApply, parCapply, parLapply,
    parLapplyLB, parRapply, parSapply, parSapplyLB

The following objects are masked from 'package:stats':

    IQR, mad, sd, var, xtabs

The following objects are masked from 'package:base':

    Filter, Find, Map, Position, Reduce, anyDuplicated, append,
    as.data.frame, basename, cbind, colnames, dirname, do.call,
    duplicated, eval, evalq, get, grep, grepl, intersect, is.unsorted,
    lapply, mapply, match, mget, order, paste, pmax, pmax.int, pmin,
    pmin.int, rank, rbind, rownames, sapply, setdiff, sort, table,
    tapply, union, unique, unsplit, which.max, which.min

Loading required package: S4Vectors

Attaching package: 'S4Vectors'

The following objects are masked from 'package:data.table':

    first, second

The following object is masked from 'package:base':

    expand.grid

Loading required package: IRanges

Attaching package: 'IRanges'

The following object is masked from 'package:data.table':

    shift

Loading required package: GenomeInfoDb

Attaching package: 'ichorCNA'

The following object is masked from 'package:HMMcopy':

    HMMsegment

Warning message:
In library(package, lib.loc = lib.loc, character.only = TRUE, logical.return = TRUE,  :
  there is no package called 'BSgenome.Hsapiens.UCSC.hg19'
Loading tumour file:normal
Slurping: results/readDepth/normal.bin1000000.wig
Parsing: fixedStep chrom=1 start=1 step=1000000 span=1000000
Parsing: fixedStep chrom=2 start=1 step=1000000 span=1000000
Parsing: fixedStep chrom=3 start=1 step=1000000 span=1000000
Parsing: fixedStep chrom=4 start=1 step=1000000 span=1000000
Parsing: fixedStep chrom=5 start=1 step=1000000 span=1000000
Parsing: fixedStep chrom=6 start=1 step=1000000 span=1000000
Parsing: fixedStep chrom=7 start=1 step=1000000 span=1000000
Parsing: fixedStep chrom=8 start=1 step=1000000 span=1000000
Parsing: fixedStep chrom=9 start=1 step=1000000 span=1000000
Parsing: fixedStep chrom=10 start=1 step=1000000 span=1000000
Parsing: fixedStep chrom=11 start=1 step=1000000 span=1000000
Parsing: fixedStep chrom=12 start=1 step=1000000 span=1000000
Parsing: fixedStep chrom=13 start=1 step=1000000 span=1000000
Parsing: fixedStep chrom=14 start=1 step=1000000 span=1000000
Parsing: fixedStep chrom=15 start=1 step=1000000 span=1000000
Parsing: fixedStep chrom=16 start=1 step=1000000 span=1000000
Parsing: fixedStep chrom=17 start=1 step=1000000 span=1000000
Parsing: fixedStep chrom=18 start=1 step=1000000 span=1000000
Parsing: fixedStep chrom=19 start=1 step=1000000 span=1000000
Parsing: fixedStep chrom=20 start=1 step=1000000 span=1000000
Parsing: fixedStep chrom=21 start=1 step=1000000 span=1000000
Parsing: fixedStep chrom=22 start=1 step=1000000 span=1000000
Parsing: fixedStep chrom=X start=1 step=1000000 span=1000000
Parsing: fixedStep chrom=Y start=1 step=1000000 span=1000000
Sorting by decreasing chromosome size
Reading GC and mappability files
Slurping: ../../inst/extdata/gc_hg19_1000kb.wig
Parsing: fixedStep chrom=1 start=1 step=1000000 span=1000000
Parsing: fixedStep chrom=2 start=1 step=1000000 span=1000000
Parsing: fixedStep chrom=3 start=1 step=1000000 span=1000000
Parsing: fixedStep chrom=4 start=1 step=1000000 span=1000000
Parsing: fixedStep chrom=5 start=1 step=1000000 span=1000000
Parsing: fixedStep chrom=6 start=1 step=1000000 span=1000000
Parsing: fixedStep chrom=7 start=1 step=1000000 span=1000000
Parsing: fixedStep chrom=8 start=1 step=1000000 span=1000000
Parsing: fixedStep chrom=9 start=1 step=1000000 span=1000000
Parsing: fixedStep chrom=10 start=1 step=1000000 span=1000000
Parsing: fixedStep chrom=11 start=1 step=1000000 span=1000000
Parsing: fixedStep chrom=12 start=1 step=1000000 span=1000000
Parsing: fixedStep chrom=13 start=1 step=1000000 span=1000000
Parsing: fixedStep chrom=14 start=1 step=1000000 span=1000000
Parsing: fixedStep chrom=15 start=1 step=1000000 span=1000000
Parsing: fixedStep chrom=16 start=1 step=1000000 span=1000000
Parsing: fixedStep chrom=17 start=1 step=1000000 span=1000000
Parsing: fixedStep chrom=18 start=1 step=1000000 span=1000000
Parsing: fixedStep chrom=19 start=1 step=1000000 span=1000000
Parsing: fixedStep chrom=20 start=1 step=1000000 span=1000000
Parsing: fixedStep chrom=21 start=1 step=1000000 span=1000000
Parsing: fixedStep chrom=22 start=1 step=1000000 span=1000000
Parsing: fixedStep chrom=X start=1 step=1000000 span=1000000
Parsing: fixedStep chrom=Y start=1 step=1000000 span=1000000
Sorting by decreasing chromosome size
Slurping: ../../inst/extdata/map_hg19_1000kb.wig
Parsing: fixedStep chrom=1 start=1 step=1000000 span=1000000
Parsing: fixedStep chrom=2 start=1 step=1000000 span=1000000
Parsing: fixedStep chrom=3 start=1 step=1000000 span=1000000
Parsing: fixedStep chrom=4 start=1 step=1000000 span=1000000
Parsing: fixedStep chrom=5 start=1 step=1000000 span=1000000
Parsing: fixedStep chrom=6 start=1 step=1000000 span=1000000
Parsing: fixedStep chrom=7 start=1 step=1000000 span=1000000
Parsing: fixedStep chrom=8 start=1 step=1000000 span=1000000
Parsing: fixedStep chrom=9 start=1 step=1000000 span=1000000
Parsing: fixedStep chrom=10 start=1 step=1000000 span=1000000
Parsing: fixedStep chrom=11 start=1 step=1000000 span=1000000
Parsing: fixedStep chrom=12 start=1 step=1000000 span=1000000
Parsing: fixedStep chrom=13 start=1 step=1000000 span=1000000
Parsing: fixedStep chrom=14 start=1 step=1000000 span=1000000
Parsing: fixedStep chrom=15 start=1 step=1000000 span=1000000
Parsing: fixedStep chrom=16 start=1 step=1000000 span=1000000
Parsing: fixedStep chrom=17 start=1 step=1000000 span=1000000
Parsing: fixedStep chrom=18 start=1 step=1000000 span=1000000
Parsing: fixedStep chrom=19 start=1 step=1000000 span=1000000
Parsing: fixedStep chrom=20 start=1 step=1000000 span=1000000
Parsing: fixedStep chrom=21 start=1 step=1000000 span=1000000
Parsing: fixedStep chrom=22 start=1 step=1000000 span=1000000
Parsing: fixedStep chrom=X start=1 step=1000000 span=1000000
Parsing: fixedStep chrom=Y start=1 step=1000000 span=1000000
Sorting by decreasing chromosome size
Correcting Tumour
Removed 97 bins near centromeres.
Applying filter on data...
Correcting for GC bias...
Correcting for mappability bias...
Filtering low uniqueness regions with mappability score < 0.75
Removed 4 bins near centromeres.
Determining gender...Gender female
Outputting to: results/ichorCNA/normal//normal.correctedDepth.txt
Warning messages:
1: In dir.create(paste0(outDir, "/", id, "/"), recursive = TRUE) :
  'results/ichorCNA/normal//normal' already exists
2: In regularize.values(x, y, ties, missing(ties), na.rm = na.rm) :
  collapsing to unique 'x' values
runEM: Initialization
runEM iter1: Expectation
runEM iter1: Maximization
Sample1 n=0.5061, sp=0.506, phi=2, lambda=9696.9,3055.8,9696.8,9695.4,9701.3,9674.1,9671.6, F=5097
runEM iter 1  Log likelihood: 5015.8222579865
runEM iter1 Time: 0.04 min.
runEM iter2: Expectation
runEM iter2: Maximization
Sample1 n=0.5017, sp=0.5004, phi=2, lambda=9696.9,3055.8,9696.8,9695.4,9701.3,9674.1,9671.6, F=5097
runEM iter 2  Log likelihood: 5090.29102365984
runEM iter2 Time: 0.011 min.
runEM iter3: Expectation
runEM iter3: Maximization
Sample1 n=0.5004, sp=0.5004, phi=2, lambda=9696.9,3055.8,9696.8,9695.4,9701.3,9674.1,9671.6, F=5097
runEM iter 3  Log likelihood: 5090.29381713716
runEM iter3 Time: 0.01 min.
runEM iter3: Re-calculating responsibilties from converged parameters.
runEM: Using optimal parameters from iter3
runEM: Total elapsed time: 0.062min.
runViterbi: Segmenting and classifying
runEM: Initialization
runEM iter1: Expectation
runEM iter1: Maximization
Sample1 n=0.6515, sp=0.4164, phi=3, lambda=9714.1,9714,3057,9705.1,9699.1,9691.3,8615.7, F=4498
runEM iter 1  Log likelihood: 4387.12419031294
runEM iter1 Time: 0.045 min.
runEM iter2: Expectation
runEM iter2: Maximization
Sample1 n=0.6207, sp=0.3969, phi=3, lambda=9714.1,9714,3057,9705.1,9699.1,9691.3,8615.7, F=4498
runEM iter 2  Log likelihood: 4486.99769602739
runEM iter2 Time: 0.012 min.
runEM iter3: Expectation
runEM iter3: Maximization
Sample1 n=0.5672, sp=0.4045, phi=3, lambda=9714.1,9714,3057,9705.1,9699.1,9691.3,8615.7, F=4498
runEM iter 3  Log likelihood: 4487.14432107922
runEM iter3 Time: 0.013 min.
runEM iter3: Re-calculating responsibilties from converged parameters.
runEM: Using optimal parameters from iter3
runEM: Total elapsed time: 0.071min.
runViterbi: Segmenting and classifying
runEM: Initialization
runEM iter1: Expectation
runEM iter1: Maximization
Sample1 n=0.5972, sp=0.5683, phi=2, lambda=9689.6,3056.2,9689.2,9726.3,9686.4,9211.2,9607.5, F=5096
runEM iter 1  Log likelihood: 5015.68179929262
runEM iter1 Time: 0.049 min.
runEM iter2: Expectation
runEM iter2: Maximization
Sample1 n=0.5102, sp=0.5068, phi=2, lambda=9689.6,3056.2,9689.2,9726.3,9686.4,9211.2,9607.5, F=5097
runEM iter 2  Log likelihood: 5090.26041826442
runEM iter2 Time: 0.013 min.
runEM iter3: Expectation
runEM iter3: Maximization
Sample1 n=0.5003, sp=0.5005, phi=2, lambda=9689.6,3056.2,9689.2,9726.3,9686.4,9211.2,9607.5, F=5097
runEM iter 3  Log likelihood: 5090.28959975996
runEM iter3 Time: 0.011 min.
runEM iter3: Re-calculating responsibilties from converged parameters.
runEM: Using optimal parameters from iter3
runEM: Total elapsed time: 0.074min.
runViterbi: Segmenting and classifying
runEM: Initialization
runEM iter1: Expectation
runEM iter1: Maximization
Sample1 n=0.8194, sp=0.4737, phi=2.999, lambda=9702.4,9702.3,3100.9,9690.7,9716,9698.3,2436.6, F=4515
runEM iter 1  Log likelihood: 4400.7236030252
runEM iter1 Time: 0.05 min.
runEM iter2: Expectation
runEM iter2: Maximization
Sample1 n=0.842, sp=0.4698, phi=2.995, lambda=9702.4,9702.3,3196,9690.8,9715.8,9698.3,1697, F=4558
runEM iter 2  Log likelihood: 4542.98085378817
runEM iter2 Time: 0.02 min.
runEM iter3: Expectation
runEM iter3: Maximization
Sample1 n=0.8551, sp=0.4695, phi=2.992, lambda=9702.4,9702.3,3196,9690.8,9715.8,9698.3,1697, F=4571
runEM iter 3  Log likelihood: 4561.66116910276
runEM iter3 Time: 0.012 min.
runEM iter4: Expectation
runEM iter4: Maximization
Sample1 n=0.8709, sp=0.4555, phi=2.989, lambda=9702.4,9702.3,3196,9690.8,9715.8,9698.3,1697, F=4583
runEM iter 4  Log likelihood: 4575.52629497376
runEM iter4 Time: 0.012 min.
runEM iter5: Expectation
runEM iter5: Maximization
Sample1 n=0.8807, sp=0.4373, phi=2.986, lambda=9698.6,9686.5,3280.4,10986,9703.3,9697.7,1792.8, F=4598
runEM iter 5  Log likelihood: 4593.00220743897
runEM iter5 Time: 0.029 min.
runEM iter6: Expectation
runEM iter6: Maximization
Sample1 n=0.8857, sp=0.4349, phi=2.985, lambda=9698.6,9686.5,3280.4,10986,9703.3,9697.7,1792.8, F=4607
runEM iter 6  Log likelihood: 4606.21280160054
runEM iter6 Time: 0.023 min.
runEM iter7: Expectation
runEM iter7: Maximization
Sample1 n=0.8899, sp=0.4401, phi=2.984, lambda=9698.6,9686.5,3280.4,10986,9703.3,9697.7,1792.8, F=4613
runEM iter 7  Log likelihood: 4614.21574348483
runEM iter7 Time: 0.013 min.
runEM iter8: Expectation
runEM iter8: Maximization
Sample1 n=0.894, sp=0.4499, phi=2.983, lambda=9698.6,9686.5,3280.4,10986,9703.3,9697.7,1792.8, F=4616
runEM iter 8  Log likelihood: 4618.58021472708
runEM iter8 Time: 0.016 min.
runEM iter8: Re-calculating responsibilties from converged parameters.
runEM: Using optimal parameters from iter8
runEM: Total elapsed time: 0.18min.
runViterbi: Segmenting and classifying
runEM: Initialization
runEM iter1: Expectation
runEM iter1: Maximization
Sample1 n=0.8427, sp=0.5205, phi=1.999, lambda=9707.7,3119.7,9704.2,9657,9727.5,2140,9486.9, F=5116
runEM iter 1  Log likelihood: 5030.60038964611
runEM iter1 Time: 0.046 min.
runEM iter2: Expectation
runEM iter2: Maximization
Sample1 n=0.8627, sp=0.5224, phi=1.996, lambda=9703.8,3236.8,9749.7,9672.2,9716.2,1669,8119.9, F=5157
runEM iter 2  Log likelihood: 5144.47136412115
runEM iter2 Time: 0.03 min.
runEM iter3: Expectation
runEM iter3: Maximization
Sample1 n=0.8684, sp=0.5219, phi=1.995, lambda=9703.8,3236.8,9749.7,9672.2,9716.2,1669,8119.9, F=5169
runEM iter 3  Log likelihood: 5167.64855088801
runEM iter3 Time: 0.013 min.
runEM iter4: Expectation
runEM iter4: Maximization
Sample1 n=0.8739, sp=0.5251, phi=1.992, lambda=9695.3,3306.9,11507,9699.2,9698.4,1663.7,6942.3, F=5175
runEM iter 4  Log likelihood: 5175.82744935047
runEM iter4 Time: 0.037 min.
runEM iter5: Expectation
runEM iter5: Maximization
Sample1 n=0.8782, sp=0.5342, phi=1.99, lambda=9695.3,3306.9,11507,9699.2,9698.4,1663.7,6942.3, F=5180
runEM iter 5  Log likelihood: 5183.00935860331
runEM iter5 Time: 0.012 min.
runEM iter6: Expectation
runEM iter6: Maximization
Sample1 n=0.8805, sp=0.542, phi=1.988, lambda=9695.3,3306.9,11507,9699.2,9698.4,1663.7,6942.3, F=5183
runEM iter 6  Log likelihood: 5186.85681702735
runEM iter6 Time: 0.012 min.
runEM iter6: Re-calculating responsibilties from converged parameters.
runEM: Using optimal parameters from iter6
runEM: Total elapsed time: 0.15min.
runViterbi: Segmenting and classifying
runEM: Initialization
runEM iter1: Expectation
runEM iter1: Maximization
Sample1 n=0.8411, sp=0.4837, phi=2.997, lambda=9704.1,9703,3158.8,9650.3,9779,9648.6,1819.6, F=4539
runEM iter 1  Log likelihood: 4424.25476196946
runEM iter1 Time: 0.056 min.
runEM iter2: Expectation
runEM iter2: Maximization
Sample1 n=0.8556, sp=0.482, phi=2.993, lambda=9704.1,9702.9,3220.2,9654.2,9778.4,9648.9,1640.3, F=4567
runEM iter 2  Log likelihood: 4555.47415830708
runEM iter2 Time: 0.019 min.
runEM iter3: Expectation
runEM iter3: Maximization
Sample1 n=0.8694, sp=0.4702, phi=2.99, lambda=9704.1,9702.9,3220.2,9654.2,9778.4,9648.9,1640.3, F=4579
runEM iter 3  Log likelihood: 4570.80144602816
runEM iter3 Time: 0.012 min.
runEM iter4: Expectation
runEM iter4: Maximization
Sample1 n=0.8809, sp=0.4463, phi=2.987, lambda=9704.1,9702.9,3220.2,9654.2,9778.4,9648.9,1640.3, F=4595
runEM iter 4  Log likelihood: 4589.3569771752
runEM iter4 Time: 0.012 min.
runEM iter5: Expectation
runEM iter5: Maximization
Sample1 n=0.8871, sp=0.447, phi=2.985, lambda=9700.5,9622.2,3303.1,9068.9,9731.9,9676.1,1837.4, F=4605
runEM iter 5  Log likelihood: 4602.80344252746
runEM iter5 Time: 0.033 min.
runEM iter6: Expectation
runEM iter6: Maximization
Sample1 n=0.8937, sp=0.4567, phi=2.984, lambda=9700.5,9622.2,3303.1,9068.9,9731.9,9676.1,1837.4, F=4613
runEM iter 6  Log likelihood: 4614.06829795462
runEM iter6 Time: 0.012 min.
runEM iter7: Expectation
runEM iter7: Maximization
Sample1 n=0.9004, sp=0.4756, phi=2.983, lambda=9700.5,9622.2,3303.1,9068.9,9731.9,9676.1,1837.4, F=4618
runEM iter 7  Log likelihood: 4621.13045472727
runEM iter7 Time: 0.013 min.
runEM iter8: Expectation
runEM iter8: Maximization
Sample1 n=0.908, sp=0.5046, phi=2.982, lambda=9700.5,9622.2,3303.1,9068.9,9731.9,9676.1,1837.4, F=4622
runEM iter 8  Log likelihood: 4625.85965685999
runEM iter8 Time: 0.012 min.
runEM iter9: Expectation
runEM iter9: Maximization
Sample1 n=0.9153, sp=0.5376, phi=2.982, lambda=9700.5,9622.2,3303.1,9068.9,9731.9,9676.1,1837.4, F=4627
runEM iter 9  Log likelihood: 4629.83832459128
runEM iter9 Time: 0.012 min.
runEM iter9: Re-calculating responsibilties from converged parameters.
runEM: Using optimal parameters from iter9
runEM: Total elapsed time: 0.18min.
runViterbi: Segmenting and classifying
runEM: Initialization
runEM iter1: Expectation
runEM iter1: Maximization
Sample1 n=0.8805, sp=0.5135, phi=1.996, lambda=9712.8,3218.4,9715.7,9582.5,9792.1,1552.4,2183.1, F=5154
runEM iter 1  Log likelihood: 5069.30422602998
runEM iter1 Time: 0.046 min.
runEM iter2: Expectation
runEM iter2: Maximization
Sample1 n=0.8976, sp=0.534, phi=1.995, lambda=9711.7,3354.8,9712.1,9584.6,9790.3,1699.7,2052.9, F=5208
runEM iter 2  Log likelihood: 5200.48547797273
runEM iter2 Time: 0.021 min.
runEM iter3: Expectation
runEM iter3: Maximization
Sample1 n=0.9033, sp=0.5437, phi=1.995, lambda=9711.7,3354.8,9712.1,9584.6,9790.3,1699.7,2052.9, F=5225
runEM iter 3  Log likelihood: 5227.05334447089
runEM iter3 Time: 0.012 min.
runEM iter4: Expectation
runEM iter4: Maximization
Sample1 n=0.9064, sp=0.5475, phi=1.994, lambda=8136.6,3433.4,7633.7,9675.1,9705.6,1881.5,2112.4, F=5231
runEM iter 4  Log likelihood: 5235.4884445927
runEM iter4 Time: 0.045 min.
runEM iter5: Expectation
runEM iter5: Maximization
Sample1 n=0.9115, sp=0.5421, phi=1.993, lambda=8136.6,3433.4,7633.7,9675.1,9705.6,1881.5,2112.4, F=5237
runEM iter 5  Log likelihood: 5242.51832299894
runEM iter5 Time: 0.012 min.
runEM iter6: Expectation
runEM iter6: Maximization
Sample1 n=0.9174, sp=0.5306, phi=1.993, lambda=8136.6,3433.4,7633.7,9675.1,9705.6,1881.5,2112.4, F=5243
runEM iter 6  Log likelihood: 5247.61725203321
runEM iter6 Time: 0.013 min.
runEM iter6: Re-calculating responsibilties from converged parameters.
runEM: Using optimal parameters from iter6
runEM: Total elapsed time: 0.15min.
runViterbi: Segmenting and classifying
runEM: Initialization
runEM iter1: Expectation
runEM iter1: Maximization
Sample1 n=0.871, sp=0.4868, phi=2.993, lambda=9700.5,9699.5,3212.3,9627.6,9749.6,9620.9,1529.9, F=4567
runEM iter 1  Log likelihood: 4457.31608752484
runEM iter1 Time: 0.039 min.
runEM iter2: Expectation
runEM iter2: Maximization
Sample1 n=0.8828, sp=0.4635, phi=2.987, lambda=9700.5,9699.5,3212.3,9627.6,9749.6,9620.9,1529.9, F=4589
runEM iter 2  Log likelihood: 4581.10903904156
runEM iter2 Time: 0.013 min.
runEM iter3: Expectation
runEM iter3: Maximization
Sample1 n=0.8894, sp=0.4627, phi=2.986, lambda=9699,9575.2,3291.2,8802.3,9717.9,9665.3,1796.5, F=4601
runEM iter 3  Log likelihood: 4597.58568070011
runEM iter3 Time: 0.039 min.
runEM iter4: Expectation
runEM iter4: Maximization
Sample1 n=0.897, sp=0.4747, phi=2.985, lambda=9699,9575.2,3291.2,8802.3,9717.9,9665.3,1796.5, F=4612
runEM iter 4  Log likelihood: 4611.5909066726
runEM iter4 Time: 0.013 min.
runEM iter5: Expectation
runEM iter5: Maximization
Sample1 n=0.9049, sp=0.499, phi=2.983, lambda=9699,9575.2,3291.2,8802.3,9717.9,9665.3,1796.5, F=4618
runEM iter 5  Log likelihood: 4620.36662773502
runEM iter5 Time: 0.012 min.
runEM iter6: Expectation
runEM iter6: Maximization
Sample1 n=0.913, sp=0.5322, phi=2.983, lambda=9699,9575.2,3291.2,8802.3,9717.9,9665.3,1796.5, F=4623
runEM iter 6  Log likelihood: 4626.11909943831
runEM iter6 Time: 0.018 min.
runEM iter7: Expectation
runEM iter7: Maximization
Sample1 n=0.9189, sp=0.5602, phi=2.982, lambda=9697.6,6915.5,3349.3,5969.7,9689.6,9686.3,1956.1, F=4628
runEM iter 7  Log likelihood: 4629.89903236872
runEM iter7 Time: 0.049 min.
runEM iter7: Re-calculating responsibilties from converged parameters.
runEM: Using optimal parameters from iter7
runEM: Total elapsed time: 0.18min.
runViterbi: Segmenting and classifying
runEM: Initialization
runEM iter1: Expectation
runEM iter1: Maximization
Sample1 n=0.9167, sp=0.4687, phi=2.001, lambda=4713.7,3375.3,5834.9,9622.1,9673.7,1408.3,1647.9, F=5215
runEM iter 1  Log likelihood: 5140.43491712328
runEM iter1 Time: 0.066 min.
runEM iter2: Expectation
runEM iter2: Maximization
Sample1 n=0.9235, sp=0.4864, phi=1.999, lambda=4459.3,3419,5805.3,9631.2,9679.1,1820.9,1776.6, F=5245
runEM iter 2  Log likelihood: 5240.55121622849
runEM iter2 Time: 0.038 min.
runEM iter3: Expectation
runEM iter3: Maximization
Sample1 n=0.9261, sp=0.504, phi=1.996, lambda=4459.3,3419,5805.3,9631.2,9679.1,1820.9,1776.6, F=5258
runEM iter 3  Log likelihood: 5254.77955142798
runEM iter3 Time: 0.014 min.
runEM iter4: Expectation
runEM iter4: Maximization
Sample1 n=0.9266, sp=0.5142, phi=1.994, lambda=4459.3,3419,5805.3,9631.2,9679.1,1820.9,1776.6, F=5263
runEM iter 4  Log likelihood: 5259.85525064844
runEM iter4 Time: 0.012 min.
runEM iter4: Re-calculating responsibilties from converged parameters.
runEM: Using optimal parameters from iter4
runEM: Total elapsed time: 0.13min.
runViterbi: Segmenting and classifying
runEM: Initialization
runEM iter1: Expectation
runEM iter1: Maximization
Sample1 n=0.9257, sp=0.6701, phi=3.001, lambda=9694.4,3428.2,3347.6,1706.7,9641.5,9351.3,1418.8, F=4622
runEM iter 1  Log likelihood: 4525.22807443786
runEM iter1 Time: 0.066 min.
runEM iter2: Expectation
runEM iter2: Maximization
Sample1 n=0.9344, sp=0.6883, phi=2.994, lambda=9696.2,3133.1,3372.7,2149.8,10264,9648.3,1795.7, F=4647
runEM iter 2  Log likelihood: 4641.18040951194
runEM iter2 Time: 0.04 min.
runEM iter3: Expectation
runEM iter3: Maximization
Sample1 n=0.9395, sp=0.6978, phi=2.993, lambda=9696.2,3133.1,3372.7,2149.8,10264,9648.3,1795.7, F=4663
runEM iter 3  Log likelihood: 4661.27391792407
runEM iter3 Time: 0.016 min.
runEM iter4: Expectation
runEM iter4: Maximization
Sample1 n=0.943, sp=0.7071, phi=2.99, lambda=9696.2,3133.1,3372.7,2149.8,10264,9648.3,1795.7, F=4676
runEM iter 4  Log likelihood: 4676.02530608512
runEM iter4 Time: 0.014 min.
runEM iter5: Expectation
runEM iter5: Maximization
Sample1 n=0.946, sp=0.7226, phi=2.988, lambda=9696.2,3133.1,3372.7,2149.8,10264,9648.3,1795.7, F=4685
runEM iter 5  Log likelihood: 4686.13472069512
runEM iter5 Time: 0.012 min.
runEM iter6: Expectation
runEM iter6: Maximization
Sample1 n=0.9487, sp=0.7441, phi=2.985, lambda=9322.5,2431.8,3440.1,2081.5,8863.7,9518,1956.5, F=4693
runEM iter 6  Log likelihood: 4694.29803100209
runEM iter6 Time: 0.045 min.
runEM iter7: Expectation
runEM iter7: Maximization
Sample1 n=0.9516, sp=0.7589, phi=2.983, lambda=9322.5,2431.8,3440.1,2081.5,8863.7,9518,1956.5, F=4705
runEM iter 7  Log likelihood: 4707.51517181915
runEM iter7 Time: 0.012 min.
runEM iter8: Expectation
runEM iter8: Maximization
Sample1 n=0.9541, sp=0.7777, phi=2.98, lambda=9322.5,2431.8,3440.1,2081.5,8863.7,9518,1956.5, F=4713
runEM iter 8  Log likelihood: 4716.04020037068
runEM iter8 Time: 0.012 min.
runEM iter9: Expectation
runEM iter9: Maximization
Sample1 n=0.9566, sp=0.8018, phi=2.979, lambda=9322.5,2431.8,3440.1,2081.5,8863.7,9518,1956.5, F=4720
runEM iter 9  Log likelihood: 4723.20377362293
runEM iter9 Time: 0.012 min.
runEM iter10: Expectation
runEM iter10: Maximization
Sample1 n=0.9593, sp=0.8331, phi=2.979, lambda=9322.5,2431.8,3440.1,2081.5,8863.7,9518,1956.5, F=4729
runEM iter 10  Log likelihood: 4730.75989347982
runEM iter10 Time: 0.014 min.
runEM iter11: Expectation
runEM iter11: Maximization
Sample1 n=0.9615, sp=0.8576, phi=2.979, lambda=9322.5,2431.8,3440.1,2081.5,8863.7,9518,1956.5, F=4740
runEM iter 11  Log likelihood: 4739.41963209801
runEM iter11 Time: 0.018 min.
runEM iter12: Expectation
runEM iter12: Maximization
Sample1 n=0.9627, sp=0.8645, phi=2.978, lambda=9322.5,2431.8,3440.1,2081.5,8863.7,9518,1956.5, F=4747
runEM iter 12  Log likelihood: 4746.13895799099
runEM iter12 Time: 0.012 min.
runEM iter13: Expectation
runEM iter13: Maximization
Sample1 n=0.9633, sp=0.8608, phi=2.978, lambda=9322.5,2431.8,3440.1,2081.5,8863.7,9518,1956.5, F=4752
runEM iter 13  Log likelihood: 4750.07694474006
runEM iter13 Time: 0.012 min.
runEM iter13: Re-calculating responsibilties from converged parameters.
runEM: Using optimal parameters from iter13
runEM: Total elapsed time: 0.28min.
runViterbi: Segmenting and classifying
runEM: Initialization
runEM iter1: Expectation
runEM iter1: Maximization
Sample1 n=0.952, sp=0.2856, phi=1.993, lambda=2284.9,3424.7,3798.9,7708.4,9557.9,1279.2,1711.3, F=5245
runEM iter 1  Log likelihood: 5179.32796344304
runEM iter1 Time: 0.073 min.
runEM iter2: Expectation
runEM iter2: Maximization
Sample1 n=0.9515, sp=0.2839, phi=1.988, lambda=2285.8,3447.7,5438.7,8240.5,9753.3,1758.2,1811.4, F=5262
runEM iter 2  Log likelihood: 5264.83284435272
runEM iter2 Time: 0.037 min.
runEM iter3: Expectation
runEM iter3: Maximization
Sample1 n=0.9508, sp=0.3026, phi=1.984, lambda=2285.8,3447.7,5438.7,8240.5,9753.3,1758.2,1811.4, F=5268
runEM iter 3  Log likelihood: 5270.91175843413
runEM iter3 Time: 0.021 min.
runEM iter4: Expectation
runEM iter4: Maximization
Sample1 n=0.9497, sp=0.3187, phi=1.983, lambda=2285.8,3447.7,5438.7,8240.5,9753.3,1758.2,1811.4, F=5269
runEM iter 4  Log likelihood: 5271.68622326869
runEM iter4 Time: 0.012 min.
runEM iter4: Re-calculating responsibilties from converged parameters.
runEM: Using optimal parameters from iter4
runEM: Total elapsed time: 0.14min.
runViterbi: Segmenting and classifying
Total ULP-WGS HMM Runtime: 2.3 min.
Writing segments to results/ichorCNA/normal//normal.seg
Outputting to bin-level results to results/ichorCNA/normal//normal.cna.seg
