$WIG
[1] "results/readDepth/SA1015.bin1000000.wig"

$gcWig
[1] "../../inst/extdata/gc_hg19_1000kb.wig"

$mapWig
[1] "../../inst/extdata/map_hg19_1000kb.wig"

$normalPanel
[1] "../../inst/extdata/HD_ULP_PoN_1Mb_median_normAutosome_mapScoreFiltered_median.rds"

$exons.bed
[1] "None"

$id
[1] "SA1015"

$centromere
[1] "../Loading required package: data.table
Loading required package: stats4
Loading required package: BiocGenerics
Loading required package: parallel

Attaching package: 'BiocGenerics'

The following objects are masked from 'package:parallel':

    clusterApply, clusterApplyLB, clusterCall, clusterEvalQ,
    clusterExport, clusterMap, parApply, parCapply, parLapply,
    parLapplyLB, parRapply, parSapply, parSapplyLB

The following objects are masked from 'package:stats':

    IQR, mad, sd, var, xtabs

The following objects are masked from 'package:base':

    Filter, Find, Map, Position, Reduce, anyDuplicated, append,
    as.data.frame, basename, cbind, colnames, dirname, do.call,
    duplicated, eval, evalq, get, grep, grepl, intersect, is.unsorted,
    lapply, mapply, match, mget, order, paste, pmax, pmax.int, pmin,
    pmin.int, rank, rbind, rownames, sapply, setdiff, sort, table,
    tapply, union, unique, unsplit, which.max, which.min

Loading required package: S4Vectors

Attaching package: 'S4Vectors'

The following objects are masked from 'package:data.table':

    first, second

The following objects are masked from 'package:base':

    I, expand.grid, unname

Loading required package: IRanges

Attaching package: 'IRanges'

The following object is masked from 'package:data.table':

    shift

Loading required package: GenomeInfoDb

Attaching package: 'ichorCNA'

The following object is masked from 'package:HMMcopy':

    HMMsegment

Warning message:
In library(package, lib.loc = lib.loc, character.only = TRUE, logical.return = TRUE,  :
  there is no package called 'BSgenome.Hsapiens.UCSC.hg19'
Loading tumour file:SA1015
Slurping: results/readDepth/SA1015.bin1000000.wig
Parsing: fixedStep chrom=1 start=1 step=1000000 span=1000000
Parsing: fixedStep chrom=2 start=1 step=1000000 span=1000000
Parsing: fixedStep chrom=3 start=1 step=1000000 span=1000000
Parsing: fixedStep chrom=4 start=1 step=1000000 span=1000000
Parsing: fixedStep chrom=5 start=1 step=1000000 span=1000000
Parsing: fixedStep chrom=6 start=1 step=1000000 span=1000000
Parsing: fixedStep chrom=7 start=1 step=1000000 span=1000000
Parsing: fixedStep chrom=8 start=1 step=1000000 span=1000000
Parsing: fixedStep chrom=9 start=1 step=1000000 span=1000000
Parsing: fixedStep chrom=10 start=1 step=1000000 span=1000000
Parsing: fixedStep chrom=11 start=1 step=1000000 span=1000000
Parsing: fixedStep chrom=12 start=1 step=1000000 span=1000000
Parsing: fixedStep chrom=13 start=1 step=1000000 span=1000000
Parsing: fixedStep chrom=14 start=1 step=1000000 span=1000000
Parsing: fixedStep chrom=15 start=1 step=1000000 span=1000000
Parsing: fixedStep chrom=16 start=1 step=1000000 span=1000000
Parsing: fixedStep chrom=17 start=1 step=1000000 span=1000000
Parsing: fixedStep chrom=18 start=1 step=1000000 span=1000000
Parsing: fixedStep chrom=19 start=1 step=1000000 span=1000000
Parsing: fixedStep chrom=20 start=1 step=1000000 span=1000000
Parsing: fixedStep chrom=21 start=1 step=1000000 span=1000000
Parsing: fixedStep chrom=22 start=1 step=1000000 span=1000000
Parsing: fixedStep chrom=X start=1 step=1000000 span=1000000
Parsing: fixedStep chrom=Y start=1 step=1000000 span=1000000
Sorting by decreasing chromosome size
Reading GC and mappability files
Slurping: ../../inst/extdata/gc_hg19_1000kb.wig
Parsing: fixedStep chrom=1 start=1 step=1000000 span=1000000
Parsing: fixedStep chrom=2 start=1 step=1000000 span=1000000
Parsing: fixedStep chrom=3 start=1 step=1000000 span=1000000
Parsing: fixedStep chrom=4 start=1 step=1000000 span=1000000
Parsing: fixedStep chrom=5 start=1 step=1000000 span=1000000
Parsing: fixedStep chrom=6 start=1 step=1000000 span=1000000
Parsing: fixedStep chrom=7 start=1 step=1000000 span=1000000
Parsing: fixedStep chrom=8 start=1 step=1000000 span=1000000
Parsing: fixedStep chrom=9 start=1 step=1000000 span=1000000
Parsing: fixedStep chrom=10 start=1 step=1000000 span=1000000
Parsing: fixedStep chrom=11 start=1 step=1000000 span=1000000
Parsing: fixedStep chrom=12 start=1 step=1000000 span=1000000
Parsing: fixedStep chrom=13 start=1 step=1000000 span=1000000
Parsing: fixedStep chrom=14 start=1 step=1000000 span=1000000
Parsing: fixedStep chrom=15 start=1 step=1000000 span=1000000
Parsing: fixedStep chrom=16 start=1 step=1000000 span=1000000
Parsing: fixedStep chrom=17 start=1 step=1000000 span=1000000
Parsing: fixedStep chrom=18 start=1 step=1000000 span=1000000
Parsing: fixedStep chrom=19 start=1 step=1000000 span=1000000
Parsing: fixedStep chrom=20 start=1 step=1000000 span=1000000
Parsing: fixedStep chrom=21 start=1 step=1000000 span=1000000
Parsing: fixedStep chrom=22 start=1 step=1000000 span=1000000
Parsing: fixedStep chrom=X start=1 step=1000000 span=1000000
Parsing: fixedStep chrom=Y start=1 step=1000000 span=1000000
Sorting by decreasing chromosome size
Slurping: ../../inst/extdata/map_hg19_1000kb.wig
Parsing: fixedStep chrom=1 start=1 step=1000000 span=1000000
Parsing: fixedStep chrom=2 start=1 step=1000000 span=1000000
Parsing: fixedStep chrom=3 start=1 step=1000000 span=1000000
Parsing: fixedStep chrom=4 start=1 step=1000000 span=1000000
Parsing: fixedStep chrom=5 start=1 step=1000000 span=1000000
Parsing: fixedStep chrom=6 start=1 step=1000000 span=1000000
Parsing: fixedStep chrom=7 start=1 step=1000000 span=1000000
Parsing: fixedStep chrom=8 start=1 step=1000000 span=1000000
Parsing: fixedStep chrom=9 start=1 step=1000000 span=1000000
Parsing: fixedStep chrom=10 start=1 step=1000000 span=1000000
Parsing: fixedStep chrom=11 start=1 step=1000000 span=1000000
Parsing: fixedStep chrom=12 start=1 step=1000000 span=1000000
Parsing: fixedStep chrom=13 start=1 step=1000000 span=1000000
Parsing: fixedStep chrom=14 start=1 step=1000000 span=1000000
Parsing: fixedStep chrom=15 start=1 step=1000000 span=1000000
Parsing: fixedStep chrom=16 start=1 step=1000000 span=1000000
Parsing: fixedStep chrom=17 start=1 step=1000000 span=1000000
Parsing: fixedStep chrom=18 start=1 step=1000000 span=1000000
Parsing: fixedStep chrom=19 start=1 step=1000000 span=1000000
Parsing: fixedStep chrom=20 start=1 step=1000000 span=1000000
Parsing: fixedStep chrom=21 start=1 step=1000000 span=1000000
Parsing: fixedStep chrom=22 start=1 step=1000000 span=1000000
Parsing: fixedStep chrom=X start=1 step=1000000 span=1000000
Parsing: fixedStep chrom=Y start=1 step=1000000 span=1000000
Sorting by decreasing chromosome size
Correcting Tumour
Removed 97 bins near centromeres.
Applying filter on data...
Correcting for GC bias...
Correcting for mappability bias...
Filtering low uniqueness regions with mappability score < 0.75
Removed 4 bins near centromeres.
Determining gender...Gender female
Outputting to: results/ichorCNA/SA1015//SA1015.correctedDepth.txt
Warning message:
In regularize.values(x, y, ties, missing(ties), na.rm = na.rm) :
  collapsing to unique 'x' values
runEM: Initialization
runEM iter1: Expectation
runEM iter1: Maximization
Sample1 n=0.4931, sp=0.4919, phi=2.022, lambda=83.574,32.787,79.525,75.593,83.089,81.637,74, F=-375.9
runEM iter 1  Log likelihood: -411.944175134789
runEM iter1 Time: 0.04 min.
runEM iter2: Expectation
runEM iter2: Maximization
Sample1 n=0.5436, sp=0.5061, phi=2.015, lambda=83.687,32.765,83.255,82.805,82.782,51.134,82.135, F=-363.6
runEM iter 2  Log likelihood: -370.435772587127
runEM iter2 Time: 0.034 min.
runEM iter3: Expectation
runEM iter3: Maximization
Sample1 n=0.5869, sp=0.5143, phi=2.007, lambda=83.682,32.828,83.435,83.184,82.325,41.034,82.472, F=-329.7
runEM iter 3  Log likelihood: -338.528978078009
runEM iter3 Time: 0.026 min.
runEM iter4: Expectation
runEM iter4: Maximization
Sample1 n=0.6313, sp=0.5236, phi=2, lambda=83.665,32.92,83.549,83.401,82.394,36.456,82.659, F=-306.2
runEM iter 4  Log likelihood: -315.607517946003
runEM iter4 Time: 0.024 min.
runEM iter5: Expectation
runEM iter5: Maximization
Sample1 n=0.6663, sp=0.5314, phi=1.988, lambda=83.665,33.098,83.549,83.401,82.402,34.045,82.658, F=-278.9
runEM iter 5  Log likelihood: -289.712155618414
runEM iter5 Time: 0.017 min.
runEM iter6: Expectation
runEM iter6: Maximization
Sample1 n=0.6779, sp=0.5393, phi=1.976, lambda=83.663,33.219,83.55,83.402,82.412,33.451,82.653, F=-263.4
runEM iter 6  Log likelihood: -275.060049129819
runEM iter6 Time: 0.017 min.
runEM iter7: Expectation
runEM iter7: Maximization
Sample1 n=0.6818, sp=0.5465, phi=1.968, lambda=83.15,33.232,83.612,83.447,83.205,33.583,81.91, F=-256.5
runEM iter 7  Log likelihood: -268.511742972842
runEM iter7 Time: 0.026 min.
runEM iter8: Expectation
runEM iter8: Maximization
Sample1 n=0.6837, sp=0.5527, phi=1.962, lambda=83.146,33.21,83.612,83.447,83.205,33.825,81.903, F=-252.7
runEM iter 8  Log likelihood: -264.866184029493
runEM iter8 Time: 0.017 min.
runEM iter9: Expectation
runEM iter9: Maximization
Sample1 n=0.6836, sp=0.5581, phi=1.957, lambda=82.688,33.185,83.646,83.449,83.25,34.029,80.67, F=-250.3
runEM iter 9  Log likelihood: -262.609955337726
runEM iter9 Time: 0.026 min.
runEM iter10: Expectation
runEM iter10: Maximization
Sample1 n=0.6816, sp=0.5625, phi=1.954, lambda=82.506,33.165,83.654,83.45,83.255,34.172,79.874, F=-248.8
runEM iter 10  Log likelihood: -261.22272909473
runEM iter10 Time: 0.026 min.
runEM iter11: Expectation
runEM iter11: Maximization
Sample1 n=0.6782, sp=0.5659, phi=1.952, lambda=82.506,33.152,83.654,83.45,83.255,34.263,79.866, F=-247.9
runEM iter 11  Log likelihood: -260.387361014504
runEM iter11 Time: 0.03 min.
runEM iter12: Expectation
runEM iter12: Maximization
Sample1 n=0.6745, sp=0.5687, phi=1.951, lambda=82.606,33.145,83.651,83.454,83.239,34.326,78.599, F=-247.3
runEM iter 12  Log likelihood: -259.845930242791
runEM iter12 Time: 0.028 min.
runEM iter13: Expectation
runEM iter13: Maximization
Sample1 n=0.6706, sp=0.5711, phi=1.95, lambda=82.754,33.14,83.647,83.457,83.223,34.376,77.854, F=-246.8
runEM iter 13  Log likelihood: -259.386326655576
runEM iter13 Time: 0.031 min.
runEM iter14: Expectation
runEM iter14: Maximization
Sample1 n=0.6668, sp=0.5732, phi=1.95, lambda=82.905,33.136,83.643,83.459,83.207,34.421,77.248, F=-246.4
runEM iter 14  Log likelihood: -258.962362411396
runEM iter14 Time: 0.026 min.
runEM iter15: Expectation
runEM iter15: Maximization
Sample1 n=0.6632, sp=0.5751, phi=1.949, lambda=83.04,33.132,83.639,83.462,83.191,34.464,76.738, F=-246
runEM iter 15  Log likelihood: -258.550573870904
runEM iter15 Time: 0.023 min.
runEM iter16: Expectation
runEM iter16: Maximization
Sample1 n=0.6598, sp=0.5769, phi=1.949, lambda=83.152,33.129,83.634,83.464,83.176,34.501,76.321, F=-245.6
runEM iter 16  Log likelihood: -258.15996714376
runEM iter16 Time: 0.025 min.
runEM iter17: Expectation
runEM iter17: Maximization
Sample1 n=0.6567, sp=0.5786, phi=1.949, lambda=83.154,33.124,83.634,83.464,83.175,34.535,76.316, F=-245.3
runEM iter 17  Log likelihood: -257.806981979005
runEM iter17 Time: 0.017 min.
runEM iter18: Expectation
runEM iter18: Maximization
Sample1 n=0.6539, sp=0.5802, phi=1.949, lambda=83.156,33.124,83.634,83.464,83.175,34.563,76.308, F=-245
runEM iter 18  Log likelihood: -257.516620235435
runEM iter18 Time: 0.019 min.
runEM iter19: Expectation
runEM iter19: Maximization
Sample1 n=0.6515, sp=0.5817, phi=1.949, lambda=83.287,33.122,83.628,83.468,83.148,34.584,75.707, F=-244.7
runEM iter 19  Log likelihood: -257.283404128551
runEM iter19 Time: 0.03 min.
runEM iter19: Re-calculating responsibilties from converged parameters.
runEM: Using optimal parameters from iter19
runEM: Total elapsed time: 0.48min.
runViterbi: Segmenting and classifying
runEM: Initialization
runEM iter1: Expectation
runEM iter1: Maximization
Sample1 n=0.7447, sp=0.4965, phi=3.037, lambda=83.672,45.642,32.833,48.89,79.878,82.84,74.521, F=-951
runEM iter 1  Log likelihood: -1017.22835434937
runEM iter1 Time: 0.049 min.
runEM iter2: Expectation
runEM iter2: Maximization
Sample1 n=0.8025, sp=0.5048, phi=3.005, lambda=83.662,37.13,32.885,57.098,83.352,83.459,76.371, F=-871.5
runEM iter 2  Log likelihood: -884.04688425354
runEM iter2 Time: 0.042 min.
runEM iter3: Expectation
runEM iter3: Maximization
Sample1 n=0.836, sp=0.4995, phi=2.95, lambda=83.615,33.158,33.247,59.894,83.602,82.059,79.842, F=-752.9
runEM iter 3  Log likelihood: -766.70338129186
runEM iter3 Time: 0.054 min.
runEM iter4: Expectation
runEM iter4: Maximization
Sample1 n=0.8489, sp=0.4964, phi=2.902, lambda=82.974,33.562,33.271,62.99,83.992,78.978,80.391, F=-676.1
runEM iter 4  Log likelihood: -689.476748711668
runEM iter4 Time: 0.039 min.
runEM iter5: Expectation
runEM iter5: Maximization
Sample1 n=0.8543, sp=0.494, phi=2.869, lambda=81.927,34.032,33.189,69.152,84.031,77.255,79.982, F=-631.6
runEM iter 5  Log likelihood: -645.258931442402
runEM iter5 Time: 0.03 min.
runEM iter6: Expectation
runEM iter6: Maximization
Sample1 n=0.8556, sp=0.4922, phi=2.856, lambda=79.983,34.105,33.162,77.12,83.982,75.11,79.114, F=-615.6
runEM iter 6  Log likelihood: -629.405809414064
runEM iter6 Time: 0.029 min.
runEM iter7: Expectation
runEM iter7: Maximization
Sample1 n=0.8563, sp=0.4899, phi=2.851, lambda=78.086,34.098,33.155,81.113,83.923,72.486,78.279, F=-610.4
runEM iter 7  Log likelihood: -624.229497046672
runEM iter7 Time: 0.026 min.
runEM iter8: Expectation
runEM iter8: Maximization
Sample1 n=0.8568, sp=0.4869, phi=2.849, lambda=76.487,34.091,33.153,82.198,83.886,69.645,77.658, F=-608.1
runEM iter 8  Log likelihood: -621.965318231446
runEM iter8 Time: 0.037 min.
runEM iter9: Expectation
runEM iter9: Maximization
Sample1 n=0.8571, sp=0.4833, phi=2.848, lambda=75.504,34.084,33.152,82.316,83.875,65.639,77.284, F=-606.8
runEM iter 9  Log likelihood: -620.592565680926
runEM iter9 Time: 0.023 min.
runEM iter10: Expectation
runEM iter10: Maximization
Sample1 n=0.8575, sp=0.4775, phi=2.848, lambda=74.297,34.074,33.15,82.406,83.857,59.857,76.788, F=-605.5
runEM iter 10  Log likelihood: -619.268464434726
runEM iter10 Time: 0.026 min.
runEM iter11: Expectation
runEM iter11: Maximization
Sample1 n=0.858, sp=0.4681, phi=2.847, lambda=74.019,34.065,33.15,82.416,83.853,52.231,76.612, F=-603.4
runEM iter 11  Log likelihood: -617.155821200563
runEM iter11 Time: 0.022 min.
runEM iter12: Expectation
runEM iter12: Maximization
Sample1 n=0.8593, sp=0.4589, phi=2.844, lambda=74.022,34.049,33.15,82.424,83.849,45.41,76.495, F=-599.7
runEM iter 12  Log likelihood: -613.382573345811
runEM iter12 Time: 0.022 min.
runEM iter13: Expectation
runEM iter13: Maximization
Sample1 n=0.8617, sp=0.4601, phi=2.841, lambda=74.556,34.046,33.15,82.487,83.803,41.505,75.652, F=-594.9
runEM iter 13  Log likelihood: -608.460664424796
runEM iter13 Time: 0.029 min.
runEM iter14: Expectation
runEM iter14: Maximization
Sample1 n=0.8641, sp=0.4664, phi=2.838, lambda=74.687,34.06,33.147,82.506,83.755,39.511,74.829, F=-590
runEM iter 14  Log likelihood: -603.420438644353
runEM iter14 Time: 0.032 min.
runEM iter15: Expectation
runEM iter15: Maximization
Sample1 n=0.866, sp=0.4716, phi=2.835, lambda=74.658,34.074,33.145,82.506,83.752,38.436,74.778, F=-585.6
runEM iter 15  Log likelihood: -598.861339546909
runEM iter15 Time: 0.02 min.
runEM iter16: Expectation
runEM iter16: Maximization
Sample1 n=0.8675, sp=0.4749, phi=2.832, lambda=73.69,34.085,33.142,82.496,83.677,37.811,73.935, F=-582.1
runEM iter 16  Log likelihood: -595.233376213611
runEM iter16 Time: 0.033 min.
runEM iter17: Expectation
runEM iter17: Maximization
Sample1 n=0.8685, sp=0.4761, phi=2.83, lambda=72.349,34.094,33.139,82.484,83.637,37.454,73.073, F=-579.2
runEM iter 17  Log likelihood: -592.198249427588
runEM iter17 Time: 0.029 min.
runEM iter18: Expectation
runEM iter18: Maximization
Sample1 n=0.8694, sp=0.4761, phi=2.828, lambda=70.541,34.095,33.136,82.471,83.609,37.19,72.094, F=-576.8
runEM iter 18  Log likelihood: -589.711557794346
runEM iter18 Time: 0.031 min.
runEM iter19: Expectation
runEM iter19: Maximization
Sample1 n=0.8701, sp=0.4755, phi=2.827, lambda=68.163,34.094,33.135,82.459,83.588,37.022,70.962, F=-574.7
runEM iter 19  Log likelihood: -587.534704906202
runEM iter19 Time: 0.035 min.
runEM iter20: Expectation
runEM iter20: Maximization
Sample1 n=0.8708, sp=0.4743, phi=2.825, lambda=64.909,34.092,33.132,82.446,83.57,36.896,69.617, F=-572.6
runEM iter 20  Log likelihood: -585.428062581882
runEM iter20 Time: 0.029 min.
runEM iter21: Expectation
runEM iter21: Maximization
Sample1 n=0.8717, sp=0.4728, phi=2.824, lambda=60.479,34.088,33.129,82.432,83.553,36.786,68.05, F=-570.3
runEM iter 21  Log likelihood: -583.074028854485
runEM iter21 Time: 0.029 min.
runEM iter22: Expectation
runEM iter22: Maximization
Sample1 n=0.8729, sp=0.4709, phi=2.822, lambda=55.1,34.081,33.125,82.406,83.522,36.658,65.539, F=-567.3
runEM iter 22  Log likelihood: -579.977168647696
runEM iter22 Time: 0.042 min.
runEM iter23: Expectation
runEM iter23: Maximization
Sample1 n=0.8747, sp=0.4679, phi=2.819, lambda=49.87,34.068,33.118,82.376,83.489,36.49,61.916, F=-562.4
runEM iter 23  Log likelihood: -575.055059302341
runEM iter23 Time: 0.041 min.
runEM iter24: Expectation
runEM iter24: Maximization
Sample1 n=0.8772, sp=0.4622, phi=2.814, lambda=46.088,34.053,33.103,82.34,83.45,36.274,56.751, F=-554.6
runEM iter 24  Log likelihood: -567.093420241052
runEM iter24 Time: 0.042 min.
runEM iter25: Expectation
runEM iter25: Maximization
Sample1 n=0.88, sp=0.451, phi=2.807, lambda=43.7,34.036,33.073,82.307,83.412,36.04,50.242, F=-541.5
runEM iter 25  Log likelihood: -553.721238946894
runEM iter25 Time: 0.04 min.
runEM iter26: Expectation
runEM iter26: Maximization
Sample1 n=0.8826, sp=0.432, phi=2.798, lambda=42.156,34.002,33.012,82.291,83.391,35.812,44.124, F=-517.8
runEM iter 26  Log likelihood: -529.684933184828
runEM iter26 Time: 0.029 min.
runEM iter27: Expectation
runEM iter27: Maximization
Sample1 n=0.8848, sp=0.408, phi=2.786, lambda=41.079,33.94,32.929,82.274,83.365,35.632,40.206, F=-482.2
runEM iter 27  Log likelihood: -493.3886749496
runEM iter27 Time: 0.029 min.
runEM iter28: Expectation
runEM iter28: Maximization
Sample1 n=0.8867, sp=0.3832, phi=2.772, lambda=40.254,33.899,32.856,82.253,83.331,35.497,38.134, F=-445.5
runEM iter 28  Log likelihood: -456.063932104659
runEM iter28 Time: 0.033 min.
runEM iter29: Expectation
runEM iter29: Maximization
Sample1 n=0.8884, sp=0.3611, phi=2.757, lambda=39.573,33.886,32.808,82.239,83.308,35.371,36.982, F=-413.3
runEM iter 29  Log likelihood: -423.289132234216
runEM iter29 Time: 0.03 min.
runEM iter30: Expectation
runEM iter30: Maximization
Sample1 n=0.89, sp=0.3436, phi=2.742, lambda=38.966,33.888,32.767,82.226,83.287,35.239,36.286, F=-385.5
runEM iter 30  Log likelihood: -395.037896992753
runEM iter30 Time: 0.026 min.
runEM iter31: Expectation
runEM iter31: Maximization
Sample1 n=0.8916, sp=0.3308, phi=2.728, lambda=38.417,33.893,32.737,82.211,83.263,35.102,35.834, F=-361.4
runEM iter 31  Log likelihood: -370.534296905747
runEM iter31 Time: 0.025 min.
runEM iter32: Expectation
runEM iter32: Maximization
Sample1 n=0.8932, sp=0.3217, phi=2.713, lambda=37.914,33.895,32.706,82.201,83.246,34.948,35.526, F=-340.2
runEM iter 32  Log likelihood: -349.002269190153
runEM iter32 Time: 0.021 min.
runEM iter33: Expectation
runEM iter33: Maximization
Sample1 n=0.8947, sp=0.3156, phi=2.698, lambda=37.467,33.897,32.678,82.194,83.234,34.782,35.311, F=-321.3
runEM iter 33  Log likelihood: -329.750638633459
runEM iter33 Time: 0.021 min.
runEM iter34: Expectation
runEM iter34: Maximization
Sample1 n=0.8963, sp=0.3117, phi=2.683, lambda=37.051,33.897,32.65,82.187,83.222,34.645,35.155, F=-304
runEM iter 34  Log likelihood: -312.236103895294
runEM iter34 Time: 0.021 min.
runEM iter35: Expectation
runEM iter35: Maximization
Sample1 n=0.8977, sp=0.3094, phi=2.669, lambda=36.674,33.895,32.623,82.179,83.208,34.529,35.042, F=-288.1
runEM iter 35  Log likelihood: -296.074048401206
runEM iter35 Time: 0.023 min.
runEM iter36: Expectation
runEM iter36: Maximization
Sample1 n=0.8991, sp=0.3083, phi=2.654, lambda=36.34,33.889,32.595,82.171,83.195,34.426,34.959, F=-273.3
runEM iter 36  Log likelihood: -280.996550368869
runEM iter36 Time: 0.023 min.
runEM iter37: Expectation
runEM iter37: Maximization
Sample1 n=0.9004, sp=0.3082, phi=2.639, lambda=36.048,33.88,32.565,82.163,83.182,34.342,34.9, F=-259.3
runEM iter 37  Log likelihood: -266.826941463535
runEM iter37 Time: 0.023 min.
runEM iter38: Expectation
runEM iter38: Maximization
Sample1 n=0.9015, sp=0.3089, phi=2.625, lambda=35.794,33.867,32.534,82.156,83.17,34.277,34.859, F=-246.1
runEM iter 38  Log likelihood: -253.454778342272
runEM iter38 Time: 0.023 min.
runEM iter39: Expectation
runEM iter39: Maximization
Sample1 n=0.9026, sp=0.3103, phi=2.61, lambda=35.576,33.85,32.501,82.15,83.159,34.231,34.833, F=-233.6
runEM iter 39  Log likelihood: -240.81093802253
runEM iter39 Time: 0.023 min.
runEM iter40: Expectation
runEM iter40: Maximization
Sample1 n=0.9035, sp=0.3122, phi=2.596, lambda=35.389,33.829,32.467,82.144,83.149,34.2,34.819, F=-221.8
runEM iter 40  Log likelihood: -228.848588539351
runEM iter40 Time: 0.023 min.
runEM iter41: Expectation
runEM iter41: Maximization
Sample1 n=0.9044, sp=0.3146, phi=2.581, lambda=35.23,33.805,32.43,82.139,83.139,34.184,34.816, F=-210.6
runEM iter 41  Log likelihood: -217.532205611885
runEM iter41 Time: 0.022 min.
runEM iter42: Expectation
runEM iter42: Maximization
Sample1 n=0.9051, sp=0.3174, phi=2.567, lambda=35.095,33.779,32.391,82.134,83.131,34.178,34.823, F=-200.1
runEM iter 42  Log likelihood: -206.830716601289
runEM iter42 Time: 0.022 min.
runEM iter43: Expectation
runEM iter43: Maximization
Sample1 n=0.9057, sp=0.3205, phi=2.553, lambda=34.98,33.75,32.349,82.129,83.122,34.183,34.837, F=-190
runEM iter 43  Log likelihood: -196.715455365735
runEM iter43 Time: 0.022 min.
runEM iter44: Expectation
runEM iter44: Maximization
Sample1 n=0.9063, sp=0.3239, phi=2.54, lambda=34.881,33.72,32.305,82.125,83.112,34.195,34.858, F=-180.6
runEM iter 44  Log likelihood: -187.158938728424
runEM iter44 Time: 0.022 min.
runEM iter45: Expectation
runEM iter45: Maximization
Sample1 n=0.9067, sp=0.3276, phi=2.526, lambda=34.797,33.69,32.259,82.12,83.103,34.213,34.885, F=-171.6
runEM iter 45  Log likelihood: -178.134449607082
runEM iter45 Time: 0.022 min.
runEM iter46: Expectation
runEM iter46: Maximization
Sample1 n=0.9071, sp=0.3314, phi=2.513, lambda=34.723,33.658,32.211,81.998,82.82,34.237,34.917, F=-163.2
runEM iter 46  Log likelihood: -169.616923535736
runEM iter46 Time: 0.032 min.
runEM iter47: Expectation
runEM iter47: Maximization
Sample1 n=0.9074, sp=0.3353, phi=2.5, lambda=34.661,33.627,32.16,81.998,82.819,34.262,34.954, F=-155.2
runEM iter 47  Log likelihood: -161.578740547019
runEM iter47 Time: 0.02 min.
runEM iter48: Expectation
runEM iter48: Maximization
Sample1 n=0.9076, sp=0.3394, phi=2.488, lambda=34.605,33.597,32.107,81.998,82.819,34.29,34.994, F=-147.6
runEM iter 48  Log likelihood: -154.006431622335
runEM iter48 Time: 0.021 min.
runEM iter49: Expectation
runEM iter49: Maximization
Sample1 n=0.9078, sp=0.3436, phi=2.475, lambda=34.557,33.567,32.053,81.998,82.819,34.321,35.036, F=-140.5
runEM iter 49  Log likelihood: -146.875499548359
runEM iter49 Time: 0.021 min.
runEM: Using optimal parameters from iter49
runEM: Total elapsed time: 1.4min.
runViterbi: Segmenting and classifying
runEM: Initialization
runEM iter1: Expectation
runEM iter1: Maximization
Sample1 n=0.6792, sp=0.4947, phi=2.033, lambda=70.133,32.788,79.323,74.201,82.643,81.062,74.051, F=-374.4
runEM iter 1  Log likelihood: -410.2276533836
runEM iter1 Time: 0.052 min.
runEM iter2: Expectation
runEM iter2: Maximization
Sample1 n=0.6728, sp=0.4122, phi=2.021, lambda=70.036,32.75,83.209,83.233,83.217,50.477,78.85, F=-362.4
runEM iter 2  Log likelihood: -369.261707607903
runEM iter2 Time: 0.036 min.
runEM iter3: Expectation
runEM iter3: Maximization
Sample1 n=0.6735, sp=0.4253, phi=2.008, lambda=82.254,32.839,83.399,83.442,83.234,39.421,81.997, F=-323.9
runEM iter 3  Log likelihood: -333.032094054178
runEM iter3 Time: 0.031 min.
runEM iter4: Expectation
runEM iter4: Maximization
Sample1 n=0.7052, sp=0.4434, phi=1.996, lambda=83.399,32.975,83.49,83.437,83.257,35.282,82.608, F=-295.8
runEM iter 4  Log likelihood: -305.686958745895
runEM iter4 Time: 0.028 min.
runEM iter5: Expectation
runEM iter5: Maximization
Sample1 n=0.723, sp=0.4587, phi=1.98, lambda=82.165,33.162,83.506,83.448,83.386,33.626,82.415, F=-270.8
runEM iter 5  Log likelihood: -282.023224495877
runEM iter5 Time: 0.042 min.
runEM iter6: Expectation
runEM iter6: Maximization
Sample1 n=0.7267, sp=0.4724, phi=1.968, lambda=79.359,33.228,83.529,83.449,83.425,33.482,82.098, F=-259.3
runEM iter 6  Log likelihood: -271.009296052078
runEM iter6 Time: 0.042 min.
runEM iter7: Expectation
runEM iter7: Maximization
Sample1 n=0.7276, sp=0.4837, phi=1.959, lambda=76.471,33.217,83.555,83.448,83.432,33.712,81.655, F=-253.6
runEM iter 7  Log likelihood: -265.552638892615
runEM iter7 Time: 0.036 min.
runEM iter8: Expectation
runEM iter8: Maximization
Sample1 n=0.7273, sp=0.4925, phi=1.953, lambda=73.249,33.19,83.573,83.447,83.432,33.945,81.099, F=-250.1
runEM iter 8  Log likelihood: -262.199665736003
runEM iter8 Time: 0.03 min.
runEM iter9: Expectation
runEM iter9: Maximization
Sample1 n=0.7261, sp=0.4987, phi=1.948, lambda=69.332,33.166,83.584,83.447,83.431,34.108,80.518, F=-247.6
runEM iter 9  Log likelihood: -259.89780306634
runEM iter9 Time: 0.033 min.
runEM iter10: Expectation
runEM iter10: Maximization
Sample1 n=0.725, sp=0.5017, phi=1.945, lambda=64.553,33.151,83.589,83.446,83.429,34.202,79.992, F=-245.7
runEM iter 10  Log likelihood: -258.00153642834
runEM iter10 Time: 0.036 min.
runEM iter11: Expectation
runEM iter11: Maximization
Sample1 n=0.7258, sp=0.5009, phi=1.942, lambda=58.907,33.142,83.589,83.447,83.427,34.25,79.549, F=-243.5
runEM iter 11  Log likelihood: -255.827554401327
runEM iter11 Time: 0.027 min.
runEM iter12: Expectation
runEM iter12: Maximization
Sample1 n=0.73, sp=0.4952, phi=1.939, lambda=52.986,33.136,83.58,83.45,83.43,34.269,78.616, F=-240.2
runEM iter 12  Log likelihood: -252.541008298548
runEM iter12 Time: 0.037 min.
runEM iter13: Expectation
runEM iter13: Maximization
Sample1 n=0.7384, sp=0.4845, phi=1.935, lambda=48.12,33.13,83.563,83.455,83.439,34.266,78.029, F=-235.2
runEM iter 13  Log likelihood: -247.556245277851
runEM iter13 Time: 0.033 min.
runEM iter14: Expectation
runEM iter14: Maximization
Sample1 n=0.749, sp=0.4708, phi=1.932, lambda=44.854,33.124,83.534,83.466,83.452,34.258,77.571, F=-229.4
runEM iter 14  Log likelihood: -241.664701363173
runEM iter14 Time: 0.031 min.
runEM iter15: Expectation
runEM iter15: Maximization
Sample1 n=0.7593, sp=0.4571, phi=1.928, lambda=42.667,33.12,83.531,83.467,83.453,34.259,77.546, F=-223.9
runEM iter 15  Log likelihood: -236.152158746748
runEM iter15 Time: 0.026 min.
runEM iter16: Expectation
runEM iter16: Maximization
Sample1 n=0.7684, sp=0.4448, phi=1.924, lambda=41.045,33.118,83.527,83.469,83.454,34.271,77.532, F=-219.2
runEM iter 16  Log likelihood: -231.461443106718
runEM iter16 Time: 0.027 min.
runEM iter17: Expectation
runEM iter17: Maximization
Sample1 n=0.7762, sp=0.4343, phi=1.922, lambda=39.776,33.117,83.522,83.472,83.454,34.291,77.533, F=-215.2
runEM iter 17  Log likelihood: -227.427350610844
runEM iter17 Time: 0.02 min.
runEM iter18: Expectation
runEM iter18: Maximization
Sample1 n=0.7829, sp=0.4254, phi=1.919, lambda=38.773,33.118,83.446,83.512,83.456,34.314,77.778, F=-211.7
runEM iter 18  Log likelihood: -223.825269864821
runEM iter18 Time: 0.035 min.
runEM iter19: Expectation
runEM iter19: Maximization
Sample1 n=0.7887, sp=0.418, phi=1.917, lambda=37.952,33.118,83.381,83.546,83.454,34.348,78.251, F=-208.4
runEM iter 19  Log likelihood: -220.52215084879
runEM iter19 Time: 0.031 min.
runEM iter20: Expectation
runEM iter20: Maximization
Sample1 n=0.7938, sp=0.4118, phi=1.915, lambda=37.297,33.118,83.342,83.566,83.451,34.385,78.743, F=-205.3
runEM iter 20  Log likelihood: -217.4204638997
runEM iter20 Time: 0.04 min.
runEM iter21: Expectation
runEM iter21: Maximization
Sample1 n=0.7983, sp=0.4067, phi=1.913, lambda=36.765,33.119,83.31,83.581,83.448,34.425,79.24, F=-202.4
runEM iter 21  Log likelihood: -214.502284424076
runEM iter21 Time: 0.042 min.
runEM iter22: Expectation
runEM iter22: Maximization
Sample1 n=0.8022, sp=0.4024, phi=1.912, lambda=36.331,33.119,83.281,83.594,83.447,34.468,79.694, F=-199.7
runEM iter 22  Log likelihood: -211.77268161739
runEM iter22 Time: 0.043 min.
runEM iter23: Expectation
runEM iter23: Maximization
Sample1 n=0.8056, sp=0.3989, phi=1.91, lambda=35.98,33.119,83.28,83.594,83.447,34.515,79.711, F=-197.2
runEM iter 23  Log likelihood: -209.254408723907
runEM iter23 Time: 0.021 min.
runEM iter24: Expectation
runEM iter24: Maximization
Sample1 n=0.8085, sp=0.396, phi=1.909, lambda=35.693,33.118,83.233,83.614,83.447,34.561,80.316, F=-194.9
runEM iter 24  Log likelihood: -206.968928355113
runEM iter24 Time: 0.03 min.
runEM iter25: Expectation
runEM iter25: Maximization
Sample1 n=0.8109, sp=0.3937, phi=1.908, lambda=35.464,33.118,83.232,83.615,83.448,34.606,80.325, F=-192.9
runEM iter 25  Log likelihood: -204.96050597965
runEM iter25 Time: 0.02 min.
runEM iter26: Expectation
runEM iter26: Maximization
Sample1 n=0.813, sp=0.3919, phi=1.906, lambda=35.281,33.117,83.189,83.634,83.449,34.651,80.708, F=-191.2
runEM iter 26  Log likelihood: -203.216216592347
runEM iter26 Time: 0.036 min.
runEM iter27: Expectation
runEM iter27: Maximization
Sample1 n=0.8147, sp=0.3906, phi=1.905, lambda=35.132,33.116,83.188,83.634,83.449,34.692,80.716, F=-189.7
runEM iter 27  Log likelihood: -201.74518267116
runEM iter27 Time: 0.022 min.
runEM iter28: Expectation
runEM iter28: Maximization
Sample1 n=0.8161, sp=0.3895, phi=1.905, lambda=35.014,33.115,83.186,83.635,83.449,34.729,80.727, F=-188.5
runEM iter 28  Log likelihood: -200.511963167908
runEM iter28 Time: 0.021 min.
runEM iter29: Expectation
runEM iter29: Maximization
Sample1 n=0.8172, sp=0.3888, phi=1.904, lambda=34.922,33.115,83.185,83.636,83.45,34.762,80.733, F=-187.5
runEM iter 29  Log likelihood: -199.496803265685
runEM iter29 Time: 0.021 min.
runEM iter30: Expectation
runEM iter30: Maximization
Sample1 n=0.8181, sp=0.3883, phi=1.903, lambda=34.841,33.114,83.152,83.652,83.452,34.788,80.861, F=-186.7
runEM iter 30  Log likelihood: -198.669176445843
runEM iter30 Time: 0.027 min.
runEM iter31: Expectation
runEM iter31: Maximization
Sample1 n=0.8188, sp=0.388, phi=1.903, lambda=34.788,33.114,83.151,83.652,83.452,34.815,80.863, F=-186
runEM iter 31  Log likelihood: -197.998921621762
runEM iter31 Time: 0.02 min.
runEM iter32: Expectation
runEM iter32: Maximization
Sample1 n=0.8194, sp=0.3878, phi=1.902, lambda=34.747,33.113,83.151,83.652,83.452,34.839,80.865, F=-185.5
runEM iter 32  Log likelihood: -197.458309569361
runEM iter32 Time: 0.018 min.
runEM iter33: Expectation
runEM iter33: Maximization
Sample1 n=0.8199, sp=0.3877, phi=1.902, lambda=34.709,33.113,83.15,83.653,83.452,34.855,80.866, F=-185
runEM iter 33  Log likelihood: -197.026497238315
runEM iter33 Time: 0.018 min.
runEM iter34: Expectation
runEM iter34: Maximization
Sample1 n=0.8202, sp=0.3876, phi=1.902, lambda=34.678,33.113,83.15,83.653,83.452,34.869,80.868, F=-184.7
runEM iter 34  Log likelihood: -196.681122343068
runEM iter34 Time: 0.019 min.
runEM iter35: Expectation
runEM iter35: Maximization
Sample1 n=0.8205, sp=0.3876, phi=1.901, lambda=34.655,33.112,83.149,83.653,83.452,34.88,80.869, F=-184.4
runEM iter 35  Log likelihood: -196.405273433643
runEM iter35 Time: 0.017 min.
runEM iter36: Expectation
runEM iter36: Maximization
Sample1 n=0.8207, sp=0.3877, phi=1.901, lambda=34.636,33.112,83.148,83.654,83.452,34.889,80.87, F=-184.2
runEM iter 36  Log likelihood: -196.185899623704
runEM iter36 Time: 0.018 min.
runEM iter37: Expectation
runEM iter37: Maximization
Sample1 n=0.8209, sp=0.3877, phi=1.901, lambda=34.636,33.112,83.148,83.654,83.452,34.889,80.87, F=-184
runEM iter 37  Log likelihood: -196.011357960924
runEM iter37 Time: 0.012 min.
runEM iter37: Re-calculating responsibilties from converged parameters.
runEM: Using optimal parameters from iter37
runEM: Total elapsed time: 1.1min.
runViterbi: Segmenting and classifying
runEM: Initialization
runEM iter1: Expectation
runEM iter1: Maximization
Sample1 n=0.7846, sp=0.4964, phi=3.017, lambda=83.371,37.5,32.952,43.843,79.681,82.138,73.722, F=-885.6
runEM iter 1  Log likelihood: -951.546966233753
runEM iter1 Time: 0.071 min.
runEM iter2: Expectation
runEM iter2: Maximization
Sample1 n=0.8336, sp=0.5008, phi=2.97, lambda=83.595,33.465,33.156,45.174,83.171,82.681,78.456, F=-771.1
runEM iter 2  Log likelihood: -784.797970661224
runEM iter2 Time: 0.044 min.
runEM iter3: Expectation
runEM iter3: Maximization
Sample1 n=0.8506, sp=0.4969, phi=2.924, lambda=83.172,33.358,33.276,41.889,83.875,79.538,79.96, F=-673.7
runEM iter 3  Log likelihood: -687.178205057368
runEM iter3 Time: 0.044 min.
runEM iter4: Expectation
runEM iter4: Maximization
Sample1 n=0.8599, sp=0.4947, phi=2.893, lambda=81.424,33.929,33.18,39.906,83.924,76.827,79.53, F=-611.7
runEM iter 4  Log likelihood: -625.260528240866
runEM iter4 Time: 0.04 min.
runEM iter5: Expectation
runEM iter5: Maximization
Sample1 n=0.8638, sp=0.4926, phi=2.88, lambda=78.705,34.046,33.134,38.965,83.803,74.523,78.56, F=-583.2
runEM iter 5  Log likelihood: -596.845466310524
runEM iter5 Time: 0.046 min.
runEM iter6: Expectation
runEM iter6: Maximization
Sample1 n=0.866, sp=0.4901, phi=2.875, lambda=75.667,34.036,33.12,38.549,83.713,72.19,77.656, F=-571.7
runEM iter 6  Log likelihood: -585.257429619391
runEM iter6 Time: 0.035 min.
runEM iter7: Expectation
runEM iter7: Maximization
Sample1 n=0.8675, sp=0.4871, phi=2.874, lambda=72.048,34.016,33.114,38.31,83.656,69.352,76.918, F=-565.6
runEM iter 7  Log likelihood: -579.091669786092
runEM iter7 Time: 0.033 min.
runEM iter8: Expectation
runEM iter8: Maximization
Sample1 n=0.8688, sp=0.4829, phi=2.873, lambda=67.34,33.999,33.109,38.142,83.618,65.503,76.318, F=-561.3
runEM iter 8  Log likelihood: -574.671464910442
runEM iter8 Time: 0.037 min.
runEM iter9: Expectation
runEM iter9: Maximization
Sample1 n=0.8702, sp=0.4762, phi=2.873, lambda=61.061,33.978,33.108,38.03,83.59,60.029,75.837, F=-557
runEM iter 9  Log likelihood: -570.363580550095
runEM iter9 Time: 0.025 min.
runEM iter10: Expectation
runEM iter10: Maximization
Sample1 n=0.8723, sp=0.4652, phi=2.871, lambda=53.853,33.947,33.105,37.934,83.569,52.933,75.487, F=-551.3
runEM iter 10  Log likelihood: -564.585969235391
runEM iter10 Time: 0.025 min.
runEM iter11: Expectation
runEM iter11: Maximization
Sample1 n=0.8757, sp=0.4525, phi=2.867, lambda=48.391,33.916,33.102,37.848,83.492,45.962,74.533, F=-542.4
runEM iter 11  Log likelihood: -555.659909648696
runEM iter11 Time: 0.055 min.
runEM iter12: Expectation
runEM iter12: Maximization
Sample1 n=0.8799, sp=0.4477, phi=2.861, lambda=45.263,33.909,33.094,37.714,83.424,41.062,73.258, F=-530.4
runEM iter 12  Log likelihood: -543.360736319353
runEM iter12 Time: 0.042 min.
runEM iter13: Expectation
runEM iter13: Maximization
Sample1 n=0.8844, sp=0.4522, phi=2.855, lambda=43.31,33.936,33.087,37.556,83.355,38.189,71.691, F=-516.2
runEM iter 13  Log likelihood: -528.806124698014
runEM iter13 Time: 0.057 min.
runEM iter14: Expectation
runEM iter14: Maximization
Sample1 n=0.8886, sp=0.4576, phi=2.848, lambda=41.76,33.976,33.074,37.371,83.29,36.607,69.781, F=-500.8
runEM iter 14  Log likelihood: -513.08594140719
runEM iter14 Time: 0.05 min.
runEM iter15: Expectation
runEM iter15: Maximization
Sample1 n=0.8925, sp=0.4592, phi=2.841, lambda=40.499,34.012,33.06,37.194,83.233,35.748,67.331, F=-485.1
runEM iter 15  Log likelihood: -496.975347741833
runEM iter15 Time: 0.051 min.
runEM iter16: Expectation
runEM iter16: Maximization
Sample1 n=0.8959, sp=0.4567, phi=2.833, lambda=39.458,34.031,33.044,37.031,83.184,35.246,64.006, F=-469.2
runEM iter 16  Log likelihood: -480.770410214686
runEM iter16 Time: 0.04 min.
runEM iter17: Expectation
runEM iter17: Maximization
Sample1 n=0.8989, sp=0.4506, phi=2.826, lambda=38.592,34.04,33.022,36.881,83.14,34.948,59.27, F=-452.7
runEM iter 17  Log likelihood: -464.046014857958
runEM iter17 Time: 0.037 min.
runEM iter18: Expectation
runEM iter18: Maximization
Sample1 n=0.9017, sp=0.4398, phi=2.817, lambda=37.872,34.038,32.987,36.756,83.106,34.772,53.116, F=-434.1
runEM iter 18  Log likelihood: -445.092535637824
runEM iter18 Time: 0.029 min.
runEM iter19: Expectation
runEM iter19: Maximization
Sample1 n=0.9041, sp=0.4212, phi=2.807, lambda=37.271,34.017,32.924,36.654,83.081,34.655,46.767, F=-409.1
runEM iter 19  Log likelihood: -419.748342950897
runEM iter19 Time: 0.031 min.
runEM iter20: Expectation
runEM iter20: Maximization
Sample1 n=0.9063, sp=0.3944, phi=2.794, lambda=36.764,33.968,32.821,36.564,83.066,34.583,42.051, F=-373.2
runEM iter 20  Log likelihood: -383.250552273359
runEM iter20 Time: 0.029 min.
runEM iter21: Expectation
runEM iter21: Maximization
Sample1 n=0.9082, sp=0.3676, phi=2.78, lambda=36.343,33.922,32.706,36.501,83.055,34.531,39.396, F=-332.7
runEM iter 21  Log likelihood: -341.985936597835
runEM iter21 Time: 0.024 min.
runEM iter22: Expectation
runEM iter22: Maximization
Sample1 n=0.9098, sp=0.3461, phi=2.764, lambda=35.988,33.901,32.61,36.471,83.044,34.487,37.944, F=-296.9
runEM iter 22  Log likelihood: -305.5159889847
runEM iter22 Time: 0.028 min.
runEM iter23: Expectation
runEM iter23: Maximization
Sample1 n=0.9112, sp=0.3303, phi=2.747, lambda=35.692,33.893,32.534,36.462,83.035,34.446,37.089, F=-267.4
runEM iter 23  Log likelihood: -275.49605868297
runEM iter23 Time: 0.024 min.
runEM iter24: Expectation
runEM iter24: Maximization
Sample1 n=0.9124, sp=0.3192, phi=2.731, lambda=35.449,33.885,32.472,36.468,83.024,34.411,36.548, F=-243.2
runEM iter 24  Log likelihood: -250.906986408279
runEM iter24 Time: 0.024 min.
runEM iter25: Expectation
runEM iter25: Maximization
Sample1 n=0.9135, sp=0.3119, phi=2.715, lambda=35.252,33.875,32.419,36.484,83.015,34.383,36.188, F=-223.3
runEM iter 25  Log likelihood: -230.563523581952
runEM iter25 Time: 0.022 min.
runEM iter26: Expectation
runEM iter26: Maximization
Sample1 n=0.9143, sp=0.3073, phi=2.7, lambda=35.092,33.859,32.373,36.507,83.002,34.364,35.94, F=-206.5
runEM iter 26  Log likelihood: -213.523591685564
runEM iter26 Time: 0.023 min.
runEM iter27: Expectation
runEM iter27: Maximization
Sample1 n=0.9151, sp=0.3047, phi=2.685, lambda=34.963,33.84,32.331,36.535,82.994,34.353,35.764, F=-192.4
runEM iter 27  Log likelihood: -199.084885605674
runEM iter27 Time: 0.022 min.
runEM iter28: Expectation
runEM iter28: Maximization
Sample1 n=0.9158, sp=0.3035, phi=2.671, lambda=34.858,33.817,32.292,36.569,82.984,34.349,35.64, F=-180.2
runEM iter 28  Log likelihood: -186.723412463511
runEM iter28 Time: 0.028 min.
runEM iter29: Expectation
runEM iter29: Maximization
Sample1 n=0.9163, sp=0.3034, phi=2.658, lambda=34.773,33.793,32.256,36.605,82.977,34.352,35.552, F=-169.7
runEM iter 29  Log likelihood: -176.043712878554
runEM iter29 Time: 0.022 min.
runEM iter30: Expectation
runEM iter30: Maximization
Sample1 n=0.9168, sp=0.3039, phi=2.646, lambda=34.703,33.767,32.22,36.644,82.969,34.359,35.491, F=-160.6
runEM iter 30  Log likelihood: -166.745623479025
runEM iter30 Time: 0.021 min.
runEM iter31: Expectation
runEM iter31: Maximization
Sample1 n=0.9171, sp=0.3049, phi=2.634, lambda=34.645,33.741,32.186,36.684,82.961,34.369,35.451, F=-152.5
runEM iter 31  Log likelihood: -158.592531459615
runEM iter31 Time: 0.021 min.
runEM iter32: Expectation
runEM iter32: Maximization
Sample1 n=0.9175, sp=0.3063, phi=2.623, lambda=34.596,33.715,32.153,36.727,82.954,34.381,35.427, F=-145.5
runEM iter 32  Log likelihood: -151.397793664293
runEM iter32 Time: 0.022 min.
runEM iter33: Expectation
runEM iter33: Maximization
Sample1 n=0.9177, sp=0.3078, phi=2.613, lambda=34.555,33.69,32.121,36.77,82.946,34.395,35.415, F=-139.2
runEM iter 33  Log likelihood: -145.014030125249
runEM iter33 Time: 0.022 min.
runEM iter34: Expectation
runEM iter34: Maximization
Sample1 n=0.9179, sp=0.3096, phi=2.604, lambda=34.522,33.666,32.088,36.813,82.938,34.408,35.413, F=-133.5
runEM iter 34  Log likelihood: -139.319265939215
runEM iter34 Time: 0.022 min.
runEM iter35: Expectation
runEM iter35: Maximization
Sample1 n=0.9181, sp=0.3113, phi=2.594, lambda=34.492,33.643,32.055,36.857,82.93,34.422,35.419, F=-128.5
runEM iter 35  Log likelihood: -134.214475990344
runEM iter35 Time: 0.022 min.
runEM iter36: Expectation
runEM iter36: Maximization
Sample1 n=0.9182, sp=0.3131, phi=2.586, lambda=34.466,33.621,32.022,36.899,82.923,34.437,35.431, F=-124
runEM iter 36  Log likelihood: -129.618972937787
runEM iter36 Time: 0.022 min.
runEM iter37: Expectation
runEM iter37: Maximization
Sample1 n=0.9183, sp=0.3149, phi=2.578, lambda=34.443,33.601,31.99,36.943,82.915,34.45,35.447, F=-119.8
runEM iter 37  Log likelihood: -125.466299866973
runEM iter37 Time: 0.022 min.
runEM iter38: Expectation
runEM iter38: Maximization
Sample1 n=0.9184, sp=0.3167, phi=2.571, lambda=34.424,33.582,31.957,36.985,82.907,34.463,35.468, F=-116.1
runEM iter 38  Log likelihood: -121.700386517246
runEM iter38 Time: 0.022 min.
runEM iter39: Expectation
runEM iter39: Maximization
Sample1 n=0.9185, sp=0.3185, phi=2.564, lambda=34.407,33.565,31.924,37.026,82.9,34.476,35.491, F=-112.7
runEM iter 39  Log likelihood: -118.27248477017
runEM iter39 Time: 0.02 min.
runEM iter40: Expectation
runEM iter40: Maximization
Sample1 n=0.9185, sp=0.3202, phi=2.557, lambda=34.39,33.55,31.89,37.069,82.892,34.488,35.516, F=-109.6
runEM iter 40  Log likelihood: -115.141368554165
runEM iter40 Time: 0.019 min.
runEM iter41: Expectation
runEM iter41: Maximization
Sample1 n=0.9185, sp=0.3218, phi=2.551, lambda=34.377,33.534,31.858,37.105,82.885,34.498,35.543, F=-106.7
runEM iter 41  Log likelihood: -112.278797289489
runEM iter41 Time: 0.022 min.
runEM iter42: Expectation
runEM iter42: Maximization
Sample1 n=0.9185, sp=0.3234, phi=2.545, lambda=34.364,33.52,31.825,37.14,82.879,34.508,35.572, F=-104.1
runEM iter 42  Log likelihood: -109.645854310331
runEM iter42 Time: 0.03 min.
runEM iter43: Expectation
runEM iter43: Maximization
Sample1 n=0.9185, sp=0.3249, phi=2.539, lambda=34.353,33.507,31.793,37.175,82.873,34.518,35.602, F=-101.7
runEM iter 43  Log likelihood: -107.219130592749
runEM iter43 Time: 0.02 min.
runEM iter44: Expectation
runEM iter44: Maximization
Sample1 n=0.9185, sp=0.3263, phi=2.534, lambda=34.343,33.495,31.762,37.21,82.868,34.527,35.631, F=-99.45
runEM iter 44  Log likelihood: -104.980724317858
runEM iter44 Time: 0.02 min.
runEM iter45: Expectation
runEM iter45: Maximization
Sample1 n=0.9185, sp=0.3277, phi=2.529, lambda=34.336,33.486,31.731,37.247,82.86,34.534,35.658, F=-97.38
runEM iter 45  Log likelihood: -102.912465838455
runEM iter45 Time: 0.019 min.
runEM iter46: Expectation
runEM iter46: Maximization
Sample1 n=0.9185, sp=0.329, phi=2.525, lambda=34.328,33.473,31.702,37.282,82.851,34.541,35.685, F=-95.47
runEM iter 46  Log likelihood: -101.003054666605
runEM iter46 Time: 0.02 min.
runEM iter47: Expectation
runEM iter47: Maximization
Sample1 n=0.9185, sp=0.3303, phi=2.52, lambda=34.32,33.463,31.674,37.313,82.844,34.549,35.712, F=-93.7
runEM iter 47  Log likelihood: -99.2325668425584
runEM iter47 Time: 0.022 min.
runEM iter48: Expectation
runEM iter48: Maximization
Sample1 n=0.9184, sp=0.3315, phi=2.516, lambda=34.313,33.454,31.647,37.344,82.836,34.556,35.737, F=-92.05
runEM iter 48  Log likelihood: -97.5852021867354
runEM iter48 Time: 0.026 min.
runEM iter49: Expectation
runEM iter49: Maximization
Sample1 n=0.9184, sp=0.3327, phi=2.512, lambda=34.306,33.447,31.62,37.373,82.828,34.562,35.762, F=-90.51
runEM iter 49  Log likelihood: -96.0520731312995
runEM iter49 Time: 0.024 min.
runEM: Using optimal parameters from iter49
runEM: Total elapsed time: 1.5min.
runViterbi: Segmenting and classifying
runEM: Initialization
runEM iter1: Expectation
runEM iter1: Maximization
Sample1 n=0.7973, sp=0.4971, phi=2.022, lambda=39.765,32.886,71.286,72.199,82.351,80.449,74.63, F=-324.7
runEM iter 1  Log likelihood: -362.286110661819
runEM iter1 Time: 0.087 min.
runEM iter2: Expectation
runEM iter2: Maximization
Sample1 n=0.8232, sp=0.5001, phi=1.999, lambda=36.389,32.909,80.916,83.191,83.27,80.495,77.184, F=-304.8
runEM iter 2  Log likelihood: -314.257856044523
runEM iter2 Time: 0.029 min.
runEM iter3: Expectation
runEM iter3: Maximization
Sample1 n=0.8415, sp=0.4986, phi=1.97, lambda=34.134,33.084,82.423,83.607,83.481,81.008,78.607, F=-277.2
runEM iter 3  Log likelihood: -287.990570204933
runEM iter3 Time: 0.031 min.
runEM iter4: Expectation
runEM iter4: Maximization
Sample1 n=0.8494, sp=0.4925, phi=1.94, lambda=33.713,33.192,82.424,83.612,83.481,81.01,78.604, F=-260.9
runEM iter 4  Log likelihood: -272.380835895185
runEM iter4 Time: 0.02 min.
runEM iter5: Expectation
runEM iter5: Maximization
Sample1 n=0.8535, sp=0.4851, phi=1.918, lambda=33.94,33.191,82.343,84.204,83.536,80.934,77.615, F=-253.5
runEM iter 5  Log likelihood: -265.161668086532
runEM iter5 Time: 0.028 min.
runEM iter6: Expectation
runEM iter6: Maximization
Sample1 n=0.8561, sp=0.4791, phi=1.902, lambda=34.184,33.163,82.286,84.418,83.553,80.773,76.657, F=-249.8
runEM iter 6  Log likelihood: -261.551217606946
runEM iter6 Time: 0.031 min.
runEM iter7: Expectation
runEM iter7: Maximization
Sample1 n=0.8573, sp=0.4756, phi=1.892, lambda=34.322,33.142,82.276,84.509,83.562,80.602,75.928, F=-247.9
runEM iter 7  Log likelihood: -259.859428154304
runEM iter7 Time: 0.027 min.
runEM iter8: Expectation
runEM iter8: Maximization
Sample1 n=0.8578, sp=0.4738, phi=1.886, lambda=34.38,33.132,82.277,84.51,83.562,80.601,75.922, F=-247.1
runEM iter 8  Log likelihood: -259.133418824209
runEM iter8 Time: 0.018 min.
runEM iter9: Expectation
runEM iter9: Maximization
Sample1 n=0.858, sp=0.4728, phi=1.883, lambda=34.403,33.128,82.277,84.51,83.562,80.598,75.913, F=-246.8
runEM iter 9  Log likelihood: -258.867146869056
runEM iter9 Time: 0.018 min.
runEM iter10: Expectation
runEM iter10: Maximization
Sample1 n=0.858, sp=0.4723, phi=1.882, lambda=34.41,33.126,82.312,84.526,83.568,80.413,75.373, F=-246.6
runEM iter 10  Log likelihood: -258.761965697591
runEM iter10 Time: 0.028 min.
runEM iter10: Re-calculating responsibilties from converged parameters.
runEM: Using optimal parameters from iter10
runEM: Total elapsed time: 0.32min.
runViterbi: Segmenting and classifying
runEM: Initialization
runEM iter1: Expectation
runEM iter1: Maximization
Sample1 n=0.8199, sp=0.4964, phi=2.978, lambda=83.563,33.135,33.291,38.452,80.264,81.338,73.002, F=-788.5
runEM iter 1  Log likelihood: -850.234409500997
runEM iter1 Time: 0.069 min.
runEM iter2: Expectation
runEM iter2: Maximization
Sample1 n=0.8454, sp=0.4964, phi=2.941, lambda=83.511,32.974,33.318,40.067,83.29,80.089,77.38, F=-690.7
runEM iter 2  Log likelihood: -704.293916213133
runEM iter2 Time: 0.038 min.
runEM iter3: Expectation
runEM iter3: Maximization
Sample1 n=0.8586, sp=0.4943, phi=2.908, lambda=82.266,33.746,33.214,39.12,83.865,77.366,78.66, F=-623.6
runEM iter 3  Log likelihood: -637.176521433134
runEM iter3 Time: 0.044 min.
runEM iter4: Expectation
runEM iter4: Maximization
Sample1 n=0.864, sp=0.4926, phi=2.887, lambda=79.62,34.017,33.142,38.48,83.799,74.968,78.3, F=-585.6
runEM iter 4  Log likelihood: -599.23408035278
runEM iter4 Time: 0.042 min.
runEM iter5: Expectation
runEM iter5: Maximization
Sample1 n=0.8664, sp=0.4904, phi=2.879, lambda=76.491,34.031,33.121,38.214,83.704,72.655,77.557, F=-570.9
runEM iter 5  Log likelihood: -584.448825830524
runEM iter5 Time: 0.032 min.
runEM iter6: Expectation
runEM iter6: Maximization
Sample1 n=0.8679, sp=0.4876, phi=2.876, lambda=72.88,34.014,33.114,38.089,83.646,69.968,76.867, F=-564.3
runEM iter 6  Log likelihood: -577.821267258522
runEM iter6 Time: 0.028 min.
runEM iter7: Expectation
runEM iter7: Maximization
Sample1 n=0.8691, sp=0.4838, phi=2.875, lambda=68.297,33.998,33.11,38.005,83.61,66.392,76.29, F=-560.2
runEM iter 7  Log likelihood: -573.656731640787
runEM iter7 Time: 0.029 min.
runEM iter8: Expectation
runEM iter8: Maximization
Sample1 n=0.8703, sp=0.4778, phi=2.873, lambda=62.118,33.979,33.107,37.935,83.584,61.319,75.82, F=-556.5
runEM iter 8  Log likelihood: -569.861557615325
runEM iter8 Time: 0.027 min.
runEM iter9: Expectation
runEM iter9: Maximization
Sample1 n=0.8722, sp=0.4679, phi=2.872, lambda=54.855,33.951,33.105,37.867,83.549,54.444,75.263, F=-551.5
runEM iter 9  Log likelihood: -564.783738948435
runEM iter9 Time: 0.038 min.
runEM iter10: Expectation
runEM iter10: Maximization
Sample1 n=0.8753, sp=0.4548, phi=2.868, lambda=48.9,33.918,33.101,37.804,83.489,47.24,74.369, F=-543.4
runEM iter 10  Log likelihood: -556.611099878522
runEM iter10 Time: 0.039 min.
runEM iter11: Expectation
runEM iter11: Maximization
Sample1 n=0.8793, sp=0.4476, phi=2.862, lambda=45.53,33.904,33.096,37.698,83.428,41.844,73.167, F=-531.9
runEM iter 11  Log likelihood: -544.898240681841
runEM iter11 Time: 0.053 min.
runEM iter12: Expectation
runEM iter12: Maximization
Sample1 n=0.8838, sp=0.4508, phi=2.856, lambda=43.51,33.929,33.088,37.547,83.364,38.61,71.635, F=-518
runEM iter 12  Log likelihood: -530.678787233467
runEM iter12 Time: 0.045 min.
runEM iter13: Expectation
runEM iter13: Maximization
Sample1 n=0.8881, sp=0.4564, phi=2.849, lambda=41.962,33.965,33.077,37.388,83.301,36.832,69.767, F=-502.8
runEM iter 13  Log likelihood: -515.103909976677
runEM iter13 Time: 0.045 min.
runEM iter14: Expectation
runEM iter14: Maximization
Sample1 n=0.8919, sp=0.4587, phi=2.842, lambda=40.654,34.005,33.061,37.209,83.241,35.854,67.338, F=-487.1
runEM iter 14  Log likelihood: -499.059523744032
runEM iter14 Time: 0.064 min.
runEM iter15: Expectation
runEM iter15: Maximization
Sample1 n=0.8954, sp=0.4568, phi=2.835, lambda=39.571,34.028,33.046,37.045,83.19,35.3,63.982, F=-471.2
runEM iter 15  Log likelihood: -482.823546587164
runEM iter15 Time: 0.039 min.
runEM iter16: Expectation
runEM iter16: Maximization
Sample1 n=0.8985, sp=0.4508, phi=2.827, lambda=38.685,34.039,33.025,36.897,83.146,34.982,59.267, F=-454.6
runEM iter 16  Log likelihood: -466.005405016159
runEM iter16 Time: 0.035 min.
runEM iter17: Expectation
runEM iter17: Maximization
Sample1 n=0.9013, sp=0.4402, phi=2.818, lambda=37.955,34.037,32.989,36.77,83.11,34.786,53.123, F=-435.9
runEM iter 17  Log likelihood: -446.99588956065
runEM iter17 Time: 0.035 min.
runEM iter18: Expectation
runEM iter18: Maximization
Sample1 n=0.9038, sp=0.4217, phi=2.808, lambda=37.34,34.016,32.926,36.659,83.087,34.669,46.769, F=-410.9
runEM iter 18  Log likelihood: -421.617364468094
runEM iter18 Time: 0.031 min.
runEM iter19: Expectation
runEM iter19: Maximization
Sample1 n=0.906, sp=0.3948, phi=2.796, lambda=36.824,33.969,32.824,36.571,83.071,34.593,42.054, F=-375
runEM iter 19  Log likelihood: -385.07448278803
runEM iter19 Time: 0.029 min.
runEM iter20: Expectation
runEM iter20: Maximization
Sample1 n=0.9079, sp=0.368, phi=2.781, lambda=36.393,33.924,32.709,36.51,83.061,34.538,39.393, F=-334.4
runEM iter 20  Log likelihood: -343.776811782433
runEM iter20 Time: 0.024 min.
runEM iter21: Expectation
runEM iter21: Maximization
Sample1 n=0.9096, sp=0.3464, phi=2.765, lambda=36.028,33.903,32.614,36.48,83.049,34.493,37.939, F=-298.5
runEM iter 21  Log likelihood: -307.220815662471
runEM iter21 Time: 0.027 min.
runEM iter22: Expectation
runEM iter22: Maximization
Sample1 n=0.911, sp=0.3305, phi=2.748, lambda=35.725,33.895,32.538,36.47,83.04,34.45,37.084, F=-268.9
runEM iter 22  Log likelihood: -277.081696406458
runEM iter22 Time: 0.024 min.
runEM iter23: Expectation
runEM iter23: Maximization
Sample1 n=0.9122, sp=0.3193, phi=2.732, lambda=35.475,33.888,32.476,36.475,83.03,34.413,36.543, F=-244.7
runEM iter 23  Log likelihood: -252.358528957512
runEM iter23 Time: 0.023 min.
runEM iter24: Expectation
runEM iter24: Maximization
Sample1 n=0.9133, sp=0.3119, phi=2.716, lambda=35.272,33.878,32.424,36.489,83.02,34.384,36.182, F=-224.6
runEM iter 24  Log likelihood: -231.878491349783
runEM iter24 Time: 0.022 min.
runEM iter25: Expectation
runEM iter25: Maximization
Sample1 n=0.9142, sp=0.3073, phi=2.701, lambda=35.109,33.862,32.378,36.511,83.007,34.364,35.934, F=-207.7
runEM iter 25  Log likelihood: -214.706577011889
runEM iter25 Time: 0.023 min.
runEM iter26: Expectation
runEM iter26: Maximization
Sample1 n=0.915, sp=0.3047, phi=2.686, lambda=34.976,33.843,32.336,36.539,82.998,34.352,35.758, F=-193.4
runEM iter 26  Log likelihood: -200.144350899965
runEM iter26 Time: 0.026 min.
runEM iter27: Expectation
runEM iter27: Maximization
Sample1 n=0.9157, sp=0.3034, phi=2.672, lambda=34.868,33.82,32.296,36.571,82.989,34.348,35.634, F=-181.1
runEM iter 27  Log likelihood: -187.670200445746
runEM iter27 Time: 0.023 min.
runEM iter28: Expectation
runEM iter28: Maximization
Sample1 n=0.9162, sp=0.3032, phi=2.659, lambda=34.781,33.796,32.26,36.607,82.981,34.351,35.546, F=-170.5
runEM iter 28  Log likelihood: -176.888978453526
runEM iter28 Time: 0.019 min.
runEM iter29: Expectation
runEM iter29: Maximization
Sample1 n=0.9167, sp=0.3038, phi=2.647, lambda=34.709,33.77,32.225,36.644,82.973,34.357,35.485, F=-161.3
runEM iter 29  Log likelihood: -167.50047622164
runEM iter29 Time: 0.018 min.
runEM iter30: Expectation
runEM iter30: Maximization
Sample1 n=0.9171, sp=0.3048, phi=2.635, lambda=34.65,33.744,32.191,36.684,82.966,34.367,35.445, F=-153.2
runEM iter 30  Log likelihood: -159.267393322754
runEM iter30 Time: 0.018 min.
runEM iter31: Expectation
runEM iter31: Maximization
Sample1 n=0.9174, sp=0.3061, phi=2.624, lambda=34.6,33.718,32.158,36.726,82.958,34.38,35.421, F=-146.1
runEM iter 31  Log likelihood: -152.002197194627
runEM iter31 Time: 0.019 min.
runEM iter32: Expectation
runEM iter32: Maximization
Sample1 n=0.9177, sp=0.3077, phi=2.614, lambda=34.559,33.693,32.125,36.769,82.95,34.393,35.41, F=-139.7
runEM iter 32  Log likelihood: -145.556529323514
runEM iter32 Time: 0.019 min.
runEM iter33: Expectation
runEM iter33: Maximization
Sample1 n=0.9179, sp=0.3094, phi=2.604, lambda=34.525,33.668,32.092,36.812,82.942,34.407,35.408, F=-134
runEM iter 33  Log likelihood: -139.807471035525
runEM iter33 Time: 0.019 min.
runEM iter34: Expectation
runEM iter34: Maximization
Sample1 n=0.9181, sp=0.3112, phi=2.595, lambda=34.495,33.645,32.059,36.855,82.934,34.421,35.414, F=-128.9
runEM iter 34  Log likelihood: -134.655067756216
runEM iter34 Time: 0.041 min.
runEM iter35: Expectation
runEM iter35: Maximization
Sample1 n=0.9182, sp=0.313, phi=2.587, lambda=34.469,33.623,32.026,36.897,82.926,34.435,35.426, F=-124.3
runEM iter 35  Log likelihood: -130.017709428974
runEM iter35 Time: 0.024 min.
runEM iter36: Expectation
runEM iter36: Maximization
Sample1 n=0.9183, sp=0.3148, phi=2.579, lambda=34.445,33.603,31.994,36.94,82.919,34.449,35.442, F=-120.2
runEM iter 36  Log likelihood: -125.828297674634
runEM iter36 Time: 0.022 min.
runEM iter37: Expectation
runEM iter37: Maximization
Sample1 n=0.9184, sp=0.3166, phi=2.571, lambda=34.426,33.584,31.961,36.983,82.911,34.462,35.463, F=-116.4
runEM iter 37  Log likelihood: -122.029954384726
runEM iter37 Time: 0.022 min.
runEM iter38: Expectation
runEM iter38: Maximization
Sample1 n=0.9185, sp=0.3183, phi=2.564, lambda=34.408,33.566,31.928,37.023,82.903,34.475,35.486, F=-113
runEM iter 38  Log likelihood: -118.573366322848
runEM iter38 Time: 0.02 min.
runEM iter39: Expectation
runEM iter39: Maximization
Sample1 n=0.9185, sp=0.32, phi=2.558, lambda=34.392,33.552,31.894,37.066,82.896,34.487,35.512, F=-109.9
runEM iter 39  Log likelihood: -115.416798215299
runEM iter39 Time: 0.019 min.
runEM iter40: Expectation
runEM iter40: Maximization
Sample1 n=0.9185, sp=0.3216, phi=2.551, lambda=34.378,33.536,31.861,37.103,82.888,34.497,35.539, F=-107
runEM iter 40  Log likelihood: -112.531547542048
runEM iter40 Time: 0.022 min.
runEM iter41: Expectation
runEM iter41: Maximization
Sample1 n=0.9185, sp=0.3232, phi=2.545, lambda=34.366,33.521,31.829,37.14,82.881,34.507,35.567, F=-104.3
runEM iter 41  Log likelihood: -109.878354067694
runEM iter41 Time: 0.021 min.
runEM iter42: Expectation
runEM iter42: Maximization
Sample1 n=0.9185, sp=0.3247, phi=2.54, lambda=34.354,33.508,31.797,37.173,82.876,34.517,35.597, F=-101.9
runEM iter 42  Log likelihood: -107.436542005347
runEM iter42 Time: 0.02 min.
runEM iter43: Expectation
runEM iter43: Maximization
Sample1 n=0.9185, sp=0.3262, phi=2.535, lambda=34.344,33.497,31.766,37.208,82.87,34.526,35.626, F=-99.65
runEM iter 43  Log likelihood: -105.181597275685
runEM iter43 Time: 0.026 min.
runEM iter44: Expectation
runEM iter44: Maximization
Sample1 n=0.9185, sp=0.3276, phi=2.53, lambda=34.336,33.487,31.735,37.244,82.862,34.533,35.654, F=-97.57
runEM iter 44  Log likelihood: -103.098463447219
runEM iter44 Time: 0.019 min.
runEM iter45: Expectation
runEM iter45: Maximization
Sample1 n=0.9185, sp=0.3289, phi=2.525, lambda=34.329,33.474,31.706,37.279,82.853,34.541,35.681, F=-95.65
runEM iter 45  Log likelihood: -101.175769640905
runEM iter45 Time: 0.02 min.
runEM iter46: Expectation
runEM iter46: Maximization
Sample1 n=0.9185, sp=0.3302, phi=2.521, lambda=34.321,33.464,31.677,37.311,82.846,34.548,35.708, F=-93.86
runEM iter 46  Log likelihood: -99.3932423056725
runEM iter46 Time: 0.021 min.
runEM iter47: Expectation
runEM iter47: Maximization
Sample1 n=0.9184, sp=0.3314, phi=2.516, lambda=34.313,33.455,31.65,37.341,82.837,34.555,35.734, F=-92.2
runEM iter 47  Log likelihood: -97.7348726395777
runEM iter47 Time: 0.02 min.
runEM iter48: Expectation
runEM iter48: Maximization
Sample1 n=0.9184, sp=0.3326, phi=2.512, lambda=34.307,33.447,31.623,37.371,82.83,34.562,35.759, F=-90.65
runEM iter 48  Log likelihood: -96.1916174654243
runEM iter48 Time: 0.023 min.
runEM iter49: Expectation
runEM iter49: Maximization
Sample1 n=0.9184, sp=0.3338, phi=2.509, lambda=34.3,33.44,31.598,37.399,82.823,34.568,35.782, F=-89.2
runEM iter 49  Log likelihood: -94.7552222435578
runEM iter49 Time: 0.026 min.
runEM: Using optimal parameters from iter49
runEM: Total elapsed time: 1.4min.
runViterbi: Segmenting and classifying
runEM: Initialization
runEM iter1: Expectation
runEM iter1: Maximization
Sample1 n=0.8488, sp=0.4987, phi=1.985, lambda=33.202,33.286,39.517,65.186,82.292,79.102,74.834, F=-242.6
runEM iter 1  Log likelihood: -279.676099550554
runEM iter1 Time: 0.074 min.
runEM iter2: Expectation
runEM iter2: Maximization
Sample1 n=0.8591, sp=0.4967, phi=1.961, lambda=33.514,33.195,38.915,83.335,83.33,79.99,76.177, F=-231.9
runEM iter 2  Log likelihood: -243.549975300809
runEM iter2 Time: 0.034 min.
runEM iter3: Expectation
runEM iter3: Maximization
Sample1 n=0.8638, sp=0.492, phi=1.943, lambda=33.903,33.156,38.556,83.989,83.667,80.155,76.44, F=-223.9
runEM iter 3  Log likelihood: -235.524062665649
runEM iter3 Time: 0.038 min.
runEM iter4: Expectation
runEM iter4: Maximization
Sample1 n=0.8662, sp=0.4894, phi=1.929, lambda=34.132,33.125,38.451,83.995,83.671,80.146,76.426, F=-220.4
runEM iter 4  Log likelihood: -232.085859582292
runEM iter4 Time: 0.019 min.
runEM iter5: Expectation
runEM iter5: Maximization
Sample1 n=0.8671, sp=0.4884, phi=1.92, lambda=34.241,33.107,38.514,84.005,83.679,80.12,76.398, F=-219.5
runEM iter 5  Log likelihood: -231.2894939358
runEM iter5 Time: 0.023 min.
runEM iter6: Expectation
runEM iter6: Maximization
Sample1 n=0.8673, sp=0.4881, phi=1.914, lambda=34.288,33.098,38.65,84.016,83.687,80.086,76.372, F=-219.9
runEM iter 6  Log likelihood: -231.692059116664
runEM iter6 Time: 0.019 min.
runEM iter5: Re-calculating responsibilties from converged parameters.
runEM: Using optimal parameters from iter5
runEM: Total elapsed time: 0.21min.
runViterbi: Segmenting and classifying
runEM: Initialization
runEM iter1: Expectation
runEM iter1: Maximization
Sample1 n=0.8463, sp=0.497, phi=2.932, lambda=81.107,32.542,33.572,36.721,80.493,79.417,71.742, F=-694.8
runEM iter 1  Log likelihood: -749.651414779471
runEM iter1 Time: 0.059 min.
runEM iter2: Expectation
runEM iter2: Maximization
Sample1 n=0.859, sp=0.4908, phi=2.904, lambda=81.385,33.733,33.22,38.719,83.371,77.035,74.652, F=-618
runEM iter 2  Log likelihood: -631.39760415227
runEM iter2 Time: 0.04 min.
runEM iter3: Expectation
runEM iter3: Maximization
Sample1 n=0.8643, sp=0.4896, phi=2.886, lambda=79.061,34.017,33.14,38.398,83.715,74.652,75.425, F=-583
runEM iter 3  Log likelihood: -596.617038640132
runEM iter3 Time: 0.049 min.
runEM iter4: Expectation
runEM iter4: Maximization
Sample1 n=0.8666, sp=0.488, phi=2.879, lambda=75.944,34.029,33.119,38.188,83.678,72.257,75.319, F=-569.6
runEM iter 4  Log likelihood: -583.153230437064
runEM iter4 Time: 0.045 min.
runEM iter5: Expectation
runEM iter5: Maximization
Sample1 n=0.8681, sp=0.4854, phi=2.876, lambda=72.258,34.013,33.112,38.072,83.633,69.414,74.985, F=-563.4
runEM iter 5  Log likelihood: -576.915110568596
runEM iter5 Time: 0.03 min.
runEM iter6: Expectation
runEM iter6: Maximization
Sample1 n=0.8692, sp=0.4815, phi=2.874, lambda=67.476,33.995,33.108,37.986,83.6,65.548,74.602, F=-559.4
runEM iter 6  Log likelihood: -572.831149381163
runEM iter6 Time: 0.029 min.
runEM iter7: Expectation
runEM iter7: Maximization
Sample1 n=0.8705, sp=0.4749, phi=2.873, lambda=61.088,33.975,33.106,37.921,83.575,60.055,74.221, F=-555.5
runEM iter 7  Log likelihood: -568.888610825715
runEM iter7 Time: 0.027 min.
runEM iter8: Expectation
runEM iter8: Maximization
Sample1 n=0.8726, sp=0.464, phi=2.871, lambda=53.77,33.945,33.103,37.865,83.555,52.964,73.896, F=-550.1
runEM iter 8  Log likelihood: -563.377361227735
runEM iter8 Time: 0.027 min.
runEM iter9: Expectation
runEM iter9: Maximization
Sample1 n=0.8759, sp=0.4513, phi=2.867, lambda=48.177,33.913,33.1,37.794,83.506,46.022,73.204, F=-541.4
runEM iter 9  Log likelihood: -554.624784096376
runEM iter9 Time: 0.034 min.
runEM iter10: Expectation
runEM iter10: Maximization
Sample1 n=0.8801, sp=0.4466, phi=2.861, lambda=45.129,33.905,33.093,37.674,83.423,41.082,71.852, F=-529.5
runEM iter 10  Log likelihood: -542.408706274548
runEM iter10 Time: 0.052 min.
runEM iter11: Expectation
runEM iter11: Maximization
Sample1 n=0.8846, sp=0.451, phi=2.855, lambda=43.198,33.934,33.084,37.531,83.354,38.206,70.074, F=-515.2
runEM iter 11  Log likelihood: -527.764998304677
runEM iter11 Time: 0.049 min.
runEM iter12: Expectation
runEM iter12: Maximization
Sample1 n=0.8888, sp=0.4559, phi=2.848, lambda=41.68,33.975,33.071,37.355,83.288,36.603,67.769, F=-499.7
runEM iter 12  Log likelihood: -511.900541389799
runEM iter12 Time: 0.048 min.
runEM iter13: Expectation
runEM iter13: Maximization
Sample1 n=0.8926, sp=0.457, phi=2.84, lambda=40.427,34.01,33.055,37.181,83.232,35.747,64.678, F=-483.6
runEM iter 13  Log likelihood: -495.469177914889
runEM iter13 Time: 0.042 min.
runEM iter14: Expectation
runEM iter14: Maximization
Sample1 n=0.896, sp=0.4532, phi=2.833, lambda=39.396,34.029,33.034,37.019,83.183,35.236,60.311, F=-467
runEM iter 14  Log likelihood: -478.534162014866
runEM iter14 Time: 0.038 min.
runEM iter15: Expectation
runEM iter15: Maximization
Sample1 n=0.8991, sp=0.4443, phi=2.824, lambda=38.555,34.035,33.005,36.884,83.143,34.948,54.474, F=-448.6
runEM iter 15  Log likelihood: -459.916267921378
runEM iter15 Time: 0.037 min.
runEM iter16: Expectation
runEM iter16: Maximization
Sample1 n=0.9018, sp=0.4281, phi=2.815, lambda=37.834,34.023,32.95,36.759,83.111,34.768,48.033, F=-425.3
runEM iter 16  Log likelihood: -436.23063366549
runEM iter16 Time: 0.033 min.
runEM iter17: Expectation
runEM iter17: Maximization
Sample1 n=0.9042, sp=0.4028, phi=2.803, lambda=37.233,33.984,32.857,36.655,83.094,34.664,42.86, F=-391.6
runEM iter 17  Log likelihood: -402.017428890386
runEM iter17 Time: 0.029 min.
runEM iter18: Expectation
runEM iter18: Maximization
Sample1 n=0.9063, sp=0.3753, phi=2.789, lambda=36.731,33.939,32.744,36.58,83.081,34.591,39.811, F=-350.9
runEM iter 18  Log likelihood: -360.563933220866
runEM iter18 Time: 0.028 min.
runEM iter19: Expectation
runEM iter19: Maximization
Sample1 n=0.9081, sp=0.3521, phi=2.773, lambda=36.305,33.914,32.648,36.536,83.069,34.533,38.157, F=-313.4
runEM iter 19  Log likelihood: -322.351995857493
runEM iter19 Time: 0.027 min.
runEM iter20: Expectation
runEM iter20: Maximization
Sample1 n=0.9097, sp=0.3345, phi=2.757, lambda=35.951,33.905,32.57,36.515,83.058,34.482,37.204, F=-282.1
runEM iter 20  Log likelihood: -290.419378607824
runEM iter20 Time: 0.024 min.
runEM iter21: Expectation
runEM iter21: Maximization
Sample1 n=0.9111, sp=0.322, phi=2.74, lambda=35.657,33.9,32.507,36.511,83.048,34.436,36.61, F=-256.2
runEM iter 21  Log likelihood: -264.067571511755
runEM iter21 Time: 0.022 min.
runEM iter22: Expectation
runEM iter22: Maximization
Sample1 n=0.9124, sp=0.3135, phi=2.724, lambda=35.417,33.892,32.454,36.517,83.038,34.398,36.219, F=-234.7
runEM iter 22  Log likelihood: -242.161688288588
runEM iter22 Time: 0.022 min.
runEM iter23: Expectation
runEM iter23: Maximization
Sample1 n=0.9134, sp=0.308, phi=2.709, lambda=35.224,33.879,32.408,36.531,83.024,34.371,35.952, F=-216.6
runEM iter 23  Log likelihood: -223.748615323844
runEM iter23 Time: 0.023 min.
runEM iter24: Expectation
runEM iter24: Maximization
Sample1 n=0.9143, sp=0.3048, phi=2.694, lambda=35.069,33.861,32.364,36.552,83.014,34.354,35.763, F=-201.2
runEM iter 24  Log likelihood: -208.108224837057
runEM iter24 Time: 0.023 min.
runEM iter25: Expectation
runEM iter25: Maximization
Sample1 n=0.9151, sp=0.3032, phi=2.68, lambda=34.942,33.84,32.325,36.579,83.004,34.345,35.63, F=-188.1
runEM iter 25  Log likelihood: -194.693283363905
runEM iter25 Time: 0.023 min.
runEM iter26: Expectation
runEM iter26: Maximization
Sample1 n=0.9157, sp=0.3026, phi=2.666, lambda=34.841,33.816,32.288,36.609,82.996,34.344,35.536, F=-176.7
runEM iter 26  Log likelihood: -183.09809001592
runEM iter26 Time: 0.022 min.
runEM iter27: Expectation
runEM iter27: Maximization
Sample1 n=0.9163, sp=0.303, phi=2.654, lambda=34.758,33.79,32.252,36.642,82.987,34.349,35.47, F=-166.7
runEM iter 27  Log likelihood: -173.004060421397
runEM iter27 Time: 0.024 min.
runEM iter28: Expectation
runEM iter28: Maximization
Sample1 n=0.9167, sp=0.3038, phi=2.642, lambda=34.69,33.763,32.218,36.678,82.979,34.357,35.426, F=-158
runEM iter 28  Log likelihood: -164.159080824312
runEM iter28 Time: 0.021 min.
runEM iter29: Expectation
runEM iter29: Maximization
Sample1 n=0.9171, sp=0.3051, phi=2.63, lambda=34.633,33.736,32.184,36.716,82.971,34.369,35.4, F=-150.4
runEM iter 29  Log likelihood: -156.362950307183
runEM iter29 Time: 0.022 min.
runEM iter30: Expectation
runEM iter30: Maximization
Sample1 n=0.9174, sp=0.3066, phi=2.62, lambda=34.586,33.71,32.151,36.755,82.963,34.382,35.386, F=-143.6
runEM iter 30  Log likelihood: -149.455915824045
runEM iter30 Time: 0.022 min.
runEM iter31: Expectation
runEM iter31: Maximization
Sample1 n=0.9177, sp=0.3083, phi=2.61, lambda=34.548,33.685,32.118,36.796,82.955,34.396,35.383, F=-137.5
runEM iter 31  Log likelihood: -143.305705186148
runEM iter31 Time: 0.022 min.
runEM iter32: Expectation
runEM iter32: Maximization
Sample1 n=0.9179, sp=0.3101, phi=2.6, lambda=34.515,33.66,32.085,36.837,82.947,34.411,35.388, F=-132.1
runEM iter 32  Log likelihood: -137.803972757841
runEM iter32 Time: 0.022 min.
runEM iter33: Expectation
runEM iter33: Maximization
Sample1 n=0.9181, sp=0.3119, phi=2.592, lambda=34.485,33.638,32.052,36.878,82.939,34.425,35.399, F=-127.2
runEM iter 33  Log likelihood: -132.861511676888
runEM iter33 Time: 0.022 min.
runEM iter34: Expectation
runEM iter34: Maximization
Sample1 n=0.9182, sp=0.3137, phi=2.583, lambda=34.46,33.616,32.019,36.921,82.931,34.44,35.415, F=-122.8
runEM iter 34  Log likelihood: -128.404508173091
runEM iter34 Time: 0.027 min.
runEM iter35: Expectation
runEM iter35: Maximization
Sample1 n=0.9183, sp=0.3155, phi=2.576, lambda=34.438,33.596,31.986,36.962,82.923,34.454,35.436, F=-118.8
runEM iter 35  Log likelihood: -124.371242068952
runEM iter35 Time: 0.022 min.
runEM iter36: Expectation
runEM iter36: Maximization
Sample1 n=0.9184, sp=0.3173, phi=2.568, lambda=34.419,33.578,31.952,37.002,82.915,34.467,35.46, F=-115.1
runEM iter 36  Log likelihood: -120.707621807744
runEM iter36 Time: 0.02 min.
runEM iter37: Expectation
runEM iter37: Maximization
Sample1 n=0.9185, sp=0.319, phi=2.562, lambda=34.403,33.56,31.919,37.042,82.907,34.478,35.486, F=-111.8
runEM iter 37  Log likelihood: -117.367786292886
runEM iter37 Time: 0.022 min.
runEM iter38: Expectation
runEM iter38: Maximization
Sample1 n=0.9185, sp=0.3207, phi=2.555, lambda=34.387,33.544,31.886,37.081,82.899,34.49,35.513, F=-108.8
runEM iter 38  Log likelihood: -114.315600302421
runEM iter38 Time: 0.022 min.
runEM iter39: Expectation
runEM iter39: Maximization
Sample1 n=0.9185, sp=0.3223, phi=2.549, lambda=34.374,33.529,31.853,37.118,82.892,34.501,35.542, F=-106
runEM iter 39  Log likelihood: -111.518549665581
runEM iter39 Time: 0.022 min.
runEM iter40: Expectation
runEM iter40: Maximization
Sample1 n=0.9185, sp=0.3238, phi=2.543, lambda=34.361,33.516,31.82,37.153,82.886,34.511,35.573, F=-103.4
runEM iter 40  Log likelihood: -108.948611079975
runEM iter40 Time: 0.026 min.
runEM iter41: Expectation
runEM iter41: Maximization
Sample1 n=0.9185, sp=0.3253, phi=2.538, lambda=34.351,33.504,31.788,37.187,82.88,34.52,35.603, F=-101.1
runEM iter 41  Log likelihood: -106.578154701203
runEM iter41 Time: 0.02 min.
runEM iter42: Expectation
runEM iter42: Maximization
Sample1 n=0.9185, sp=0.3268, phi=2.533, lambda=34.342,33.491,31.757,37.225,82.871,34.528,35.631, F=-98.87
runEM iter 42  Log likelihood: -104.390480861304
runEM iter42 Time: 0.023 min.
runEM iter43: Expectation
runEM iter43: Maximization
Sample1 n=0.9185, sp=0.3281, phi=2.528, lambda=34.334,33.48,31.727,37.26,82.862,34.536,35.66, F=-96.85
runEM iter 43  Log likelihood: -102.372066738898
runEM iter43 Time: 0.02 min.
runEM iter44: Expectation
runEM iter44: Maximization
Sample1 n=0.9185, sp=0.3294, phi=2.523, lambda=34.326,33.47,31.698,37.292,82.854,34.544,35.688, F=-94.97
runEM iter 44  Log likelihood: -100.503546027368
runEM iter44 Time: 0.021 min.
runEM iter45: Expectation
runEM iter45: Maximization
Sample1 n=0.9184, sp=0.3307, phi=2.519, lambda=34.318,33.46,31.669,37.323,82.846,34.551,35.715, F=-93.23
runEM iter 45  Log likelihood: -98.7679437056312
runEM iter45 Time: 0.022 min.
runEM iter46: Expectation
runEM iter46: Maximization
Sample1 n=0.9184, sp=0.3319, phi=2.515, lambda=34.311,33.452,31.642,37.353,82.838,34.558,35.74, F=-91.61
runEM iter 46  Log likelihood: -97.1539657456724
runEM iter46 Time: 0.02 min.
runEM iter47: Expectation
runEM iter47: Maximization
Sample1 n=0.9184, sp=0.3331, phi=2.511, lambda=34.304,33.445,31.615,37.382,82.83,34.564,35.765, F=-90.11
runEM iter 47  Log likelihood: -95.6518599384994
runEM iter47 Time: 0.047 min.
runEM iter48: Expectation
runEM iter48: Maximization
Sample1 n=0.9183, sp=0.3342, phi=2.507, lambda=34.298,33.437,31.59,37.41,82.824,34.57,35.789, F=-88.7
runEM iter 48  Log likelihood: -94.2536004855798
runEM iter48 Time: 0.032 min.
runEM iter49: Expectation
runEM iter49: Maximization
Sample1 n=0.9183, sp=0.3353, phi=2.504, lambda=34.292,33.431,31.565,37.437,82.817,34.576,35.811, F=-87.39
runEM iter 49  Log likelihood: -92.9498880366596
runEM iter49 Time: 0.025 min.
runEM: Using optimal parameters from iter49
runEM: Total elapsed time: 1.4min.
runViterbi: Segmenting and classifying
runEM: Initialization
runEM iter1: Expectation
runEM iter1: Maximization
Sample1 n=0.893, sp=0.4996, phi=2.014, lambda=34.135,33.282,33.742,51.959,82.619,77.803,75.781, F=-164.9
runEM iter 1  Log likelihood: -198.807900957965
runEM iter1 Time: 0.087 min.
runEM iter2: Expectation
runEM iter2: Maximization
Sample1 n=0.8899, sp=0.505, phi=1.991, lambda=34.045,33.137,34.247,70.828,83.917,78.369,74.556, F=-172
runEM iter 2  Log likelihood: -183.752706437823
runEM iter2 Time: 0.046 min.
runEM iter3: Expectation
runEM iter3: Maximization
Sample1 n=0.8848, sp=0.5051, phi=1.971, lambda=34.14,33.087,34.952,82.366,84.086,78.751,73.715, F=-182
runEM iter 3  Log likelihood: -193.847902507672
runEM iter3 Time: 0.032 min.
runEM iter2: Re-calculating responsibilties from converged parameters.
runEM: Using optimal parameters from iter2
runEM: Total elapsed time: 0.17min.
runViterbi: Segmenting and classifying
runEM: Initialization
runEM iter1: Expectation
runEM iter1: Maximization
Sample1 n=0.9195, sp=0.4989, phi=2.778, lambda=35.915,33.192,33.457,41.095,81.195,74.605,69.238, F=-461.6
runEM iter 1  Log likelihood: -505.572167179949
runEM iter1 Time: 0.084 min.
runEM iter2: Expectation
runEM iter2: Maximization
Sample1 n=0.9153, sp=0.4959, phi=2.75, lambda=35.049,33.347,33.057,38.583,82.483,78.828,66.562, F=-388.9
runEM iter 2  Log likelihood: -398.823989645882
runEM iter2 Time: 0.046 min.
runEM iter3: Expectation
runEM iter3: Maximization
Sample1 n=0.9153, sp=0.4937, phi=2.747, lambda=34.706,33.555,32.989,37.389,82.787,80.891,62.073, F=-369.2
runEM iter 3  Log likelihood: -379.684694171444
runEM iter3 Time: 0.046 min.
runEM iter4: Expectation
runEM iter4: Maximization
Sample1 n=0.9161, sp=0.4881, phi=2.746, lambda=34.56,33.627,32.95,36.828,82.795,81.161,56.063, F=-357
runEM iter 4  Log likelihood: -367.573725552615
runEM iter4 Time: 0.035 min.
runEM iter5: Expectation
runEM iter5: Maximization
Sample1 n=0.9169, sp=0.4744, phi=2.744, lambda=34.478,33.633,32.901,36.519,82.771,81.739,49.278, F=-342.4
runEM iter 5  Log likelihood: -352.813641629122
runEM iter5 Time: 0.039 min.
runEM iter6: Expectation
runEM iter6: Maximization
Sample1 n=0.9175, sp=0.4481, phi=2.74, lambda=34.42,33.598,32.808,36.319,82.768,81.757,43.681, F=-318.4
runEM iter 6  Log likelihood: -328.471723940376
runEM iter6 Time: 0.024 min.
runEM iter7: Expectation
runEM iter7: Maximization
Sample1 n=0.9178, sp=0.4195, phi=2.732, lambda=34.379,33.551,32.684,36.195,82.766,81.768,40.305, F=-286.8
runEM iter 7  Log likelihood: -296.285336139782
runEM iter7 Time: 0.026 min.
runEM iter8: Expectation
runEM iter8: Maximization
Sample1 n=0.9179, sp=0.3978, phi=2.723, lambda=34.347,33.525,32.576,36.145,82.764,81.774,38.48, F=-258.8
runEM iter 8  Log likelihood: -267.759253752662
runEM iter8 Time: 0.018 min.
runEM iter9: Expectation
runEM iter9: Maximization
Sample1 n=0.9179, sp=0.382, phi=2.712, lambda=34.322,33.52,32.497,36.145,82.763,81.778,37.427, F=-237.8
runEM iter 9  Log likelihood: -246.328851486514
runEM iter9 Time: 0.022 min.
runEM iter10: Expectation
runEM iter10: Maximization
Sample1 n=0.9178, sp=0.3706, phi=2.702, lambda=34.297,33.525,32.442,36.167,82.762,81.781,36.769, F=-222.4
runEM iter 10  Log likelihood: -230.542809051099
runEM iter10 Time: 0.015 min.
runEM iter11: Expectation
runEM iter11: Maximization
Sample1 n=0.9177, sp=0.3626, phi=2.691, lambda=34.264,33.533,32.403,36.221,82.759,81.793,36.333, F=-210.8
runEM iter 11  Log likelihood: -218.668223719568
runEM iter11 Time: 0.017 min.
runEM iter12: Expectation
runEM iter12: Maximization
Sample1 n=0.9175, sp=0.3571, phi=2.681, lambda=34.235,33.538,32.373,36.282,82.757,81.804,36.032, F=-201.8
runEM iter 12  Log likelihood: -209.498121178337
runEM iter12 Time: 0.019 min.
runEM iter13: Expectation
runEM iter13: Maximization
Sample1 n=0.9174, sp=0.3535, phi=2.671, lambda=34.209,33.54,32.349,36.348,82.688,82.136,35.817, F=-194.7
runEM iter 13  Log likelihood: -202.184741029107
runEM iter13 Time: 0.028 min.
runEM iter14: Expectation
runEM iter14: Maximization
Sample1 n=0.9173, sp=0.3513, phi=2.662, lambda=34.185,33.541,32.329,36.415,82.688,82.141,35.661, F=-188.8
runEM iter 14  Log likelihood: -196.188747508451
runEM iter14 Time: 0.019 min.
runEM iter15: Expectation
runEM iter15: Maximization
Sample1 n=0.9172, sp=0.3502, phi=2.653, lambda=34.163,33.54,32.311,36.482,82.688,82.148,35.546, F=-183.8
runEM iter 15  Log likelihood: -191.130486905137
runEM iter15 Time: 0.017 min.
runEM iter16: Expectation
runEM iter16: Maximization
Sample1 n=0.9172, sp=0.3498, phi=2.645, lambda=34.143,33.537,32.294,36.548,82.688,82.157,35.46, F=-179.6
runEM iter 16  Log likelihood: -186.772521924353
runEM iter16 Time: 0.016 min.
runEM iter17: Expectation
runEM iter17: Maximization
Sample1 n=0.9171, sp=0.3499, phi=2.637, lambda=34.122,33.535,32.278,36.608,82.688,82.166,35.398, F=-175.8
runEM iter 17  Log likelihood: -182.944521923309
runEM iter17 Time: 0.017 min.
runEM iter18: Expectation
runEM iter18: Maximization
Sample1 n=0.9171, sp=0.3503, phi=2.63, lambda=34.103,33.532,32.262,36.667,82.688,82.177,35.351, F=-172.5
runEM iter 18  Log likelihood: -179.529256322953
runEM iter18 Time: 0.017 min.
runEM iter19: Expectation
runEM iter19: Maximization
Sample1 n=0.917, sp=0.351, phi=2.623, lambda=34.086,33.529,32.245,36.721,82.688,82.19,35.319, F=-169.4
runEM iter 19  Log likelihood: -176.443504373128
runEM iter19 Time: 0.021 min.
runEM iter20: Expectation
runEM iter20: Maximization
Sample1 n=0.917, sp=0.3519, phi=2.616, lambda=34.071,33.524,32.229,36.771,82.688,82.207,35.297, F=-166.6
runEM iter 20  Log likelihood: -173.628615417728
runEM iter20 Time: 0.019 min.
runEM iter21: Expectation
runEM iter21: Maximization
Sample1 n=0.917, sp=0.3528, phi=2.61, lambda=34.056,33.52,32.212,36.819,82.689,82.224,35.282, F=-164.1
runEM iter 21  Log likelihood: -171.037978942182
runEM iter21 Time: 0.017 min.
runEM iter22: Expectation
runEM iter22: Maximization
Sample1 n=0.917, sp=0.3538, phi=2.605, lambda=34.043,33.515,32.194,36.858,82.699,82.629,35.274, F=-161.7
runEM iter 22  Log likelihood: -168.642612979682
runEM iter22 Time: 0.03 min.
runEM iter23: Expectation
runEM iter23: Maximization
Sample1 n=0.917, sp=0.3548, phi=2.6, lambda=34.028,33.511,32.176,36.896,82.699,82.634,35.271, F=-159.5
runEM iter 23  Log likelihood: -166.417631977841
runEM iter23 Time: 0.017 min.
runEM iter24: Expectation
runEM iter24: Maximization
Sample1 n=0.917, sp=0.3558, phi=2.595, lambda=34.017,33.506,32.157,36.931,82.699,82.64,35.273, F=-157.5
runEM iter 24  Log likelihood: -164.33031273977
runEM iter24 Time: 0.016 min.
runEM iter25: Expectation
runEM iter25: Maximization
Sample1 n=0.917, sp=0.3568, phi=2.59, lambda=34.006,33.502,32.138,36.965,82.699,82.648,35.278, F=-155.5
runEM iter 25  Log likelihood: -162.372134867414
runEM iter25 Time: 0.016 min.
runEM iter26: Expectation
runEM iter26: Maximization
Sample1 n=0.917, sp=0.3578, phi=2.585, lambda=33.999,33.495,32.119,37.001,82.7,82.66,35.287, F=-153.7
runEM iter 26  Log likelihood: -160.533271742092
runEM iter26 Time: 0.015 min.
runEM iter27: Expectation
runEM iter27: Maximization
Sample1 n=0.917, sp=0.3587, phi=2.581, lambda=33.991,33.494,32.1,37.034,82.7,82.678,35.296, F=-152
runEM iter 27  Log likelihood: -158.807441160542
runEM iter27 Time: 0.018 min.
runEM iter28: Expectation
runEM iter28: Maximization
Sample1 n=0.917, sp=0.3596, phi=2.577, lambda=33.982,33.493,32.08,37.068,82.701,82.7,35.307, F=-150.4
runEM iter 28  Log likelihood: -157.186104008531
runEM iter28 Time: 0.016 min.
runEM iter29: Expectation
runEM iter29: Maximization
Sample1 n=0.917, sp=0.3605, phi=2.573, lambda=33.973,33.488,32.059,37.088,82.712,83.08,35.319, F=-148.9
runEM iter 29  Log likelihood: -155.660526687579
runEM iter29 Time: 0.029 min.
runEM iter30: Expectation
runEM iter30: Maximization
Sample1 n=0.917, sp=0.3613, phi=2.569, lambda=33.966,33.485,32.039,37.111,82.712,83.086,35.334, F=-147.4
runEM iter 30  Log likelihood: -154.207312928048
runEM iter30 Time: 0.017 min.
runEM iter31: Expectation
runEM iter31: Maximization
Sample1 n=0.917, sp=0.3621, phi=2.566, lambda=33.959,33.482,32.019,37.135,82.712,83.094,35.349, F=-146
runEM iter 31  Log likelihood: -152.817745208881
runEM iter31 Time: 0.017 min.
runEM iter32: Expectation
runEM iter32: Maximization
Sample1 n=0.917, sp=0.3629, phi=2.562, lambda=33.953,33.479,31.998,37.158,82.712,83.104,35.364, F=-144.7
runEM iter 32  Log likelihood: -151.497819211114
runEM iter32 Time: 0.017 min.
runEM iter33: Expectation
runEM iter33: Maximization
Sample1 n=0.9169, sp=0.3636, phi=2.559, lambda=33.948,33.478,31.978,37.185,82.713,83.122,35.38, F=-143.5
runEM iter 33  Log likelihood: -150.242770764787
runEM iter33 Time: 0.016 min.
runEM iter34: Expectation
runEM iter34: Maximization
Sample1 n=0.9169, sp=0.3643, phi=2.556, lambda=33.941,33.471,31.958,37.202,82.72,83.456,35.396, F=-142.3
runEM iter 34  Log likelihood: -149.052875916623
runEM iter34 Time: 0.025 min.
runEM iter35: Expectation
runEM iter35: Maximization
Sample1 n=0.9169, sp=0.365, phi=2.553, lambda=33.938,33.469,31.938,37.224,82.72,83.464,35.411, F=-141.2
runEM iter 35  Log likelihood: -147.912350062611
runEM iter35 Time: 0.016 min.
runEM iter36: Expectation
runEM iter36: Maximization
Sample1 n=0.9169, sp=0.3656, phi=2.55, lambda=33.934,33.465,31.918,37.248,82.721,83.479,35.426, F=-140.1
runEM iter 36  Log likelihood: -146.816981071438
runEM iter36 Time: 0.017 min.
runEM iter37: Expectation
runEM iter37: Maximization
Sample1 n=0.9169, sp=0.3662, phi=2.547, lambda=33.929,33.462,31.898,37.269,82.721,83.498,35.442, F=-139
runEM iter 37  Log likelihood: -145.771127190059
runEM iter37 Time: 0.018 min.
runEM iter38: Expectation
runEM iter38: Maximization
Sample1 n=0.9169, sp=0.3668, phi=2.544, lambda=33.924,33.46,31.879,37.284,82.726,83.772,35.457, F=-138
runEM iter 38  Log likelihood: -144.76622933322
runEM iter38 Time: 0.027 min.
runEM iter39: Expectation
runEM iter39: Maximization
Sample1 n=0.9169, sp=0.3674, phi=2.542, lambda=33.921,33.459,31.859,37.302,82.727,83.779,35.472, F=-137.1
runEM iter 39  Log likelihood: -143.799553061047
runEM iter39 Time: 0.016 min.
runEM iter40: Expectation
runEM iter40: Maximization
Sample1 n=0.9168, sp=0.368, phi=2.539, lambda=33.916,33.455,31.84,37.324,82.727,83.797,35.485, F=-136.1
runEM iter 40  Log likelihood: -142.864956970753
runEM iter40 Time: 0.017 min.
runEM iter41: Expectation
runEM iter41: Maximization
Sample1 n=0.9168, sp=0.3685, phi=2.536, lambda=33.912,33.454,31.82,37.346,82.731,83.998,35.497, F=-135.2
runEM iter 41  Log likelihood: -141.967471625515
runEM iter41 Time: 0.023 min.
runEM iter42: Expectation
runEM iter42: Maximization
Sample1 n=0.9168, sp=0.369, phi=2.534, lambda=33.91,33.453,31.802,37.35,82.731,84,35.513, F=-134.4
runEM iter 42  Log likelihood: -141.106945098447
runEM iter42 Time: 0.013 min.
runEM iter43: Expectation
runEM iter43: Maximization
Sample1 n=0.9168, sp=0.3695, phi=2.531, lambda=33.906,33.451,31.783,37.369,82.734,84.214,35.526, F=-133.5
runEM iter 43  Log likelihood: -140.252964780542
runEM iter43 Time: 0.026 min.
runEM iter44: Expectation
runEM iter44: Maximization
Sample1 n=0.9168, sp=0.37, phi=2.529, lambda=33.904,33.449,31.765,37.388,82.734,84.221,35.54, F=-132.7
runEM iter 44  Log likelihood: -139.441945527053
runEM iter44 Time: 0.016 min.
runEM iter45: Expectation
runEM iter45: Maximization
Sample1 n=0.9167, sp=0.3705, phi=2.527, lambda=33.9,33.447,31.746,37.404,82.738,84.412,35.552, F=-131.9
runEM iter 45  Log likelihood: -138.65314866421
runEM iter45 Time: 0.026 min.
runEM iter46: Expectation
runEM iter46: Maximization
Sample1 n=0.9167, sp=0.371, phi=2.524, lambda=33.898,33.445,31.728,37.421,82.738,84.419,35.565, F=-131.2
runEM iter 46  Log likelihood: -137.888998012498
runEM iter46 Time: 0.019 min.
runEM iter47: Expectation
runEM iter47: Maximization
Sample1 n=0.9167, sp=0.3714, phi=2.522, lambda=33.896,33.444,31.71,37.442,82.74,84.582,35.574, F=-130.4
runEM iter 47  Log likelihood: -137.142286214047
runEM iter47 Time: 0.024 min.
runEM iter48: Expectation
runEM iter48: Maximization
Sample1 n=0.9167, sp=0.3719, phi=2.52, lambda=33.891,33.443,31.693,37.45,82.74,84.586,35.587, F=-129.7
runEM iter 48  Log likelihood: -136.424064176531
runEM iter48 Time: 0.015 min.
runEM iter49: Expectation
runEM iter49: Maximization
Sample1 n=0.9166, sp=0.3723, phi=2.518, lambda=33.889,33.442,31.676,37.467,82.743,84.799,35.597, F=-129
runEM iter 49  Log likelihood: -135.706391410071
runEM iter49 Time: 0.025 min.
runEM: Using optimal parameters from iter49
runEM: Total elapsed time: 1.1min.
runViterbi: Segmenting and classifying
runEM: Initialization
runEM iter1: Expectation
runEM iter1: Maximization
Sample1 n=0.9257, sp=0.4999, phi=2.109, lambda=33.743,33.126,33.442,48.919,82.377,75.295,74.014, F=-164
runEM iter 1  Log likelihood: -194.766370825934
runEM iter1 Time: 0.11 min.
runEM iter2: Expectation
runEM iter2: Maximization
Sample1 n=0.9176, sp=0.5077, phi=2.119, lambda=33.85,33.104,33.403,46.633,82.979,75.774,71.316, F=-147.7
runEM iter 2  Log likelihood: -157.672829456513
runEM iter2 Time: 0.048 min.
runEM iter3: Expectation
runEM iter3: Maximization
Sample1 n=0.9134, sp=0.5091, phi=2.126, lambda=33.911,33.143,33.358,46.553,83.182,76.671,67.517, F=-146
runEM iter 3  Log likelihood: -156.500702106031
runEM iter3 Time: 0.029 min.
runEM iter4: Expectation
runEM iter4: Maximization
Sample1 n=0.9109, sp=0.5107, phi=2.128, lambda=33.911,33.162,33.307,47.942,83.31,77.734,61.324, F=-145.2
runEM iter 4  Log likelihood: -155.814919826797
runEM iter4 Time: 0.035 min.
runEM iter5: Expectation
runEM iter5: Maximization
Sample1 n=0.909, sp=0.5141, phi=2.126, lambda=33.911,33.14,33.231,50.643,83.444,79.32,51.656, F=-139.8
runEM iter 5  Log likelihood: -150.482810693092
runEM iter5 Time: 0.052 min.
runEM iter6: Expectation
runEM iter6: Maximization
Sample1 n=0.9065, sp=0.516, phi=2.124, lambda=33.938,32.978,32.943,55.707,83.497,80.397,44.48, F=-114.5
runEM iter 6  Log likelihood: -125.278419511297
runEM iter6 Time: 0.055 min.
runEM iter7: Expectation
runEM iter7: Maximization
Sample1 n=0.9036, sp=0.522, phi=2.122, lambda=33.995,32.779,32.587,65.521,83.522,80.868,41.666, F=-91.94
runEM iter 7  Log likelihood: -102.472699092443
runEM iter7 Time: 0.036 min.
runEM iter8: Expectation
runEM iter8: Maximization
Sample1 n=0.9011, sp=0.5303, phi=2.12, lambda=34.044,32.658,32.393,77.816,83.58,82.029,40.081, F=-82.93
runEM iter 8  Log likelihood: -93.1594411730401
runEM iter8 Time: 0.035 min.
runEM iter9: Expectation
runEM iter9: Maximization
Sample1 n=0.8991, sp=0.5362, phi=2.116, lambda=34.077,32.585,32.344,82.147,83.654,83.963,38.958, F=-79.82
runEM iter 9  Log likelihood: -89.6198158276971
runEM iter9 Time: 0.044 min.
runEM iter10: Expectation
runEM iter10: Maximization
Sample1 n=0.8974, sp=0.5383, phi=2.112, lambda=34.104,32.542,32.401,82.544,83.696,86.633,38.041, F=-79.51
runEM iter 10  Log likelihood: -88.7676527721344
runEM iter10 Time: 0.034 min.
runEM iter11: Expectation
runEM iter11: Maximization
Sample1 n=0.8956, sp=0.5361, phi=2.106, lambda=34.127,32.516,32.534,82.667,83.741,90.054,37.212, F=-80.55
runEM iter 11  Log likelihood: -89.2149135123947
runEM iter11 Time: 0.033 min.
runEM iter10: Re-calculating responsibilties from converged parameters.
runEM: Using optimal parameters from iter10
runEM: Total elapsed time: 0.51min.
runViterbi: Segmenting and classifying
Total ULP-WGS HMM Runtime: 9.7 min.
Writing segments to results/ichorCNA/SA1015//SA1015.seg
Outputting to bin-level results to results/ichorCNA/SA1015//SA1015.cna.seg
