$WIG
[1] "results/readDepth/semi-realistic.bin1000000.wig"

$gcWig
[1] "../../inst/extdata/gc_hg19_1000kb.wig"

$mapWig
[1] "../../inst/extdata/map_hg19_1000kb.wig"

$normalPanel
[1] "../../inst/extdata/HD_ULP_PoN_1Mb_median_normAutosome_mapScoreFiltered_median.rds"

$exons.bed
[1] "None"

$id
[1] "semi-realistic"

$cenLoading required package: data.table
Loading required package: stats4
Loading required package: BiocGenerics
Loading required package: parallel

Attaching package: 'BiocGenerics'

The following objects are masked from 'package:parallel':

    clusterApply, clusterApplyLB, clusterCall, clusterEvalQ,
    clusterExport, clusterMap, parApply, parCapply, parLapply,
    parLapplyLB, parRapply, parSapply, parSapplyLB

The following objects are masked from 'package:stats':

    IQR, mad, sd, var, xtabs

The following objects are masked from 'package:base':

    Filter, Find, Map, Position, Reduce, anyDuplicated, append,
    as.data.frame, basename, cbind, colnames, dirname, do.call,
    duplicated, eval, evalq, get, grep, grepl, intersect, is.unsorted,
    lapply, mapply, match, mget, order, paste, pmax, pmax.int, pmin,
    pmin.int, rank, rbind, rownames, sapply, setdiff, sort, table,
    tapply, union, unique, unsplit, which, which.max, which.min

Loading required package: S4Vectors

Attaching package: 'S4Vectors'

The following objects are masked from 'package:data.table':

    first, second

The following object is masked from 'package:base':

    expand.grid

Loading required package: IRanges

Attaching package: 'IRanges'

The following object is masked from 'package:data.table':

    shift

Loading required package: GenomeInfoDb

Attaching package: 'Biostrings'

The following object is masked from 'package:base':

    strsplit

Loading tumour file:semi-realistic
Slurping: results/readDepth/semi-realistic.bin1000000.wig
Parsing: fixedStep chrom=1 start=1 step=1000000 span=1000000
Parsing: fixedStep chrom=2 start=1 step=1000000 span=1000000
Parsing: fixedStep chrom=3 start=1 step=1000000 span=1000000
Parsing: fixedStep chrom=4 start=1 step=1000000 span=1000000
Parsing: fixedStep chrom=5 start=1 step=1000000 span=1000000
Parsing: fixedStep chrom=6 start=1 step=1000000 span=1000000
Parsing: fixedStep chrom=7 start=1 step=1000000 span=1000000
Parsing: fixedStep chrom=8 start=1 step=1000000 span=1000000
Parsing: fixedStep chrom=9 start=1 step=1000000 span=1000000
Parsing: fixedStep chrom=10 start=1 step=1000000 span=1000000
Parsing: fixedStep chrom=11 start=1 step=1000000 span=1000000
Parsing: fixedStep chrom=12 start=1 step=1000000 span=1000000
Parsing: fixedStep chrom=13 start=1 step=1000000 span=1000000
Parsing: fixedStep chrom=14 start=1 step=1000000 span=1000000
Parsing: fixedStep chrom=15 start=1 step=1000000 span=1000000
Parsing: fixedStep chrom=16 start=1 step=1000000 span=1000000
Parsing: fixedStep chrom=17 start=1 step=1000000 span=1000000
Parsing: fixedStep chrom=18 start=1 step=1000000 span=1000000
Parsing: fixedStep chrom=19 start=1 step=1000000 span=1000000
Parsing: fixedStep chrom=20 start=1 step=1000000 span=1000000
Parsing: fixedStep chrom=21 start=1 step=1000000 span=1000000
Parsing: fixedStep chrom=22 start=1 step=1000000 span=1000000
Parsing: fixedStep chrom=X start=1 step=1000000 span=1000000
Parsing: fixedStep chrom=Y start=1 step=1000000 span=1000000
Sorting by decreasing chromosome size
Reading GC and mappability files
Slurping: ../../inst/extdata/gc_hg19_1000kb.wig
Parsing: fixedStep chrom=1 start=1 step=1000000 span=1000000
Parsing: fixedStep chrom=2 start=1 step=1000000 span=1000000
Parsing: fixedStep chrom=3 start=1 step=1000000 span=1000000
Parsing: fixedStep chrom=4 start=1 step=1000000 span=1000000
Parsing: fixedStep chrom=5 start=1 step=1000000 span=1000000
Parsing: fixedStep chrom=6 start=1 step=1000000 span=1000000
Parsing: fixedStep chrom=7 start=1 step=1000000 span=1000000
Parsing: fixedStep chrom=8 start=1 step=1000000 span=1000000
Parsing: fixedStep chrom=9 start=1 step=1000000 span=1000000
Parsing: fixedStep chrom=10 start=1 step=1000000 span=1000000
Parsing: fixedStep chrom=11 start=1 step=1000000 span=1000000
Parsing: fixedStep chrom=12 start=1 step=1000000 span=1000000
Parsing: fixedStep chrom=13 start=1 step=1000000 span=1000000
Parsing: fixedStep chrom=14 start=1 step=1000000 span=1000000
Parsing: fixedStep chrom=15 start=1 step=1000000 span=1000000
Parsing: fixedStep chrom=16 start=1 step=1000000 span=1000000
Parsing: fixedStep chrom=17 start=1 step=1000000 span=1000000
Parsing: fixedStep chrom=18 start=1 step=1000000 span=1000000
Parsing: fixedStep chrom=19 start=1 step=1000000 span=1000000
Parsing: fixedStep chrom=20 start=1 step=1000000 span=1000000
Parsing: fixedStep chrom=21 start=1 step=1000000 span=1000000
Parsing: fixedStep chrom=22 start=1 step=1000000 span=1000000
Parsing: fixedStep chrom=X start=1 step=1000000 span=1000000
Parsing: fixedStep chrom=Y start=1 step=1000000 span=1000000
Sorting by decreasing chromosome size
Slurping: ../../inst/extdata/map_hg19_1000kb.wig
Parsing: fixedStep chrom=1 start=1 step=1000000 span=1000000
Parsing: fixedStep chrom=2 start=1 step=1000000 span=1000000
Parsing: fixedStep chrom=3 start=1 step=1000000 span=1000000
Parsing: fixedStep chrom=4 start=1 step=1000000 span=1000000
Parsing: fixedStep chrom=5 start=1 step=1000000 span=1000000
Parsing: fixedStep chrom=6 start=1 step=1000000 span=1000000
Parsing: fixedStep chrom=7 start=1 step=1000000 span=1000000
Parsing: fixedStep chrom=8 start=1 step=1000000 span=1000000
Parsing: fixedStep chrom=9 start=1 step=1000000 span=1000000
Parsing: fixedStep chrom=10 start=1 step=1000000 span=1000000
Parsing: fixedStep chrom=11 start=1 step=1000000 span=1000000
Parsing: fixedStep chrom=12 start=1 step=1000000 span=1000000
Parsing: fixedStep chrom=13 start=1 step=1000000 span=1000000
Parsing: fixedStep chrom=14 start=1 step=1000000 span=1000000
Parsing: fixedStep chrom=15 start=1 step=1000000 span=1000000
Parsing: fixedStep chrom=16 start=1 step=1000000 span=1000000
Parsing: fixedStep chrom=17 start=1 step=1000000 span=1000000
Parsing: fixedStep chrom=18 start=1 step=1000000 span=1000000
Parsing: fixedStep chrom=19 start=1 step=1000000 span=1000000
Parsing: fixedStep chrom=20 start=1 step=1000000 span=1000000
Parsing: fixedStep chrom=21 start=1 step=1000000 span=1000000
Parsing: fixedStep chrom=22 start=1 step=1000000 span=1000000
Parsing: fixedStep chrom=X start=1 step=1000000 span=1000000
Parsing: fixedStep chrom=Y start=1 step=1000000 span=1000000
Sorting by decreasing chromosome size
Correcting Tumour
Removed 97 bins near centromeres.
Applying filter on data...
Correcting for GC bias...
Correcting for mappability bias...
Filtering low uniqueness regions with mappability score < 0.75
Removed 4 bins near centromeres.
Determining gender...Gender female
Outputting to: results/ichorCNA/semi-realistic//semi-realistic.correctedDepth.txt
Warning message:
In regularize.values(x, y, ties, missing(ties)) :
  collapsing to unique 'x' values
runEM: Initialization
runEM iter1: Expectation
runEM iter1: Maximization
Sample1 n=0.6156, sp=0.3684, phi=1.994, lambda=80.717,82.388,137.47,113.07,216.61,58.023,212.51, F=1044
runEM iter 1  Log likelihood: 926.03629205729
runEM iter1 Time: 0.088 min.
runEM iter2: Expectation
runEM iter2: Maximization
Sample1 n=0.5955, sp=0.3961, phi=1.993, lambda=69.62,88.689,138.21,115.61,205.62,87.13,146.46, F=1176
runEM iter 2  Log likelihood: 1143.06796393709
runEM iter2 Time: 0.064 min.
runEM iter3: Expectation
runEM iter3: Maximization
Sample1 n=0.589, sp=0.4167, phi=2.007, lambda=74.824,89.003,138.64,115.35,215.04,86.82,142.2, F=1186
runEM iter 3  Log likelihood: 1173.47427156766
runEM iter3 Time: 0.059 min.
runEM iter4: Expectation
runEM iter4: Maximization
Sample1 n=0.5841, sp=0.4416, phi=2.024, lambda=83.214,88.579,138.55,117.8,215.15,86.362,136.6, F=1194
runEM iter 4  Log likelihood: 1182.81691150688
runEM iter4 Time: 0.039 min.
runEM iter5: Expectation
runEM iter5: Maximization
Sample1 n=0.5752, sp=0.4664, phi=2.037, lambda=90.936,88.36,138.64,121.81,215.32,86.22,132.08, F=1199
runEM iter 5  Log likelihood: 1189.27480071376
runEM iter5 Time: 0.041 min.
runEM iter6: Expectation
runEM iter6: Maximization
Sample1 n=0.5651, sp=0.4888, phi=2.05, lambda=105.3,88.374,138.76,125.62,215.77,86.059,126.26, F=1201
runEM iter 6  Log likelihood: 1192.44041885333
runEM iter6 Time: 0.051 min.
runEM iter7: Expectation
runEM iter7: Maximization
Sample1 n=0.556, sp=0.5114, phi=2.065, lambda=143.95,88.376,138.78,128.67,216.33,85.907,119.26, F=1204
runEM iter 7  Log likelihood: 1194.43588764142
runEM iter7 Time: 0.047 min.
runEM iter8: Expectation
runEM iter8: Maximization
Sample1 n=0.5478, sp=0.5366, phi=2.08, lambda=203.62,87.898,138.76,130.5,216.87,85.895,113.75, F=1208
runEM iter 8  Log likelihood: 1195.76037786679
runEM iter8 Time: 0.051 min.
runEM iter9: Expectation
runEM iter9: Maximization
Sample1 n=0.5384, sp=0.5618, phi=2.096, lambda=215.75,86.994,138.74,132.44,217.11,86.088,111.86, F=1212
runEM iter 9  Log likelihood: 1195.53807452942
runEM iter9 Time: 0.049 min.
runEM iter8: Re-calculating responsibilties from converged parameters.
runEM: Using optimal parameters from iter8
runEM: Total elapsed time: 0.49min.
runViterbi: Segmenting and classifying
runEM: Initialization
runEM iter1: Expectation
runEM iter1: Maximization
Sample1 n=0.6446, sp=0.4767, phi=2.937, lambda=215.87,84.935,86.332,96.533,146.68,209.93,90.743, F=663.6
runEM iter 1  Log likelihood: 508.546989839228
runEM iter1 Time: 0.11 min.
runEM iter2: Expectation
runEM iter2: Maximization
Sample1 n=0.6092, sp=0.4408, phi=2.88, lambda=217.07,83.729,90.014,126.43,83.946,215.51,93.208, F=854
runEM iter 2  Log likelihood: 824.635534307758
runEM iter2 Time: 0.058 min.
runEM iter3: Expectation
runEM iter3: Maximization
Sample1 n=0.5961, sp=0.4231, phi=2.836, lambda=217.08,84.01,90.945,137.27,88.83,215.51,98.67, F=921.9
runEM iter 3  Log likelihood: 906.332026130321
runEM iter3 Time: 0.041 min.
runEM iter4: Expectation
runEM iter4: Maximization
Sample1 n=0.591, sp=0.417, phi=2.798, lambda=217.09,85.013,94.143,138.6,97.616,215.52,96.34, F=965.8
runEM iter 4  Log likelihood: 959.162750635271
runEM iter4 Time: 0.04 min.
runEM iter5: Expectation
runEM iter5: Maximization
Sample1 n=0.5883, sp=0.4128, phi=2.771, lambda=217.11,86.054,98.765,138.32,104.71,215.56,90.952, F=984.5
runEM iter 5  Log likelihood: 983.743722076081
runEM iter5 Time: 0.057 min.
runEM iter6: Expectation
runEM iter6: Maximization
Sample1 n=0.5877, sp=0.3994, phi=2.751, lambda=217.12,86.958,102.39,137.77,109.43,215.63,88.492, F=994
runEM iter 6  Log likelihood: 992.453578557012
runEM iter6 Time: 0.039 min.
runEM iter7: Expectation
runEM iter7: Maximization
Sample1 n=0.5865, sp=0.3967, phi=2.737, lambda=217.12,86.872,104.19,137.2,112.92,215.69,88.284, F=998.3
runEM iter 7  Log likelihood: 994.679711879082
runEM iter7 Time: 0.038 min.
runEM iter8: Expectation
runEM iter8: Maximization
Sample1 n=0.5869, sp=0.4014, phi=2.729, lambda=217.13,86.637,104.92,136.92,114.48,215.73,88.308, F=1000
runEM iter 8  Log likelihood: 995.613475622556
runEM iter8 Time: 0.038 min.
runEM iter8: Re-calculating responsibilties from converged parameters.
runEM: Using optimal parameters from iter8
runEM: Total elapsed time: 0.42min.
runViterbi: Segmenting and classifying
runEM: Initialization
runEM iter1: Expectation
runEM iter1: Maximization
Sample1 n=0.6766, sp=0.5179, phi=1.923, lambda=83.341,85.874,128.51,73.332,216.49,136.32,112.64, F=1069
runEM iter 1  Log likelihood: 992.626606987518
runEM iter1 Time: 0.095 min.
runEM iter2: Expectation
runEM iter2: Maximization
Sample1 n=0.6792, sp=0.5708, phi=1.927, lambda=82.145,86.753,130.64,97.63,245.87,102.8,120.78, F=1272
runEM iter 2  Log likelihood: 1239.70330213533
runEM iter2 Time: 0.055 min.
runEM iter3: Expectation
runEM iter3: Maximization
Sample1 n=0.6773, sp=0.6061, phi=1.921, lambda=81.734,87.142,131.64,98.595,243.66,99.981,115.26, F=1272
runEM iter 3  Log likelihood: 1254.55279313675
runEM iter3 Time: 0.052 min.
runEM iter4: Expectation
runEM iter4: Maximization
Sample1 n=0.6768, sp=0.6278, phi=1.91, lambda=82.047,87.326,132.63,99.186,242.96,99.112,112.64, F=1261
runEM iter 4  Log likelihood: 1246.05965062361
runEM iter4 Time: 0.043 min.
runEM iter3: Re-calculating responsibilties from converged parameters.
runEM: Using optimal parameters from iter3
runEM: Total elapsed time: 0.25min.
runViterbi: Segmenting and classifying
runEM: Initialization
runEM iter1: Expectation
runEM iter1: Maximization
Sample1 n=0.6651, sp=0.4815, phi=2.918, lambda=217.09,87.361,87.645,94.845,94.895,210.94,121.37, F=709
runEM iter 1  Log likelihood: 582.260058952456
runEM iter1 Time: 0.096 min.
runEM iter2: Expectation
runEM iter2: Maximization
Sample1 n=0.6213, sp=0.4261, phi=2.868, lambda=216.92,84.718,89.884,126.95,76.255,214.01,105.4, F=875.2
runEM iter 2  Log likelihood: 845.170753797184
runEM iter2 Time: 0.054 min.
runEM iter3: Expectation
runEM iter3: Maximization
Sample1 n=0.6005, sp=0.4068, phi=2.823, lambda=216.93,84.467,91.331,137.32,87.292,214.09,100.69, F=941.3
runEM iter 3  Log likelihood: 927.297856821027
runEM iter3 Time: 0.037 min.
runEM iter4: Expectation
runEM iter4: Maximization
Sample1 n=0.5908, sp=0.4074, phi=2.789, lambda=216.95,84.882,95.294,138.58,98.66,214.22,94.842, F=976.4
runEM iter 4  Log likelihood: 971.038124288133
runEM iter4 Time: 0.036 min.
runEM iter5: Expectation
runEM iter5: Maximization
Sample1 n=0.5883, sp=0.3977, phi=2.762, lambda=216.98,86.247,100.44,138.15,106.13,214.43,89.483, F=991.4
runEM iter 5  Log likelihood: 989.553589376417
runEM iter5 Time: 0.042 min.
runEM iter6: Expectation
runEM iter6: Maximization
Sample1 n=0.5866, sp=0.3912, phi=2.744, lambda=217,86.732,103.41,137.47,111.16,214.62,88.425, F=997.7
runEM iter 6  Log likelihood: 994.476467983448
runEM iter6 Time: 0.04 min.
runEM iter7: Expectation
runEM iter7: Maximization
Sample1 n=0.5864, sp=0.3962, phi=2.733, lambda=217.02,86.604,104.66,137.01,113.9,214.78,88.339, F=1000
runEM iter 7  Log likelihood: 995.56221723634
runEM iter7 Time: 0.037 min.
runEM iter8: Expectation
runEM iter8: Maximization
Sample1 n=0.5873, sp=0.4027, phi=2.727, lambda=217.03,86.468,105.1,136.87,114.76,214.9,88.384, F=1001
runEM iter 8  Log likelihood: 996.367002241381
runEM iter8 Time: 0.043 min.
runEM iter8: Re-calculating responsibilties from converged parameters.
runEM: Using optimal parameters from iter8
runEM: Total elapsed time: 0.39min.
runViterbi: Segmenting and classifying
runEM: Initialization
runEM iter1: Expectation
runEM iter1: Maximization
Sample1 n=0.7026, sp=0.5057, phi=1.931, lambda=85.754,88.163,120.54,59.285,209.63,185.3,169.31, F=1085
runEM iter 1  Log likelihood: 1042.39991244523
runEM iter1 Time: 0.076 min.
runEM iter2: Expectation
runEM iter2: Maximization
Sample1 n=0.6925, sp=0.6005, phi=1.915, lambda=84.156,85.993,126.85,94.294,230.13,132.41,126.17, F=1232
runEM iter 2  Log likelihood: 1202.84992242183
runEM iter2 Time: 0.066 min.
runEM iter3: Expectation
runEM iter3: Maximization
Sample1 n=0.6842, sp=0.6282, phi=1.907, lambda=83.839,86.667,130.95,97.806,239.05,106.6,116.41, F=1267
runEM iter 3  Log likelihood: 1248.01305118768
runEM iter3 Time: 0.053 min.
runEM iter4: Expectation
runEM iter4: Maximization
Sample1 n=0.6814, sp=0.6455, phi=1.895, lambda=83.662,87.168,132.76,98.61,241.22,101.56,113.03, F=1259
runEM iter 4  Log likelihood: 1244.69175436005
runEM iter4 Time: 0.05 min.
runEM iter3: Re-calculating responsibilties from converged parameters.
runEM: Using optimal parameters from iter3
runEM: Total elapsed time: 0.25min.
runViterbi: Segmenting and classifying
runEM: Initialization
runEM iter1: Expectation
runEM iter1: Maximization
Sample1 n=0.6833, sp=0.487, phi=2.905, lambda=211.39,85.323,89.276,93.316,66.996,209.88,140.97, F=738
runEM iter 1  Log likelihood: 621.778215016205
runEM iter1 Time: 0.1 min.
runEM iter2: Expectation
runEM iter2: Maximization
Sample1 n=0.6316, sp=0.4307, phi=2.862, lambda=216.31,83.682,89.946,126.62,70.784,211.83,118.84, F=878.1
runEM iter 2  Log likelihood: 848.674996932917
runEM iter2 Time: 0.057 min.
runEM iter3: Expectation
runEM iter3: Maximization
Sample1 n=0.6027, sp=0.4138, phi=2.822, lambda=216.37,84.13,91.336,137.05,85.84,212.05,102.83, F=940
runEM iter 3  Log likelihood: 925.902341513806
runEM iter3 Time: 0.038 min.
runEM iter4: Expectation
runEM iter4: Maximization
Sample1 n=0.5913, sp=0.4154, phi=2.79, lambda=217.13,84.38,94.9,138.59,97.991,215.28,96.492, F=974.5
runEM iter 4  Log likelihood: 969.362084128341
runEM iter4 Time: 0.05 min.
runEM iter5: Expectation
runEM iter5: Maximization
Sample1 n=0.5887, sp=0.4077, phi=2.765, lambda=217.13,85.809,99.541,138.23,105.33,215.35,90.542, F=988.8
runEM iter 5  Log likelihood: 988.295395097309
runEM iter5 Time: 0.039 min.
runEM iter6: Expectation
runEM iter6: Maximization
Sample1 n=0.5875, sp=0.3959, phi=2.746, lambda=217.14,86.707,102.94,137.62,110.17,215.43,88.538, F=996.5
runEM iter 6  Log likelihood: 994.210463281856
runEM iter6 Time: 0.035 min.
runEM iter7: Expectation
runEM iter7: Maximization
Sample1 n=0.5866, sp=0.3969, phi=2.734, lambda=217.14,86.654,104.46,137.1,113.36,215.51,88.344, F=999.6
runEM iter 7  Log likelihood: 995.505655028296
runEM iter7 Time: 0.036 min.
runEM iter8: Expectation
runEM iter8: Maximization
Sample1 n=0.5872, sp=0.4024, phi=2.728, lambda=217.14,86.51,105.03,136.89,114.58,215.56,88.361, F=1001
runEM iter 8  Log likelihood: 996.176596244866
runEM iter8 Time: 0.034 min.
runEM iter8: Re-calculating responsibilties from converged parameters.
runEM: Using optimal parameters from iter8
runEM: Total elapsed time: 0.39min.
runViterbi: Segmenting and classifying
runEM: Initialization
runEM iter1: Expectation
runEM iter1: Maximization
Sample1 n=0.7472, sp=0.506, phi=2.01, lambda=82.428,87.566,99.301,44.023,170.87,176.58,165.57, F=1048
runEM iter 1  Log likelihood: 991.194543257056
runEM iter1 Time: 0.056 min.
runEM iter2: Expectation
runEM iter2: Maximization
Sample1 n=0.74, sp=0.5205, phi=2.016, lambda=85.137,86.242,109.67,121.61,122.31,142.23,119.37, F=1243
runEM iter 2  Log likelihood: 1192.45001280154
runEM iter2 Time: 0.058 min.
runEM iter3: Expectation
runEM iter3: Maximization
Sample1 n=0.7564, sp=0.5046, phi=2.05, lambda=85.819,85.108,126.12,130.06,94.92,118.27,115.59, F=1261
runEM iter 3  Log likelihood: 1237.7351572941
runEM iter3 Time: 0.053 min.
runEM iter4: Expectation
runEM iter4: Maximization
Sample1 n=0.758, sp=0.497, phi=2.06, lambda=85.927,85.373,126.01,132.19,86.324,107.12,113.78, F=1265
runEM iter 4  Log likelihood: 1248.35134307664
runEM iter4 Time: 0.04 min.
runEM iter5: Expectation
runEM iter5: Maximization
Sample1 n=0.7589, sp=0.4955, phi=2.066, lambda=85.928,85.599,126.18,134.92,81.84,102.3,112.76, F=1266
runEM iter 5  Log likelihood: 1251.00943423323
runEM iter5 Time: 0.038 min.
runEM iter6: Expectation
runEM iter6: Maximization
Sample1 n=0.7594, sp=0.4959, phi=2.069, lambda=85.837,85.836,126.4,136.36,79.776,100.06,112.08, F=1265
runEM iter 6  Log likelihood: 1250.66773592373
runEM iter6 Time: 0.05 min.
runEM iter5: Re-calculating responsibilties from converged parameters.
runEM: Using optimal parameters from iter5
runEM: Total elapsed time: 0.3min.
runViterbi: Segmenting and classifying
runEM: Initialization
runEM iter1: Expectation
runEM iter1: Maximization
Sample1 n=0.7847, sp=0.4967, phi=2.856, lambda=73.104,83.604,89.776,73.567,39.928,204.93,169.74, F=745.9
runEM iter 1  Log likelihood: 647.485304751647
runEM iter1 Time: 0.07 min.
runEM iter2: Expectation
runEM iter2: Maximization
Sample1 n=0.7951, sp=0.4798, phi=2.848, lambda=74.661,86.275,89.601,125.03,109.97,102.28,128.76, F=946.5
runEM iter 2  Log likelihood: 894.731707293249
runEM iter2 Time: 0.052 min.
runEM iter3: Expectation
runEM iter3: Maximization
Sample1 n=0.7915, sp=0.4579, phi=2.85, lambda=68.693,87.884,88.226,129.1,110.66,91.7,114.39, F=1012
runEM iter 3  Log likelihood: 998.991335562942
runEM iter3 Time: 0.035 min.
runEM iter4: Expectation
runEM iter4: Maximization
Sample1 n=0.7876, sp=0.458, phi=2.847, lambda=68.975,87.604,88.469,131.41,111.07,88.926,108.47, F=1014
runEM iter 4  Log likelihood: 1006.92728985041
runEM iter4 Time: 0.033 min.
runEM iter5: Expectation
runEM iter5: Maximization
Sample1 n=0.7849, sp=0.4627, phi=2.839, lambda=69.491,87.45,89.142,133.51,111.35,88.223,105.65, F=1012
runEM iter 5  Log likelihood: 1008.242959916
runEM iter5 Time: 0.034 min.
runEM iter6: Expectation
runEM iter6: Maximization
Sample1 n=0.7832, sp=0.4668, phi=2.831, lambda=69.691,87.439,89.75,134.08,111.53,88.047,103.69, F=1011
runEM iter 6  Log likelihood: 1009.45200524679
runEM iter6 Time: 0.032 min.
runEM iter7: Expectation
runEM iter7: Maximization
Sample1 n=0.782, sp=0.4702, phi=2.823, lambda=69.669,87.507,90.365,133.88,111.65,88.027,102, F=1009
runEM iter 7  Log likelihood: 1009.29365597191
runEM iter7 Time: 0.031 min.
runEM iter6: Re-calculating responsibilties from converged parameters.
runEM: Using optimal parameters from iter6
runEM: Total elapsed time: 0.29min.
runViterbi: Segmenting and classifying
runEM: Initialization
runEM iter1: Expectation
runEM iter1: Maximization
Sample1 n=0.8168, sp=0.4915, phi=2.104, lambda=78.178,85.743,110.3,111.97,60.342,189.09,186.52, F=1101
runEM iter 1  Log likelihood: 918.314756863302
runEM iter1 Time: 0.063 min.
runEM iter2: Expectation
runEM iter2: Maximization
Sample1 n=0.7822, sp=0.5301, phi=2.135, lambda=83.116,86.218,111.68,137.04,59.426,167.78,126.38, F=1226
runEM iter 2  Log likelihood: 1189.7074585988
runEM iter2 Time: 0.065 min.
runEM iter3: Expectation
runEM iter3: Maximization
Sample1 n=0.7702, sp=0.494, phi=2.128, lambda=85.738,84.851,114.82,138.87,66.826,158.11,110.94, F=1291
runEM iter 3  Log likelihood: 1270.65254040116
runEM iter3 Time: 0.046 min.
runEM iter4: Expectation
runEM iter4: Maximization
Sample1 n=0.7626, sp=0.4719, phi=2.107, lambda=86.032,84.638,118.05,138.05,72.84,144.25,111.51, F=1274
runEM iter 4  Log likelihood: 1256.70032288057
runEM iter4 Time: 0.045 min.
runEM iter3: Re-calculating responsibilties from converged parameters.
runEM: Using optimal parameters from iter3
runEM: Total elapsed time: 0.22min.
runViterbi: Segmenting and classifying
runEM: Initialization
runEM iter1: Expectation
runEM iter1: Maximization
Sample1 n=0.8585, sp=0.4983, phi=2.672, lambda=85.156,96.37,89.137,60.627,28.422,192.34,174.78, F=766.6
runEM iter 1  Log likelihood: 640.213131600582
runEM iter1 Time: 0.058 min.
runEM iter2: Expectation
runEM iter2: Maximization
Sample1 n=0.8321, sp=0.6292, phi=2.599, lambda=85.005,92.679,92.229,94.01,108.18,173.44,140.94, F=1006
runEM iter 2  Log likelihood: 930.258971809529
runEM iter2 Time: 0.061 min.
runEM iter3: Expectation
runEM iter3: Maximization
Sample1 n=0.8202, sp=0.6198, phi=2.545, lambda=86.734,87.334,95.917,104.5,111.66,148,109.18, F=1081
runEM iter 3  Log likelihood: 1067.83670062083
runEM iter3 Time: 0.051 min.
runEM iter4: Expectation
runEM iter4: Maximization
Sample1 n=0.812, sp=0.5516, phi=2.492, lambda=86.113,86.91,102.57,120.71,111.95,122.09,93.762, F=1155
runEM iter 4  Log likelihood: 1143.41093992277
runEM iter4 Time: 0.043 min.
runEM iter5: Expectation
runEM iter5: Maximization
Sample1 n=0.8069, sp=0.544, phi=2.482, lambda=84.645,92.406,107.19,134.52,111.91,111.81,87.796, F=1144
runEM iter 5  Log likelihood: 1134.64803642855
runEM iter5 Time: 0.044 min.
runEM iter4: Re-calculating responsibilties from converged parameters.
runEM: Using optimal parameters from iter4
runEM: Total elapsed time: 0.26min.
runViterbi: Segmenting and classifying
runEM: Initialization
runEM iter1: Expectation
runEM iter1: Maximization
Sample1 n=0.8371, sp=0.4332, phi=2.101, lambda=75.66,85.007,108.07,82.848,43.845,81.51,78.998, F=1033
runEM iter 1  Log likelihood: 814.324669083776
runEM iter1 Time: 0.061 min.
runEM iter2: Expectation
runEM iter2: Maximization
Sample1 n=0.7889, sp=0.5544, phi=2.14, lambda=81.372,87.021,112.82,135,55.043,97.544,99.111, F=1253
runEM iter 2  Log likelihood: 1202.76086584893
runEM iter2 Time: 0.043 min.
runEM iter3: Expectation
runEM iter3: Maximization
Sample1 n=0.7713, sp=0.5216, phi=2.141, lambda=85.919,87.311,116.46,138.92,64.818,93.659,100.35, F=1307
runEM iter 3  Log likelihood: 1284.59563615935
runEM iter3 Time: 0.035 min.
runEM iter4: Expectation
runEM iter4: Maximization
Sample1 n=0.7626, sp=0.4693, phi=2.13, lambda=85.905,87.894,121.17,138.45,71.075,92.818,105.78, F=1300
runEM iter 4  Log likelihood: 1282.07683217549
runEM iter4 Time: 0.039 min.
runEM iter3: Re-calculating responsibilties from converged parameters.
runEM: Using optimal parameters from iter3
runEM: Total elapsed time: 0.18min.
runViterbi: Segmenting and classifying
Total ULP-WGS HMM Runtime: 3.5 min.
Writing segments to results/ichorCNA/semi-realistic//semi-realistic.seg
Outputting to bin-level results to results/ichorCNA/semi-realistic//semi-realistic.cna.seg
