$WIG
[1] "results/readDepth/tumour_prop_0.05.bin1000000.wig"

$gcWig
[1] "../../inst/extdata/gc_hg19_1000kb.wig"

$mapWig
[1] "../../inst/extdata/map_hg19_1000kb.wig"

$normalPanel
[1] "../../inst/extdata/HD_ULP_PoN_1Mb_median_normAutosome_mapScoreFiltered_median.rds"

$exons.bed
[1] "None"

$id
[1] "tumour_prop_0.05"

Loading required package: data.table
Loading required package: stats4
Loading required package: BiocGenerics
Loading required package: parallel

Attaching package: 'BiocGenerics'

The following objects are masked from 'package:parallel':

    clusterApply, clusterApplyLB, clusterCall, clusterEvalQ,
    clusterExport, clusterMap, parApply, parCapply, parLapply,
    parLapplyLB, parRapply, parSapply, parSapplyLB

The following objects are masked from 'package:stats':

    IQR, mad, sd, var, xtabs

The following objects are masked from 'package:base':

    Filter, Find, Map, Position, Reduce, anyDuplicated, append,
    as.data.frame, basename, cbind, colnames, dirname, do.call,
    duplicated, eval, evalq, get, grep, grepl, intersect, is.unsorted,
    lapply, mapply, match, mget, order, paste, pmax, pmax.int, pmin,
    pmin.int, rank, rbind, rownames, sapply, setdiff, sort, table,
    tapply, union, unique, unsplit, which.max, which.min

Loading required package: S4Vectors

Attaching package: 'S4Vectors'

The following objects are masked from 'package:data.table':

    first, second

The following object is masked from 'package:base':

    expand.grid

Loading required package: IRanges

Attaching package: 'IRanges'

The following object is masked from 'package:data.table':

    shift

Loading required package: GenomeInfoDb

Attaching package: 'ichorCNA'

The following object is masked from 'package:HMMcopy':

    HMMsegment

Warning message:
In library(package, lib.loc = lib.loc, character.only = TRUE, logical.return = TRUE,  :
  there is no package called 'BSgenome.Hsapiens.UCSC.hg19'
Loading tumour file:tumour_prop_0.05
Slurping: results/readDepth/tumour_prop_0.05.bin1000000.wig
Parsing: fixedStep chrom=1 start=1 step=1000000 span=1000000
Parsing: fixedStep chrom=2 start=1 step=1000000 span=1000000
Parsing: fixedStep chrom=3 start=1 step=1000000 span=1000000
Parsing: fixedStep chrom=4 start=1 step=1000000 span=1000000
Parsing: fixedStep chrom=5 start=1 step=1000000 span=1000000
Parsing: fixedStep chrom=6 start=1 step=1000000 span=1000000
Parsing: fixedStep chrom=7 start=1 step=1000000 span=1000000
Parsing: fixedStep chrom=8 start=1 step=1000000 span=1000000
Parsing: fixedStep chrom=9 start=1 step=1000000 span=1000000
Parsing: fixedStep chrom=10 start=1 step=1000000 span=1000000
Parsing: fixedStep chrom=11 start=1 step=1000000 span=1000000
Parsing: fixedStep chrom=12 start=1 step=1000000 span=1000000
Parsing: fixedStep chrom=13 start=1 step=1000000 span=1000000
Parsing: fixedStep chrom=14 start=1 step=1000000 span=1000000
Parsing: fixedStep chrom=15 start=1 step=1000000 span=1000000
Parsing: fixedStep chrom=16 start=1 step=1000000 span=1000000
Parsing: fixedStep chrom=17 start=1 step=1000000 span=1000000
Parsing: fixedStep chrom=18 start=1 step=1000000 span=1000000
Parsing: fixedStep chrom=19 start=1 step=1000000 span=1000000
Parsing: fixedStep chrom=20 start=1 step=1000000 span=1000000
Parsing: fixedStep chrom=21 start=1 step=1000000 span=1000000
Parsing: fixedStep chrom=22 start=1 step=1000000 span=1000000
Parsing: fixedStep chrom=X start=1 step=1000000 span=1000000
Parsing: fixedStep chrom=Y start=1 step=1000000 span=1000000
Sorting by decreasing chromosome size
Reading GC and mappability files
Slurping: ../../inst/extdata/gc_hg19_1000kb.wig
Parsing: fixedStep chrom=1 start=1 step=1000000 span=1000000
Parsing: fixedStep chrom=2 start=1 step=1000000 span=1000000
Parsing: fixedStep chrom=3 start=1 step=1000000 span=1000000
Parsing: fixedStep chrom=4 start=1 step=1000000 span=1000000
Parsing: fixedStep chrom=5 start=1 step=1000000 span=1000000
Parsing: fixedStep chrom=6 start=1 step=1000000 span=1000000
Parsing: fixedStep chrom=7 start=1 step=1000000 span=1000000
Parsing: fixedStep chrom=8 start=1 step=1000000 span=1000000
Parsing: fixedStep chrom=9 start=1 step=1000000 span=1000000
Parsing: fixedStep chrom=10 start=1 step=1000000 span=1000000
Parsing: fixedStep chrom=11 start=1 step=1000000 span=1000000
Parsing: fixedStep chrom=12 start=1 step=1000000 span=1000000
Parsing: fixedStep chrom=13 start=1 step=1000000 span=1000000
Parsing: fixedStep chrom=14 start=1 step=1000000 span=1000000
Parsing: fixedStep chrom=15 start=1 step=1000000 span=1000000
Parsing: fixedStep chrom=16 start=1 step=1000000 span=1000000
Parsing: fixedStep chrom=17 start=1 step=1000000 span=1000000
Parsing: fixedStep chrom=18 start=1 step=1000000 span=1000000
Parsing: fixedStep chrom=19 start=1 step=1000000 span=1000000
Parsing: fixedStep chrom=20 start=1 step=1000000 span=1000000
Parsing: fixedStep chrom=21 start=1 step=1000000 span=1000000
Parsing: fixedStep chrom=22 start=1 step=1000000 span=1000000
Parsing: fixedStep chrom=X start=1 step=1000000 span=1000000
Parsing: fixedStep chrom=Y start=1 step=1000000 span=1000000
Sorting by decreasing chromosome size
Slurping: ../../inst/extdata/map_hg19_1000kb.wig
Parsing: fixedStep chrom=1 start=1 step=1000000 span=1000000
Parsing: fixedStep chrom=2 start=1 step=1000000 span=1000000
Parsing: fixedStep chrom=3 start=1 step=1000000 span=1000000
Parsing: fixedStep chrom=4 start=1 step=1000000 span=1000000
Parsing: fixedStep chrom=5 start=1 step=1000000 span=1000000
Parsing: fixedStep chrom=6 start=1 step=1000000 span=1000000
Parsing: fixedStep chrom=7 start=1 step=1000000 span=1000000
Parsing: fixedStep chrom=8 start=1 step=1000000 span=1000000
Parsing: fixedStep chrom=9 start=1 step=1000000 span=1000000
Parsing: fixedStep chrom=10 start=1 step=1000000 span=1000000
Parsing: fixedStep chrom=11 start=1 step=1000000 span=1000000
Parsing: fixedStep chrom=12 start=1 step=1000000 span=1000000
Parsing: fixedStep chrom=13 start=1 step=1000000 span=1000000
Parsing: fixedStep chrom=14 start=1 step=1000000 span=1000000
Parsing: fixedStep chrom=15 start=1 step=1000000 span=1000000
Parsing: fixedStep chrom=16 start=1 step=1000000 span=1000000
Parsing: fixedStep chrom=17 start=1 step=1000000 span=1000000
Parsing: fixedStep chrom=18 start=1 step=1000000 span=1000000
Parsing: fixedStep chrom=19 start=1 step=1000000 span=1000000
Parsing: fixedStep chrom=20 start=1 step=1000000 span=1000000
Parsing: fixedStep chrom=21 start=1 step=1000000 span=1000000
Parsing: fixedStep chrom=22 start=1 step=1000000 span=1000000
Parsing: fixedStep chrom=X start=1 step=1000000 span=1000000
Parsing: fixedStep chrom=Y start=1 step=1000000 span=1000000
Sorting by decreasing chromosome size
Correcting Tumour
Removed 97 bins near centromeres.
Applying filter on data...
Correcting for GC bias...
Correcting for mappability bias...
Filtering low uniqueness regions with mappability score < 0.75
Removed 4 bins near centromeres.
Determining gender...Gender male
Outputting to: results/ichorCNA/tumour_prop_0.05//tumour_prop_0.05.correctedDepth.txt
Warning message:
In regularize.values(x, y, ties, missing(ties), na.rm = na.rm) :
  collapsing to unique 'x' values
runEM: Initialization
runEM iter1: Expectation
runEM iter1: Maximization
Sample1 n=0.5632, sp=0.5483, phi=2, lambda=7931.1,2908.2,7931.1,8028.8,7884.8,7855.7,7645, F=5053
runEM iter 1  Log likelihood: 5000.98150386519
runEM iter1 Time: 0.036 min.
runEM iter2: Expectation
runEM iter2: Maximization
Sample1 n=0.5082, sp=0.507, phi=2, lambda=7931.1,2908.2,7931.1,8028.8,7884.8,7855.7,7645, F=5054
runEM iter 2  Log likelihood: 5047.05089188688
runEM iter2 Time: 0.012 min.
runEM iter3: Expectation
runEM iter3: Maximization
Sample1 n=0.501, sp=0.501, phi=2, lambda=7931.1,2908.2,7931.1,8028.8,7884.8,7855.7,7645, F=5054
runEM iter 3  Log likelihood: 5047.09934512686
runEM iter3 Time: 0.011 min.
runEM iter3: Re-calculating responsibilties from converged parameters.
runEM: Using optimal parameters from iter3
runEM: Total elapsed time: 0.06min.
runViterbi: Segmenting and classifying
runEM: Initialization
runEM iter1: Expectation
runEM iter1: Maximization
Sample1 n=0.8181, sp=0.4821, phi=2.997, lambda=7977.1,7977,2976,7926.3,7992.6,7962,2633.8, F=4504
runEM iter 1  Log likelihood: 4398.2149550209
runEM iter1 Time: 0.047 min.
runEM iter2: Expectation
runEM iter2: Maximization
Sample1 n=0.8235, sp=0.4774, phi=2.994, lambda=7976.9,7976.7,3026.3,7926.8,7992,7962,2117.1, F=4522
runEM iter 2  Log likelihood: 4506.8692842549
runEM iter2 Time: 0.022 min.
runEM iter3: Expectation
runEM iter3: Maximization
Sample1 n=0.8349, sp=0.4716, phi=2.99, lambda=7976.9,7976.7,3026.3,7926.8,7992,7962,2117.1, F=4538
runEM iter 3  Log likelihood: 4528.1465374567
runEM iter3 Time: 0.013 min.
runEM iter4: Expectation
runEM iter4: Maximization
Sample1 n=0.8701, sp=0.4633, phi=2.975, lambda=7966,7967.4,3152.9,7720.2,7966.4,7965.6,2798.4, F=4587
runEM iter 4  Log likelihood: 4575.01946676782
runEM iter4 Time: 0.03 min.
runEM iter5: Expectation
runEM iter5: Maximization
Sample1 n=0.8898, sp=0.4505, phi=2.95, lambda=7965.6,7857,3284.9,7466.8,7966.1,7965.6,3099.4, F=4657
runEM iter 5  Log likelihood: 4656.90362857362
runEM iter5 Time: 0.031 min.
runEM iter6: Expectation
runEM iter6: Maximization
Sample1 n=0.9001, sp=0.4428, phi=2.925, lambda=7965.5,2965.4,3412.5,5441,7964.1,7965.6,3210.9, F=4714
runEM iter 6  Log likelihood: 4725.51634854262
runEM iter6 Time: 0.043 min.
runEM iter7: Expectation
runEM iter7: Maximization
Sample1 n=0.9088, sp=0.436, phi=2.909, lambda=7965.5,2509.8,3526.6,2633,7963.8,7965.9,3318.2, F=4775
runEM iter 7  Log likelihood: 4794.37858017353
runEM iter7 Time: 0.037 min.
runEM iter8: Expectation
runEM iter8: Maximization
Sample1 n=0.9105, sp=0.4253, phi=2.896, lambda=7965.5,2509.8,3526.6,2633,7963.8,7965.9,3318.2, F=4795
runEM iter 8  Log likelihood: 4823.03543037567
runEM iter8 Time: 0.012 min.
runEM iter9: Expectation
runEM iter9: Maximization
Sample1 n=0.9107, sp=0.4151, phi=2.886, lambda=7965.5,2509.8,3526.6,2633,7963.8,7965.9,3318.2, F=4803
runEM iter 9  Log likelihood: 4835.18296086697
runEM iter9 Time: 0.012 min.
runEM iter10: Expectation
runEM iter10: Maximization
Sample1 n=0.9101, sp=0.4055, phi=2.876, lambda=7965.5,2509.8,3526.6,2633,7963.8,7965.9,3318.2, F=4809
runEM iter 10  Log likelihood: 4844.7335428861
runEM iter10 Time: 0.016 min.
runEM iter11: Expectation
runEM iter11: Maximization
Sample1 n=0.9091, sp=0.3957, phi=2.866, lambda=7964.1,2465.6,3642.1,2282.5,7962,7965.4,3444.8, F=4813
runEM iter 11  Log likelihood: 4853.52765190691
runEM iter11 Time: 0.023 min.
runEM iter12: Expectation
runEM iter12: Maximization
Sample1 n=0.9073, sp=0.3835, phi=2.854, lambda=7964.1,2465.6,3642.1,2282.5,7962,7965.4,3444.8, F=4818
runEM iter 12  Log likelihood: 4863.34260521482
runEM iter12 Time: 0.013 min.
runEM iter13: Expectation
runEM iter13: Maximization
Sample1 n=0.9046, sp=0.3711, phi=2.841, lambda=7964.1,2465.6,3642.1,2282.5,7962,7965.4,3444.8, F=4823
runEM iter 13  Log likelihood: 4872.02312410878
runEM iter13 Time: 0.012 min.
runEM iter14: Expectation
runEM iter14: Maximization
Sample1 n=0.9006, sp=0.3623, phi=2.83, lambda=7963.3,2557.3,3809.9,1930.3,7962.1,7965.4,3584, F=4826
runEM iter 14  Log likelihood: 4877.82535908149
runEM iter14 Time: 0.022 min.
runEM iter15: Expectation
runEM iter15: Maximization
Sample1 n=0.8957, sp=0.3575, phi=2.82, lambda=7963.3,2557.3,3809.9,1930.3,7962.1,7965.4,3584, F=4827
runEM iter 15  Log likelihood: 4881.15117456285
runEM iter15 Time: 0.012 min.
runEM iter15: Re-calculating responsibilties from converged parameters.
runEM: Using optimal parameters from iter15
runEM: Total elapsed time: 0.35min.
runViterbi: Segmenting and classifying
runEM: Initialization
runEM iter1: Expectation
runEM iter1: Maximization
Sample1 n=0.8325, sp=0.5174, phi=1.998, lambda=7976.6,2974,7976.6,7902.6,7991.4,2659.8,7135.2, F=5094
runEM iter 1  Log likelihood: 5019.79437367743
runEM iter1 Time: 0.058 min.
runEM iter2: Expectation
runEM iter2: Maximization
Sample1 n=0.8426, sp=0.5201, phi=1.998, lambda=7974.3,3071.6,7967.5,7915.1,7986.4,2183,3027.2, F=5124
runEM iter 2  Log likelihood: 5109.11238847505
runEM iter2 Time: 0.033 min.
runEM iter3: Expectation
runEM iter3: Maximization
Sample1 n=0.869, sp=0.5224, phi=2, lambda=7973.9,3159.5,7962.7,7917.5,7985.4,2071.1,3149.9, F=5156
runEM iter 3  Log likelihood: 5152.3851134409
runEM iter3 Time: 0.028 min.
runEM iter4: Expectation
runEM iter4: Maximization
Sample1 n=0.9008, sp=0.5235, phi=2.001, lambda=7973.2,3424,7961.9,7919.5,7984.7,2968.5,3799.9, F=5271
runEM iter 4  Log likelihood: 5257.1640304701
runEM iter4 Time: 0.023 min.
runEM iter5: Expectation
runEM iter5: Maximization
Sample1 n=0.9153, sp=0.5259, phi=2.019, lambda=5959.1,3834.5,7930.6,7947.5,7969.8,3145.5,3936.4, F=5330
runEM iter 5  Log likelihood: 5351.93421265782
runEM iter5 Time: 0.033 min.
runEM iter6: Expectation
runEM iter6: Maximization
Sample1 n=0.9223, sp=0.5306, phi=2.029, lambda=2605.7,4051.2,7904.2,7939.8,7967.6,3301.6,3927.1, F=5357
runEM iter 6  Log likelihood: 5399.20116649939
runEM iter6 Time: 0.027 min.
runEM iter7: Expectation
runEM iter7: Maximization
Sample1 n=0.925, sp=0.5372, phi=2.032, lambda=2605.7,4051.2,7904.2,7939.8,7967.6,3301.6,3927.1, F=5353
runEM iter 7  Log likelihood: 5408.00572024084
runEM iter7 Time: 0.012 min.
runEM iter8: Expectation
runEM iter8: Maximization
Sample1 n=0.9263, sp=0.5439, phi=2.03, lambda=2605.7,4051.2,7904.2,7939.8,7967.6,3301.6,3927.1, F=5352
runEM iter 8  Log likelihood: 5407.80938492676
runEM iter8 Time: 0.012 min.
runEM iter7: Re-calculating responsibilties from converged parameters.
runEM: Using optimal parameters from iter7
runEM: Total elapsed time: 0.23min.
runViterbi: Segmenting and classifying
runEM: Initialization
runEM iter1: Expectation
runEM iter1: Maximization
Sample1 n=0.8182, sp=0.4829, phi=2.997, lambda=7974.3,7974.1,2979.8,7930.2,7977.2,7961.3,2612.7, F=4504
runEM iter 1  Log likelihood: 4407.24598311515
runEM iter1 Time: 0.048 min.
runEM iter2: Expectation
runEM iter2: Maximization
Sample1 n=0.8184, sp=0.479, phi=2.994, lambda=7974.3,7974.1,2979.8,7930.2,7977.2,7961.3,2612.7, F=4521
runEM iter 2  Log likelihood: 4507.47310485883
runEM iter2 Time: 0.014 min.
runEM iter3: Expectation
runEM iter3: Maximization
Sample1 n=0.825, sp=0.4748, phi=2.992, lambda=7974.2,7973.8,3068.6,7930.4,7976.9,7961.4,2214.4, F=4532
runEM iter 3  Log likelihood: 4522.81785961475
runEM iter3 Time: 0.025 min.
runEM iter4: Expectation
runEM iter4: Maximization
Sample1 n=0.8507, sp=0.4681, phi=2.984, lambda=7974,7973.7,3124.7,7928.1,7976.8,7961.5,2412.1, F=4558
runEM iter 4  Log likelihood: 4551.78265678607
runEM iter4 Time: 0.02 min.
runEM iter5: Expectation
runEM iter5: Maximization
Sample1 n=0.88, sp=0.4579, phi=2.964, lambda=7973.9,7973.3,3221.6,7924.1,7976.9,7961.4,2964.7, F=4621
runEM iter 5  Log likelihood: 4615.73066172889
runEM iter5 Time: 0.021 min.
runEM iter6: Expectation
runEM iter6: Maximization
Sample1 n=0.8914, sp=0.4432, phi=2.939, lambda=7966.3,7168.1,3355.1,7247.3,7967.1,7965.1,3121.1, F=4679
runEM iter 6  Log likelihood: 4687.29956676031
runEM iter6 Time: 0.034 min.
runEM iter7: Expectation
runEM iter7: Maximization
Sample1 n=0.9026, sp=0.4339, phi=2.917, lambda=7965,2622.9,3443.9,5215.6,7964.9,7965.9,3300.1, F=4739
runEM iter 7  Log likelihood: 4751.55984658956
runEM iter7 Time: 0.043 min.
runEM iter8: Expectation
runEM iter8: Maximization
Sample1 n=0.909, sp=0.4282, phi=2.903, lambda=7965.3,2493.8,3548.9,2561.4,7964,7965.9,3332.2, F=4785
runEM iter 8  Log likelihood: 4807.00612109329
runEM iter8 Time: 0.025 min.
runEM iter9: Expectation
runEM iter9: Maximization
Sample1 n=0.9101, sp=0.4185, phi=2.892, lambda=7965.3,2493.8,3548.9,2561.4,7964,7965.9,3332.2, F=4799
runEM iter 9  Log likelihood: 4829.16085246143
runEM iter9 Time: 0.012 min.
runEM iter10: Expectation
runEM iter10: Maximization
Sample1 n=0.91, sp=0.4089, phi=2.881, lambda=7965.3,2493.8,3548.9,2561.4,7964,7965.9,3332.2, F=4806
runEM iter 10  Log likelihood: 4839.98439877167
runEM iter10 Time: 0.014 min.
runEM iter11: Expectation
runEM iter11: Maximization
Sample1 n=0.9093, sp=0.3994, phi=2.872, lambda=7965.3,2493.8,3548.9,2561.4,7964,7965.9,3332.2, F=4811
runEM iter 11  Log likelihood: 4849.33742867378
runEM iter11 Time: 0.014 min.
runEM iter12: Expectation
runEM iter12: Maximization
Sample1 n=0.9081, sp=0.3891, phi=2.861, lambda=7965.3,2477.8,3668,2236.5,7963.2,7965.6,3457.8, F=4816
runEM iter 12  Log likelihood: 4858.26401375431
runEM iter12 Time: 0.022 min.
runEM iter13: Expectation
runEM iter13: Maximization
Sample1 n=0.906, sp=0.3764, phi=2.848, lambda=7965.3,2477.8,3668,2236.5,7963.2,7965.6,3457.8, F=4820
runEM iter 13  Log likelihood: 4867.81585047258
runEM iter13 Time: 0.012 min.
runEM iter14: Expectation
runEM iter14: Maximization
Sample1 n=0.9025, sp=0.3653, phi=2.835, lambda=7965.3,2536.4,3784.9,1986.8,7962.2,7965.5,3560.9, F=4825
runEM iter 14  Log likelihood: 4875.44586112336
runEM iter14 Time: 0.022 min.
runEM iter15: Expectation
runEM iter15: Maximization
Sample1 n=0.8977, sp=0.3584, phi=2.825, lambda=7965.3,2536.4,3784.9,1986.8,7962.2,7965.5,3560.9, F=4827
runEM iter 15  Log likelihood: 4880.34142017944
runEM iter15 Time: 0.012 min.
runEM iter16: Expectation
runEM iter16: Maximization
Sample1 n=0.893, sp=0.3551, phi=2.817, lambda=7965.3,2536.4,3784.9,1986.8,7962.2,7965.5,3560.9, F=4825
runEM iter 16  Log likelihood: 4880.3790222959
runEM iter16 Time: 0.012 min.
runEM iter16: Re-calculating responsibilties from converged parameters.
runEM: Using optimal parameters from iter16
runEM: Total elapsed time: 0.35min.
runViterbi: Segmenting and classifying
runEM: Initialization
runEM iter1: Expectation
runEM iter1: Maximization
Sample1 n=0.8335, sp=0.5134, phi=1.998, lambda=7966.8,2999.8,7966.6,7981.9,7993.8,2596.6,3754.7, F=5099
runEM iter 1  Log likelihood: 5034.1364668213
runEM iter1 Time: 0.064 min.
runEM iter2: Expectation
runEM iter2: Maximization
Sample1 n=0.8406, sp=0.5161, phi=1.998, lambda=7966.7,3084.3,7964.7,7980.4,7991.1,2265.1,2921, F=5127
runEM iter 2  Log likelihood: 5118.43957847214
runEM iter2 Time: 0.038 min.
runEM iter3: Expectation
runEM iter3: Maximization
Sample1 n=0.8641, sp=0.5185, phi=1.999, lambda=7966.8,3159.8,7959.7,7979.5,7989.8,2114.8,3009.6, F=5151
runEM iter 3  Log likelihood: 5149.01970834763
runEM iter3 Time: 0.027 min.
runEM iter4: Expectation
runEM iter4: Maximization
Sample1 n=0.8977, sp=0.5196, phi=2.001, lambda=7966.8,3397.1,7959.3,7979,7988.7,2912.3,3777.8, F=5255
runEM iter 4  Log likelihood: 5242.85516667767
runEM iter4 Time: 0.025 min.
runEM iter5: Expectation
runEM iter5: Maximization
Sample1 n=0.9133, sp=0.5217, phi=2.013, lambda=6718.9,3799.9,7929.1,7960.3,7968.8,3152.9,3872.8, F=5323
runEM iter 5  Log likelihood: 5344.4302897625
runEM iter5 Time: 0.033 min.
runEM iter6: Expectation
runEM iter6: Maximization
Sample1 n=0.9218, sp=0.5257, phi=2.025, lambda=2647.8,4041.5,7918.4,7953.6,7967,3297.8,3921.6, F=5354
runEM iter 6  Log likelihood: 5394.19145075173
runEM iter6 Time: 0.03 min.
runEM iter7: Expectation
runEM iter7: Maximization
Sample1 n=0.925, sp=0.5326, phi=2.03, lambda=2647.8,4041.5,7918.4,7953.6,7967,3297.8,3921.6, F=5353
runEM iter 7  Log likelihood: 5408.12547276732
runEM iter7 Time: 0.012 min.
runEM iter8: Expectation
runEM iter8: Maximization
Sample1 n=0.9264, sp=0.5398, phi=2.03, lambda=2647.8,4041.5,7918.4,7953.6,7967,3297.8,3921.6, F=5352
runEM iter 8  Log likelihood: 5408.19616871033
runEM iter8 Time: 0.015 min.
runEM iter8: Re-calculating responsibilties from converged parameters.
runEM: Using optimal parameters from iter8
runEM: Total elapsed time: 0.25min.
runViterbi: Segmenting and classifying
runEM: Initialization
runEM iter1: Expectation
runEM iter1: Maximization
Sample1 n=0.8187, sp=0.4861, phi=2.997, lambda=7968.9,7968.6,2997.4,7871.2,8002.2,7959.9,2443.2, F=4508
runEM iter 1  Log likelihood: 4417.67130669017
runEM iter1 Time: 0.044 min.
runEM iter2: Expectation
runEM iter2: Maximization
Sample1 n=0.8234, sp=0.4816, phi=2.993, lambda=7968.9,7968.6,2997.4,7871.2,8002.2,7959.9,2443.2, F=4526
runEM iter 2  Log likelihood: 4515.2135384959
runEM iter2 Time: 0.012 min.
runEM iter3: Expectation
runEM iter3: Maximization
Sample1 n=0.8353, sp=0.4764, phi=2.989, lambda=7968.8,7968.6,3092.6,7871.3,8001.6,7960,2223.5, F=4541
runEM iter 3  Log likelihood: 4533.58562256932
runEM iter3 Time: 0.021 min.
runEM iter4: Expectation
runEM iter4: Maximization
Sample1 n=0.8698, sp=0.4679, phi=2.974, lambda=7968.7,7968.6,3170.7,7869.1,8001.3,7959.8,2832, F=4590
runEM iter 4  Log likelihood: 4580.59301445994
runEM iter4 Time: 0.02 min.
runEM iter5: Expectation
runEM iter5: Maximization
Sample1 n=0.8901, sp=0.4548, phi=2.948, lambda=7965.7,7848.8,3296.1,7500.6,7967.8,7965.4,3106.9, F=4658
runEM iter 5  Log likelihood: 4659.13619866329
runEM iter5 Time: 0.03 min.
runEM iter6: Expectation
runEM iter6: Maximization
Sample1 n=0.9006, sp=0.447, phi=2.925, lambda=7965.5,2947.1,3414.3,5471.7,7964.9,7965.8,3221.6, F=4714
runEM iter 6  Log likelihood: 4726.16536677672
runEM iter6 Time: 0.044 min.
runEM iter7: Expectation
runEM iter7: Maximization
Sample1 n=0.9093, sp=0.4396, phi=2.909, lambda=7965.5,2504.1,3526.2,2642.9,7964.6,7966,3323.1, F=4774
runEM iter 7  Log likelihood: 4793.98750172033
runEM iter7 Time: 0.028 min.
runEM iter8: Expectation
runEM iter8: Maximization
Sample1 n=0.911, sp=0.4282, phi=2.896, lambda=7965.5,2504.1,3526.2,2642.9,7964.6,7966,3323.1, F=4794
runEM iter 8  Log likelihood: 4822.66057843152
runEM iter8 Time: 0.012 min.
runEM iter9: Expectation
runEM iter9: Maximization
Sample1 n=0.9111, sp=0.4175, phi=2.885, lambda=7965.5,2504.1,3526.2,2642.9,7964.6,7966,3323.1, F=4803
runEM iter 9  Log likelihood: 4834.8542606939
runEM iter9 Time: 0.012 min.
runEM iter10: Expectation
runEM iter10: Maximization
Sample1 n=0.9104, sp=0.4075, phi=2.876, lambda=7965.5,2504.1,3526.2,2642.9,7964.6,7966,3323.1, F=4808
runEM iter 10  Log likelihood: 4844.42395214907
runEM iter10 Time: 0.017 min.
runEM iter11: Expectation
runEM iter11: Maximization
Sample1 n=0.9094, sp=0.3974, phi=2.866, lambda=7965.5,2461.7,3640.2,2292.3,7963.2,7965.4,3445.6, F=4813
runEM iter 11  Log likelihood: 4853.21534675362
runEM iter11 Time: 0.024 min.
runEM iter12: Expectation
runEM iter12: Maximization
Sample1 n=0.9076, sp=0.385, phi=2.854, lambda=7965.5,2461.7,3640.2,2292.3,7963.2,7965.4,3445.6, F=4818
runEM iter 12  Log likelihood: 4863.02873763241
runEM iter12 Time: 0.013 min.
runEM iter13: Expectation
runEM iter13: Maximization
Sample1 n=0.905, sp=0.3724, phi=2.841, lambda=7965.5,2461.7,3640.2,2292.3,7963.2,7965.4,3445.6, F=4822
runEM iter 13  Log likelihood: 4871.7667768494
runEM iter13 Time: 0.013 min.
runEM iter14: Expectation
runEM iter14: Maximization
Sample1 n=0.901, sp=0.3634, phi=2.83, lambda=7965.5,2546.6,3808.2,1938.2,7962.7,7965.3,3583, F=4826
runEM iter 14  Log likelihood: 4877.70514590763
runEM iter14 Time: 0.027 min.
runEM iter15: Expectation
runEM iter15: Maximization
Sample1 n=0.8961, sp=0.3583, phi=2.82, lambda=7965.5,2546.6,3808.2,1938.2,7962.7,7965.3,3583, F=4827
runEM iter 15  Log likelihood: 4881.1875861218
runEM iter15 Time: 0.013 min.
runEM iter15: Re-calculating responsibilties from converged parameters.
runEM: Using optimal parameters from iter15
runEM: Total elapsed time: 0.33min.
runViterbi: Segmenting and classifying
runEM: Initialization
runEM iter1: Expectation
runEM iter1: Maximization
Sample1 n=0.8508, sp=0.5101, phi=1.999, lambda=7965.3,3074.8,7936.4,7849.3,8065.2,2195.6,2138.9, F=5127
runEM iter 1  Log likelihood: 5063.92750591756
runEM iter1 Time: 0.068 min.
runEM iter2: Expectation
runEM iter2: Maximization
Sample1 n=0.882, sp=0.5124, phi=2.003, lambda=7965.3,3190,7936,7853.6,8061.5,2071.7,2919.9, F=5179
runEM iter 2  Log likelihood: 5170.6484832123
runEM iter2 Time: 0.022 min.
runEM iter3: Expectation
runEM iter3: Maximization
Sample1 n=0.9084, sp=0.5139, phi=2.01, lambda=7962.8,3535.5,7936.2,7857.1,8058.2,3044.5,3633.4, F=5301
runEM iter 3  Log likelihood: 5288.22214632746
runEM iter3 Time: 0.021 min.
runEM iter4: Expectation
runEM iter4: Maximization
Sample1 n=0.9202, sp=0.517, phi=2.029, lambda=3650.2,3906.1,7929.7,7895,8019.8,3159.3,3908.9, F=5345
runEM iter 4  Log likelihood: 5368.48793125075
runEM iter4 Time: 0.031 min.
runEM iter5: Expectation
runEM iter5: Maximization
Sample1 n=0.925, sp=0.5239, phi=2.035, lambda=2555.2,4064.3,7466,7813.8,7973.2,3300.5,3920.3, F=5358
runEM iter 5  Log likelihood: 5404.70004641318
runEM iter5 Time: 0.033 min.
runEM iter6: Expectation
runEM iter6: Maximization
Sample1 n=0.9268, sp=0.5309, phi=2.035, lambda=2555.2,4064.3,7466,7813.8,7973.2,3300.5,3920.3, F=5354
runEM iter 6  Log likelihood: 5407.75607135314
runEM iter6 Time: 0.012 min.
runEM iter6: Re-calculating responsibilties from converged parameters.
runEM: Using optimal parameters from iter6
runEM: Total elapsed time: 0.19min.
runViterbi: Segmenting and classifying
runEM: Initialization
runEM iter1: Expectation
runEM iter1: Maximization
Sample1 n=0.8377, sp=0.5019, phi=2.995, lambda=8047.6,8043.5,3034.9,6325,7945,7936.8,2026.6, F=4519
runEM iter 1  Log likelihood: 4433.92893365748
runEM iter1 Time: 0.048 min.
runEM iter2: Expectation
runEM iter2: Maximization
Sample1 n=0.852, sp=0.4951, phi=2.988, lambda=8047.6,8043.5,3034.9,6325,7945,7936.8,2026.6, F=4544
runEM iter 2  Log likelihood: 4534.47629913916
runEM iter2 Time: 0.012 min.
runEM iter3: Expectation
runEM iter3: Maximization
Sample1 n=0.8838, sp=0.4851, phi=2.969, lambda=7984.6,7981.2,3168.8,7535.9,7961.2,7959.3,2849.2, F=4603
runEM iter 3  Log likelihood: 4590.13910033661
runEM iter3 Time: 0.03 min.
runEM iter4: Expectation
runEM iter4: Maximization
Sample1 n=0.8979, sp=0.4708, phi=2.941, lambda=7969.5,7246.7,3317.9,6123.4,7964.6,7964.7,3118.3, F=4670
runEM iter 4  Log likelihood: 4672.59385186827
runEM iter4 Time: 0.035 min.
runEM iter5: Expectation
runEM iter5: Maximization
Sample1 n=0.9098, sp=0.4665, phi=2.919, lambda=7967.7,2594,3471.6,2819,7964.6,7965.6,3294.6, F=4748
runEM iter 5  Log likelihood: 4755.47795547447
runEM iter5 Time: 0.037 min.
runEM iter6: Expectation
runEM iter6: Maximization
Sample1 n=0.9134, sp=0.4506, phi=2.903, lambda=7967.7,2594,3471.6,2819,7964.6,7965.6,3294.6, F=4783
runEM iter 6  Log likelihood: 4808.25223649384
runEM iter6 Time: 0.015 min.
runEM iter7: Expectation
runEM iter7: Maximization
Sample1 n=0.9135, sp=0.4362, phi=2.891, lambda=7968.3,2418.8,3571.5,2475.3,7965.2,7962.5,3340.5, F=4797
runEM iter 7  Log likelihood: 4825.33507351405
runEM iter7 Time: 0.027 min.
runEM iter8: Expectation
runEM iter8: Maximization
Sample1 n=0.9126, sp=0.4232, phi=2.881, lambda=7968.3,2418.8,3571.5,2475.3,7965.2,7962.5,3340.5, F=4804
runEM iter 8  Log likelihood: 4837.05549695876
runEM iter8 Time: 0.013 min.
runEM iter9: Expectation
runEM iter9: Maximization
Sample1 n=0.9115, sp=0.4113, phi=2.872, lambda=7968.3,2418.8,3571.5,2475.3,7965.2,7962.5,3340.5, F=4810
runEM iter 9  Log likelihood: 4846.71316815003
runEM iter9 Time: 0.013 min.
runEM iter10: Expectation
runEM iter10: Maximization
Sample1 n=0.9101, sp=0.3994, phi=2.861, lambda=7968.3,2418.8,3571.5,2475.3,7965.2,7962.5,3340.5, F=4814
runEM iter 10  Log likelihood: 4855.97448374675
runEM iter10 Time: 0.012 min.
runEM iter11: Expectation
runEM iter11: Maximization
Sample1 n=0.9082, sp=0.3869, phi=2.85, lambda=7967.4,2465.5,3706.1,2209,7963.6,7963.6,3481.9, F=4819
runEM iter 11  Log likelihood: 4864.78682541147
runEM iter11 Time: 0.023 min.
runEM iter12: Expectation
runEM iter12: Maximization
Sample1 n=0.905, sp=0.3734, phi=2.837, lambda=7967.4,2465.5,3706.1,2209,7963.6,7963.6,3481.9, F=4824
runEM iter 12  Log likelihood: 4873.42830847991
runEM iter12 Time: 0.012 min.
runEM iter13: Expectation
runEM iter13: Maximization
Sample1 n=0.9005, sp=0.3646, phi=2.826, lambda=7968.2,2548.6,3826.4,1911.5,7962.3,7964.6,3594.7, F=4827
runEM iter 13  Log likelihood: 4879.08963488142
runEM iter13 Time: 0.021 min.
runEM iter14: Expectation
runEM iter14: Maximization
Sample1 n=0.8957, sp=0.3599, phi=2.817, lambda=7968.2,2548.6,3826.4,1911.5,7962.3,7964.6,3594.7, F=4827
runEM iter 14  Log likelihood: 4881.63397454428
runEM iter14 Time: 0.013 min.
runEM iter14: Re-calculating responsibilties from converged parameters.
runEM: Using optimal parameters from iter14
runEM: Total elapsed time: 0.31min.
runViterbi: Segmenting and classifying
runEM: Initialization
runEM iter1: Expectation
runEM iter1: Maximization
Sample1 n=0.9137, sp=0.4608, phi=1.997, lambda=2585.3,3120.8,4087.8,7933.3,7967.2,2277.7,2040.7, F=5158
runEM iter 1  Log likelihood: 5104.57401340153
runEM iter1 Time: 0.049 min.
runEM iter2: Expectation
runEM iter2: Maximization
Sample1 n=0.9255, sp=0.4747, phi=1.985, lambda=2731.5,3394.6,7784.8,7936.4,7966.9,3710.7,3163.1, F=5329
runEM iter 2  Log likelihood: 5297.30717622949
runEM iter2 Time: 0.034 min.
runEM iter3: Expectation
runEM iter3: Maximization
Sample1 n=0.9339, sp=0.4886, phi=2.015, lambda=2392,3856.5,7789,7930,7966.6,3529.5,3860.1, F=5378
runEM iter 3  Log likelihood: 5383.9740484717
runEM iter3 Time: 0.024 min.
runEM iter4: Expectation
runEM iter4: Maximization
Sample1 n=0.9353, sp=0.5017, phi=2.019, lambda=2242.2,4060.4,6154.6,7816.1,7949.6,3369.5,3939.8, F=5364
runEM iter 4  Log likelihood: 5403.92436237407
runEM iter4 Time: 0.03 min.
runEM iter5: Expectation
runEM iter5: Maximization
Sample1 n=0.9354, sp=0.5139, phi=2.017, lambda=2242.2,4060.4,6154.6,7816.1,7949.6,3369.5,3939.8, F=5359
runEM iter 5  Log likelihood: 5406.32133645499
runEM iter5 Time: 0.013 min.
runEM iter5: Re-calculating responsibilties from converged parameters.
runEM: Using optimal parameters from iter5
runEM: Total elapsed time: 0.15min.
runViterbi: Segmenting and classifying
runEM: Initialization
runEM iter1: Expectation
runEM iter1: Maximization
Sample1 n=0.9161, sp=0.5619, phi=2.996, lambda=7964.8,2588,3138.6,1778.3,7738.9,7748,1994.9, F=4575
runEM iter 1  Log likelihood: 4504.05088502545
runEM iter1 Time: 0.062 min.
runEM iter2: Expectation
runEM iter2: Maximization
Sample1 n=0.9316, sp=0.5784, phi=2.969, lambda=7965.3,2569.8,3259.8,2434.1,7910,7959.9,3447.3, F=4703
runEM iter 2  Log likelihood: 4684.39834398542
runEM iter2 Time: 0.038 min.
runEM iter3: Expectation
runEM iter3: Maximization
Sample1 n=0.9416, sp=0.6109, phi=2.945, lambda=7854.5,2090.1,3521.9,2808.6,7953.8,6825.9,3377.5, F=4827
runEM iter 3  Log likelihood: 4823.57153030901
runEM iter3 Time: 0.035 min.
runEM iter4: Expectation
runEM iter4: Maximization
Sample1 n=0.948, sp=0.6486, phi=2.923, lambda=6057.1,1931.6,3704.2,3084.4,7955.6,5777.2,3254.1, F=4888
runEM iter 4  Log likelihood: 4898.56380044748
runEM iter4 Time: 0.033 min.
runEM iter5: Expectation
runEM iter5: Maximization
Sample1 n=0.9539, sp=0.6944, phi=2.927, lambda=4163.8,1927.8,3843.8,3584.6,7956.2,3939.2,3324.5, F=4938
runEM iter 5  Log likelihood: 4954.62674752512
runEM iter5 Time: 0.038 min.
runEM iter6: Expectation
runEM iter6: Maximization
Sample1 n=0.9592, sp=0.7473, phi=2.933, lambda=2586.7,2332.6,3987.5,3765.9,7959.8,5681.4,3420.1, F=4990
runEM iter 6  Log likelihood: 5012.0514736975
runEM iter6 Time: 0.036 min.
runEM iter7: Expectation
runEM iter7: Maximization
Sample1 n=0.9639, sp=0.7972, phi=2.965, lambda=2586.7,2332.6,3987.5,3765.9,7959.8,5681.4,3420.1, F=5059
runEM iter 7  Log likelihood: 5086.29929509563
runEM iter7 Time: 0.012 min.
runEM iter8: Expectation
runEM iter8: Maximization
Sample1 n=0.9666, sp=0.7614, phi=2.991, lambda=2586.7,2332.6,3987.5,3765.9,7959.8,5681.4,3420.1, F=5135
runEM iter 8  Log likelihood: 5162.57413972671
runEM iter8 Time: 0.012 min.
runEM iter9: Expectation
runEM iter9: Maximization
Sample1 n=0.9674, sp=0.7084, phi=2.993, lambda=2586.7,2332.6,3987.5,3765.9,7959.8,5681.4,3420.1, F=5173
runEM iter 9  Log likelihood: 5197.10008559808
runEM iter9 Time: 0.016 min.
runEM iter10: Expectation
runEM iter10: Maximization
Sample1 n=0.9676, sp=0.6774, phi=2.988, lambda=2586.7,2332.6,3987.5,3765.9,7959.8,5681.4,3420.1, F=5191
runEM iter 10  Log likelihood: 5211.67241051868
runEM iter10 Time: 0.013 min.
runEM iter11: Expectation
runEM iter11: Maximization
Sample1 n=0.9677, sp=0.6642, phi=2.983, lambda=2586.7,2332.6,3987.5,3765.9,7959.8,5681.4,3420.1, F=5199
runEM iter 11  Log likelihood: 5218.48663827922
runEM iter11 Time: 0.012 min.
runEM iter12: Expectation
runEM iter12: Maximization
Sample1 n=0.9678, sp=0.6589, phi=2.981, lambda=2586.7,2332.6,3987.5,3765.9,7959.8,5681.4,3420.1, F=5203
runEM iter 12  Log likelihood: 5221.93226239039
runEM iter12 Time: 0.012 min.
runEM iter12: Re-calculating responsibilties from converged parameters.
runEM: Using optimal parameters from iter12
runEM: Total elapsed time: 0.32min.
runViterbi: Segmenting and classifying
runEM: Initialization
runEM iter1: Expectation
runEM iter1: Maximization
Sample1 n=0.9598, sp=0.4659, phi=2.016, lambda=3412.8,3479,3868.7,7818.3,7914,2345.7,6735.5, F=5345
runEM iter 1  Log likelihood: 5299.20043742308
runEM iter1 Time: 0.05 min.
runEM iter2: Expectation
runEM iter2: Maximization
Sample1 n=0.9611, sp=0.4031, phi=2.036, lambda=3391.3,3906.3,3729.5,7820.7,7914.8,2497.8,6738.2, F=5493
runEM iter 2  Log likelihood: 5494.58772932443
runEM iter2 Time: 0.019 min.
runEM iter3: Expectation
runEM iter3: Maximization
Sample1 n=0.9611, sp=0.3772, phi=2.036, lambda=3391.3,3906.3,3729.5,7820.7,7914.8,2497.8,6738.2, F=5504
runEM iter 3  Log likelihood: 5520.74001633239
runEM iter3 Time: 0.021 min.
runEM iter4: Expectation
runEM iter4: Maximization
Sample1 n=0.9611, sp=0.3635, phi=2.032, lambda=3391.3,3906.3,3729.5,7820.7,7914.8,2497.8,6738.2, F=5506
runEM iter 4  Log likelihood: 5524.53735324867
runEM iter4 Time: 0.017 min.
runEM iter4: Re-calculating responsibilties from converged parameters.
runEM: Using optimal parameters from iter4
runEM: Total elapsed time: 0.11min.
runViterbi: Segmenting and classifying
Total ULP-WGS HMM Runtime: 2.7 min.
Writing segments to results/ichorCNA/tumour_prop_0.05//tumour_prop_0.05.seg
Outputting to bin-level results to results/ichorCNA/tumour_prop_0.05//tumour_prop_0.05.cna.seg
