$WIG
[1] "results/readDepth/tumor_sample2.bin1000000.wig"

$gcWig
[1] "../../inst/extdata/gc_hg38_1000kb.wig"

$mapWig
[1] "../../inst/extdata/map_hg38_1000kb.wig"

$normalPanel
[1] "../../inst/extdata/HD_ULP_PoN_hg38_1Mb_median_normAutosome_median.rds"

$exons.bed
[1] "None"

$id
[1] "tumor_sample2"

$centromere
[1] ".Loading required package: data.table
Loading required package: stats4
Loading required package: BiocGenerics
Loading required package: parallel

Attaching package: 'BiocGenerics'

The following objects are masked from 'package:parallel':

    clusterApply, clusterApplyLB, clusterCall, clusterEvalQ,
    clusterExport, clusterMap, parApply, parCapply, parLapply,
    parLapplyLB, parRapply, parSapply, parSapplyLB

The following objects are masked from 'package:stats':

    IQR, mad, sd, var, xtabs

The following objects are masked from 'package:base':

    Filter, Find, Map, Position, Reduce, anyDuplicated, append,
    as.data.frame, basename, cbind, colnames, dirname, do.call,
    duplicated, eval, evalq, get, grep, grepl, intersect, is.unsorted,
    lapply, mapply, match, mget, order, paste, pmax, pmax.int, pmin,
    pmin.int, rank, rbind, rownames, sapply, setdiff, sort, table,
    tapply, union, unique, unsplit, which.max, which.min

Loading required package: S4Vectors

Attaching package: 'S4Vectors'

The following objects are masked from 'package:data.table':

    first, second

The following objects are masked from 'package:base':

    I, expand.grid, unname

Loading required package: IRanges

Attaching package: 'IRanges'

The following object is masked from 'package:data.table':

    shift

Loading required package: GenomeInfoDb

Attaching package: 'ichorCNA'

The following object is masked from 'package:HMMcopy':

    HMMsegment

Warning message:
In library(package, lib.loc = lib.loc, character.only = TRUE, logical.return = TRUE,  :
  there is no package called 'BSgenome.Hsapiens.UCSC.hg38'
Loading tumour file:tumor_sample2
Slurping: results/readDepth/tumor_sample2.bin1000000.wig
Parsing: fixedStep chrom=chr1 start=1 step=1000000 span=1000000
Parsing: fixedStep chrom=chr2 start=1 step=1000000 span=1000000
Parsing: fixedStep chrom=chr3 start=1 step=1000000 span=1000000
Parsing: fixedStep chrom=chr4 start=1 step=1000000 span=1000000
Parsing: fixedStep chrom=chr5 start=1 step=1000000 span=1000000
Parsing: fixedStep chrom=chr6 start=1 step=1000000 span=1000000
Parsing: fixedStep chrom=chr7 start=1 step=1000000 span=1000000
Parsing: fixedStep chrom=chr8 start=1 step=1000000 span=1000000
Parsing: fixedStep chrom=chr9 start=1 step=1000000 span=1000000
Parsing: fixedStep chrom=chr10 start=1 step=1000000 span=1000000
Parsing: fixedStep chrom=chr11 start=1 step=1000000 span=1000000
Parsing: fixedStep chrom=chr12 start=1 step=1000000 span=1000000
Parsing: fixedStep chrom=chr13 start=1 step=1000000 span=1000000
Parsing: fixedStep chrom=chr14 start=1 step=1000000 span=1000000
Parsing: fixedStep chrom=chr15 start=1 step=1000000 span=1000000
Parsing: fixedStep chrom=chr16 start=1 step=1000000 span=1000000
Parsing: fixedStep chrom=chr17 start=1 step=1000000 span=1000000
Parsing: fixedStep chrom=chr18 start=1 step=1000000 span=1000000
Parsing: fixedStep chrom=chr19 start=1 step=1000000 span=1000000
Parsing: fixedStep chrom=chr20 start=1 step=1000000 span=1000000
Parsing: fixedStep chrom=chr21 start=1 step=1000000 span=1000000
Parsing: fixedStep chrom=chr22 start=1 step=1000000 span=1000000
Parsing: fixedStep chrom=chrX start=1 step=1000000 span=1000000
Sorting by decreasing chromosome size
Reading GC and mappability files
Slurping: ../../inst/extdata/gc_hg38_1000kb.wig
Parsing: fixedStep chrom=chr1 start=1 step=1000000 span=1000000
Parsing: fixedStep chrom=chr2 start=1 step=1000000 span=1000000
Parsing: fixedStep chrom=chr3 start=1 step=1000000 span=1000000
Parsing: fixedStep chrom=chr4 start=1 step=1000000 span=1000000
Parsing: fixedStep chrom=chr5 start=1 step=1000000 span=1000000
Parsing: fixedStep chrom=chr6 start=1 step=1000000 span=1000000
Parsing: fixedStep chrom=chr7 start=1 step=1000000 span=1000000
Parsing: fixedStep chrom=chr8 start=1 step=1000000 span=1000000
Parsing: fixedStep chrom=chr9 start=1 step=1000000 span=1000000
Parsing: fixedStep chrom=chr10 start=1 step=1000000 span=1000000
Parsing: fixedStep chrom=chr11 start=1 step=1000000 span=1000000
Parsing: fixedStep chrom=chr12 start=1 step=1000000 span=1000000
Parsing: fixedStep chrom=chr13 start=1 step=1000000 span=1000000
Parsing: fixedStep chrom=chr14 start=1 step=1000000 span=1000000
Parsing: fixedStep chrom=chr15 start=1 step=1000000 span=1000000
Parsing: fixedStep chrom=chr16 start=1 step=1000000 span=1000000
Parsing: fixedStep chrom=chr17 start=1 step=1000000 span=1000000
Parsing: fixedStep chrom=chr18 start=1 step=1000000 span=1000000
Parsing: fixedStep chrom=chr19 start=1 step=1000000 span=1000000
Parsing: fixedStep chrom=chr20 start=1 step=1000000 span=1000000
Parsing: fixedStep chrom=chr21 start=1 step=1000000 span=1000000
Parsing: fixedStep chrom=chr22 start=1 step=1000000 span=1000000
Parsing: fixedStep chrom=chrX start=1 step=1000000 span=1000000
Parsing: fixedStep chrom=chrY start=1 step=1000000 span=1000000
Sorting by decreasing chromosome size
Slurping: ../../inst/extdata/map_hg38_1000kb.wig
Parsing: fixedStep chrom=chr1 start=1 step=1000000 span=1000000
Parsing: fixedStep chrom=chr2 start=1 step=1000000 span=1000000
Parsing: fixedStep chrom=chr3 start=1 step=1000000 span=1000000
Parsing: fixedStep chrom=chr4 start=1 step=1000000 span=1000000
Parsing: fixedStep chrom=chr5 start=1 step=1000000 span=1000000
Parsing: fixedStep chrom=chr6 start=1 step=1000000 span=1000000
Parsing: fixedStep chrom=chr7 start=1 step=1000000 span=1000000
Parsing: fixedStep chrom=chr8 start=1 step=1000000 span=1000000
Parsing: fixedStep chrom=chr9 start=1 step=1000000 span=1000000
Parsing: fixedStep chrom=chr10 start=1 step=1000000 span=1000000
Parsing: fixedStep chrom=chr11 start=1 step=1000000 span=1000000
Parsing: fixedStep chrom=chr12 start=1 step=1000000 span=1000000
Parsing: fixedStep chrom=chr13 start=1 step=1000000 span=1000000
Parsing: fixedStep chrom=chr14 start=1 step=1000000 span=1000000
Parsing: fixedStep chrom=chr15 start=1 step=1000000 span=1000000
Parsing: fixedStep chrom=chr16 start=1 step=1000000 span=1000000
Parsing: fixedStep chrom=chr17 start=1 step=1000000 span=1000000
Parsing: fixedStep chrom=chr18 start=1 step=1000000 span=1000000
Parsing: fixedStep chrom=chr19 start=1 step=1000000 span=1000000
Parsing: fixedStep chrom=chr20 start=1 step=1000000 span=1000000
Parsing: fixedStep chrom=chr21 start=1 step=1000000 span=1000000
Parsing: fixedStep chrom=chr22 start=1 step=1000000 span=1000000
Parsing: fixedStep chrom=chrX start=1 step=1000000 span=1000000
Parsing: fixedStep chrom=chrY start=1 step=1000000 span=1000000
Sorting by decreasing chromosome size
Correcting Tumour
Removed 121 bins near centromeres.
Applying filter on data...
Correcting for GC bias...
Correcting for mappability bias...
Filtering low uniqueness regions with mappability score < 0.75
Removed 0 bins near centromeres.
Determining gender...Gender female
Outputting to: results/ichorCNA/tumor_sample2//tumor_sample2.correctedDepth.txt
Warning message:
In regularize.values(x, y, ties, missing(ties), na.rm = na.rm) :
  collapsing to unique 'x' values
runEM: Initialization
runEM iter1: Expectation
runEM iter1: Maximization
Sample1 n=0.5386, sp=0.5029, phi=1.879, lambda=542.73,260.35,428.05,175.43,30.581,108.86,113.17, F=1420
runEM iter 1  Log likelihood: 886.410149370746
runEM iter1 Time: 0.041 min.
runEM iter2: Expectation
runEM iter2: Maximization
Sample1 n=0.5394, sp=0.6481, phi=1.848, lambda=607.33,444.84,697.72,631.58,47.031,777.8,869.3, F=1805
runEM iter 2  Log likelihood: 1531.87418423711
runEM iter2 Time: 0.036 min.
runEM iter3: Expectation
runEM iter3: Maximization
Sample1 n=0.5452, sp=0.713, phi=1.865, lambda=594.52,706.59,718.39,604.67,44.871,1061,1339.7, F=1923
runEM iter 3  Log likelihood: 1791.59048002089
runEM iter3 Time: 0.031 min.
runEM iter4: Expectation
runEM iter4: Maximization
Sample1 n=0.5403, sp=0.7324, phi=1.877, lambda=568.31,799.2,717.34,611.13,45.637,1120.4,1472.2, F=1922
runEM iter 4  Log likelihood: 1878.52495382287
runEM iter4 Time: 0.034 min.
runEM iter5: Expectation
runEM iter5: Maximization
Sample1 n=0.5351, sp=0.7349, phi=1.877, lambda=548.87,795.79,736.53,637.23,47.317,1129.3,1465.1, F=1923
runEM iter 5  Log likelihood: 1896.89219969253
runEM iter5 Time: 0.021 min.
runEM iter6: Expectation
runEM iter6: Maximization
Sample1 n=0.5341, sp=0.7358, phi=1.877, lambda=547.92,789.23,759.81,641.99,47.594,1121.9,1461.6, F=1925
runEM iter 6  Log likelihood: 1899.79976434808
runEM iter6 Time: 0.022 min.
runEM iter7: Expectation
runEM iter7: Maximization
Sample1 n=0.5338, sp=0.736, phi=1.878, lambda=547.92,789.23,759.81,641.99,47.595,1121.9,1461.6, F=1927
runEM iter 7  Log likelihood: 1902.01997171899
runEM iter7 Time: 0.017 min.
runEM iter8: Expectation
runEM iter8: Maximization
Sample1 n=0.5337, sp=0.7361, phi=1.878, lambda=547.92,789.23,759.81,641.99,47.596,1121.9,1461.6, F=1928
runEM iter 8  Log likelihood: 1902.97672487476
runEM iter8 Time: 0.0098 min.
runEM iter8: Re-calculating responsibilties from converged parameters.
runEM: Using optimal parameters from iter8
runEM: Total elapsed time: 0.21min.
runViterbi: Segmenting and classifying
runEM: Initialization
runEM iter1: Expectation
runEM iter1: Maximization
Sample1 n=0.547, sp=0.4962, phi=2.844, lambda=680.54,320.3,267.58,67.839,9.7389,107.93,104.04, F=1159
runEM iter 1  Log likelihood: 652.949678944916
runEM iter1 Time: 0.068 min.
runEM iter2: Expectation
runEM iter2: Maximization
Sample1 n=0.5204, sp=0.4467, phi=2.774, lambda=559.52,306.29,430.58,555.45,24.751,144.4,748.04, F=1501
runEM iter 2  Log likelihood: 1290.6813798939
runEM iter2 Time: 0.055 min.
runEM iter3: Expectation
runEM iter3: Maximization
Sample1 n=0.4869, sp=0.4051, phi=2.719, lambda=307.33,305.51,862.83,677.35,31.135,110.05,1058.1, F=1714
runEM iter 3  Log likelihood: 1574.56841313474
runEM iter3 Time: 0.056 min.
runEM iter4: Expectation
runEM iter4: Maximization
Sample1 n=0.4365, sp=0.4266, phi=2.695, lambda=108.64,370.53,1185.6,449.91,37.563,114.05,1187.1, F=1795
runEM iter 4  Log likelihood: 1720.288148991
runEM iter4 Time: 0.043 min.
runEM iter5: Expectation
runEM iter5: Maximization
Sample1 n=0.329, sp=0.4339, phi=2.703, lambda=65.076,1095.5,1339.8,180.45,45.072,658.83,1139.7, F=1981
runEM iter 5  Log likelihood: 1776.42956154228
runEM iter5 Time: 0.034 min.
runEM iter6: Expectation
runEM iter6: Maximization
Sample1 n=0.3101, sp=0.435, phi=2.703, lambda=110.78,1307.2,1354.5,149.51,46.539,642.71,1105.9, F=2003
runEM iter 6  Log likelihood: 1970.83370521055
runEM iter6 Time: 0.032 min.
runEM iter7: Expectation
runEM iter7: Maximization
Sample1 n=0.3058, sp=0.4366, phi=2.703, lambda=110.81,1377.5,1356.3,143.86,47.094,627.53,1065.2, F=2003
runEM iter 7  Log likelihood: 1980.91002367658
runEM iter7 Time: 0.033 min.
runEM iter8: Expectation
runEM iter8: Maximization
Sample1 n=0.304, sp=0.4376, phi=2.703, lambda=110.8,1413.9,1356.5,141.87,47.298,621.38,1042.7, F=2004
runEM iter 8  Log likelihood: 1981.06014279107
runEM iter8 Time: 0.034 min.
runEM iter8: Re-calculating responsibilties from converged parameters.
runEM: Using optimal parameters from iter8
runEM: Total elapsed time: 0.36min.
runViterbi: Segmenting and classifying
runEM: Initialization
runEM iter1: Expectation
runEM iter1: Maximization
Sample1 n=0.5779, sp=0.5022, phi=1.968, lambda=445.57,276.11,153.93,111.99,19.394,108.45,112.25, F=1336
runEM iter 1  Log likelihood: 904.413461205151
runEM iter1 Time: 0.037 min.
runEM iter2: Expectation
runEM iter2: Maximization
Sample1 n=0.5646, sp=0.5944, phi=1.951, lambda=567.09,405.58,469.93,314.45,30.728,414.42,1264.6, F=1782
runEM iter 2  Log likelihood: 1467.79400667624
runEM iter2 Time: 0.034 min.
runEM iter3: Expectation
runEM iter3: Maximization
Sample1 n=0.5656, sp=0.6501, phi=1.931, lambda=594.88,571.87,533.96,344.05,32.596,779.8,1466, F=1876
runEM iter 3  Log likelihood: 1773.53828174961
runEM iter3 Time: 0.027 min.
runEM iter4: Expectation
runEM iter4: Maximization
Sample1 n=0.556, sp=0.6872, phi=1.907, lambda=596.94,660.57,636.72,445.17,37.617,959.07,1465.7, F=1903
runEM iter 4  Log likelihood: 1830.1246056963
runEM iter4 Time: 0.028 min.
runEM iter5: Expectation
runEM iter5: Maximization
Sample1 n=0.546, sp=0.7138, phi=1.889, lambda=590.4,758.07,710.28,549.82,42.478,1070.8,1462.5, F=1921
runEM iter 5  Log likelihood: 1865.4434186629
runEM iter5 Time: 0.03 min.
runEM iter6: Expectation
runEM iter6: Maximization
Sample1 n=0.5389, sp=0.7279, phi=1.881, lambda=574.5,794.72,745.56,610.13,45.525,1090.7,1459.9, F=1925
runEM iter 6  Log likelihood: 1891.2134504425
runEM iter6 Time: 0.03 min.
runEM iter7: Expectation
runEM iter7: Maximization
Sample1 n=0.5355, sp=0.7336, phi=1.878, lambda=560.74,787.81,767.23,633.98,46.985,1091.5,1458.7, F=1926
runEM iter 7  Log likelihood: 1899.27699330847
runEM iter7 Time: 0.022 min.
runEM iter8: Expectation
runEM iter8: Maximization
Sample1 n=0.5342, sp=0.7354, phi=1.878, lambda=553.35,783.7,778.25,640.69,47.488,1096.5,1459.1, F=1927
runEM iter 8  Log likelihood: 1901.6681354293
runEM iter8 Time: 0.025 min.
runEM iter9: Expectation
runEM iter9: Maximization
Sample1 n=0.5338, sp=0.7359, phi=1.878, lambda=553.35,783.7,778.25,640.69,47.49,1096.5,1459.1, F=1928
runEM iter 9  Log likelihood: 1902.59543862174
runEM iter9 Time: 0.01 min.
runEM iter9: Re-calculating responsibilties from converged parameters.
runEM: Using optimal parameters from iter9
runEM: Total elapsed time: 0.24min.
runViterbi: Segmenting and classifying
runEM: Initialization
runEM iter1: Expectation
runEM iter1: Maximization
Sample1 n=0.556, sp=0.4972, phi=2.827, lambda=699.73,251.34,283.86,75.496,10.139,107.16,104.13, F=1177
runEM iter 1  Log likelihood: 667.829363163775
runEM iter1 Time: 0.073 min.
runEM iter2: Expectation
runEM iter2: Maximization
Sample1 n=0.529, sp=0.5095, phi=2.744, lambda=696.75,243.34,470.47,587.06,25.036,312.55,770.13, F=1524
runEM iter 2  Log likelihood: 1289.75522186029
runEM iter2 Time: 0.048 min.
runEM iter3: Expectation
runEM iter3: Maximization
Sample1 n=0.5298, sp=0.4987, phi=2.656, lambda=668.89,177.55,1064.3,700.42,28.89,620.1,1073.5, F=1794
runEM iter 3  Log likelihood: 1599.28218424603
runEM iter3 Time: 0.047 min.
runEM iter4: Expectation
runEM iter4: Maximization
Sample1 n=0.554, sp=0.5599, phi=2.595, lambda=363.15,251,1322.5,679.97,28.151,1611.4,1195.4, F=1969
runEM iter 4  Log likelihood: 1782.73243113554
runEM iter4 Time: 0.029 min.
runEM iter5: Expectation
runEM iter5: Maximization
Sample1 n=0.545, sp=0.5736, phi=2.583, lambda=409.56,340.85,1360.1,642.42,30.266,1565.8,1284.9, F=2011
runEM iter 5  Log likelihood: 1970.39642605544
runEM iter5 Time: 0.036 min.
runEM iter6: Expectation
runEM iter6: Maximization
Sample1 n=0.5377, sp=0.5794, phi=2.579, lambda=464.68,332.12,1358.8,609.61,31.678,1572.3,1303.9, F=2019
runEM iter 6  Log likelihood: 1987.16536055638
runEM iter6 Time: 0.027 min.
runEM iter7: Expectation
runEM iter7: Maximization
Sample1 n=0.5344, sp=0.5826, phi=2.578, lambda=491.88,323.27,1356.2,597.53,32.184,1574.9,1303.6, F=2021
runEM iter 7  Log likelihood: 1992.09807264676
runEM iter7 Time: 0.033 min.
runEM iter8: Expectation
runEM iter8: Maximization
Sample1 n=0.5329, sp=0.5844, phi=2.578, lambda=505.91,315.4,1355,593.86,32.41,1575.3,1299.8, F=2021
runEM iter 8  Log likelihood: 1992.91552534971
runEM iter8 Time: 0.023 min.
runEM iter8: Re-calculating responsibilties from converged parameters.
runEM: Using optimal parameters from iter8
runEM: Total elapsed time: 0.32min.
runViterbi: Segmenting and classifying
runEM: Initialization
runEM iter1: Expectation
runEM iter1: Maximization
Sample1 n=0.6371, sp=0.1219, phi=2.099, lambda=455.98,350.74,232.07,45.323,11.385,24.825,112.14, F=1316
runEM iter 1  Log likelihood: 840.280120668344
runEM iter1 Time: 0.056 min.
runEM iter2: Expectation
runEM iter2: Maximization
Sample1 n=0.6346, sp=0.3607, phi=2.146, lambda=1544.2,528.36,374.92,113.98,15.621,16.381,1301.1, F=1789
runEM iter 2  Log likelihood: 1476.63451010502
runEM iter2 Time: 0.12 min.
runEM iter3: Expectation
runEM iter3: Maximization
Sample1 n=0.6337, sp=0.3697, phi=2.154, lambda=1559.9,949.19,166.88,152.1,18.269,16.386,1368.2, F=1911
runEM iter 3  Log likelihood: 1841.83422974022
runEM iter3 Time: 0.071 min.
runEM iter4: Expectation
runEM iter4: Maximization
Sample1 n=0.636, sp=0.3582, phi=2.168, lambda=1558.8,1010.9,83.609,349.49,33.219,16.793,1366.5, F=1937
runEM iter 4  Log likelihood: 1892.88128828876
runEM iter4 Time: 0.042 min.
runEM iter5: Expectation
runEM iter5: Maximization
Sample1 n=0.6395, sp=0.339, phi=2.18, lambda=1559.7,1025.2,72.532,431.31,32.43,17.371,1364.6, F=1945
runEM iter 5  Log likelihood: 1911.53940739315
runEM iter5 Time: 0.04 min.
runEM iter6: Expectation
runEM iter6: Maximization
Sample1 n=0.643, sp=0.3211, phi=2.19, lambda=1566.6,1035.4,70.466,504.55,31.342,17.852,1362.3, F=1950
runEM iter 6  Log likelihood: 1917.71680770964
runEM iter6 Time: 0.044 min.
runEM iter7: Expectation
runEM iter7: Maximization
Sample1 n=0.646, sp=0.3058, phi=2.199, lambda=1569.1,1038.9,69.073,558.81,30.39,18.26,1361.9, F=1953
runEM iter 7  Log likelihood: 1923.32262766885
runEM iter7 Time: 0.028 min.
runEM iter8: Expectation
runEM iter8: Maximization
Sample1 n=0.6484, sp=0.2928, phi=2.206, lambda=1571.9,1041.1,67.962,598.09,29.598,18.607,1361.4, F=1955
runEM iter 8  Log likelihood: 1926.92401674129
runEM iter8 Time: 0.033 min.
runEM iter9: Expectation
runEM iter9: Maximization
Sample1 n=0.6503, sp=0.2821, phi=2.212, lambda=1573.8,1041.2,67.284,628.36,28.984,18.905,1360.8, F=1957
runEM iter 9  Log likelihood: 1929.24225222033
runEM iter9 Time: 0.023 min.
runEM iter10: Expectation
runEM iter10: Maximization
Sample1 n=0.6519, sp=0.2735, phi=2.217, lambda=1574.9,1040.5,66.669,651.63,28.478,19.138,1360.2, F=1957
runEM iter 10  Log likelihood: 1930.73704777817
runEM iter10 Time: 0.028 min.
runEM iter10: Re-calculating responsibilties from converged parameters.
runEM: Using optimal parameters from iter10
runEM: Total elapsed time: 0.48min.
runViterbi: Segmenting and classifying
runEM: Initialization
runEM iter1: Expectation
runEM iter1: Maximization
Sample1 n=0.6436, sp=0.4979, phi=2.775, lambda=117.92,144.47,292.55,59.337,8.4944,105.9,104.39, F=1023
runEM iter 1  Log likelihood: 607.855995057655
runEM iter1 Time: 0.052 min.
runEM iter2: Expectation
runEM iter2: Maximization
Sample1 n=0.5857, sp=0.5918, phi=2.639, lambda=222.28,292.75,599.24,586.49,22.766,1216.2,866.89, F=1672
runEM iter 2  Log likelihood: 1169.11564350484
runEM iter2 Time: 0.07 min.
runEM iter3: Expectation
runEM iter3: Maximization
Sample1 n=0.5473, sp=0.586, phi=2.594, lambda=410.04,258.3,1264.2,662.71,29.066,1532.7,1271.1, F=1983
runEM iter 3  Log likelihood: 1781.23648260397
runEM iter3 Time: 0.045 min.
runEM iter4: Expectation
runEM iter4: Maximization
Sample1 n=0.5353, sp=0.587, phi=2.583, lambda=492.43,256.76,1354.1,608.38,31.652,1569.6,1243.5, F=2018
runEM iter 4  Log likelihood: 1974.51132568782
runEM iter4 Time: 0.032 min.
runEM iter5: Expectation
runEM iter5: Maximization
Sample1 n=0.5318, sp=0.589, phi=2.581, lambda=520.81,257.78,1356.2,592.96,32.419,1574,1240.5, F=2022
runEM iter 5  Log likelihood: 1990.12939046856
runEM iter5 Time: 0.026 min.
runEM iter6: Expectation
runEM iter6: Maximization
Sample1 n=0.5305, sp=0.5901, phi=2.58, lambda=531.75,256.24,1355.2,589.33,32.622,1574.6,1238.4, F=2022
runEM iter 6  Log likelihood: 1991.23312461541
runEM iter6 Time: 0.019 min.
runEM iter6: Re-calculating responsibilties from converged parameters.
runEM: Using optimal parameters from iter6
runEM: Total elapsed time: 0.24min.
runViterbi: Segmenting and classifying
runEM: Initialization
runEM iter1: Expectation
runEM iter1: Maximization
Sample1 n=0.7107, sp=0.0537, phi=2.167, lambda=207.03,499.5,458.15,26.763,8.299,18.303,104.29, F=1261
runEM iter 1  Log likelihood: 714.793200626529
runEM iter1 Time: 0.072 min.
runEM iter2: Expectation
runEM iter2: Maximization
Sample1 n=0.7017, sp=0.01935, phi=2.335, lambda=1117,924.06,1273.7,88.177,9.3648,25.088,79.555, F=1809
runEM iter 2  Log likelihood: 1453.44241266282
runEM iter2 Time: 0.079 min.
runEM iter3: Expectation
runEM iter3: Maximization
Sample1 n=0.6895, sp=0.01812, phi=2.359, lambda=1514.5,840.38,1270.4,514.32,17.969,28.368,65.412, F=1895
runEM iter 3  Log likelihood: 1807.08007774363
runEM iter3 Time: 0.053 min.
runEM iter4: Expectation
runEM iter4: Maximization
Sample1 n=0.6875, sp=0.01731, phi=2.357, lambda=1530.5,830.68,1253.1,570.62,18.364,28.727,76.723, F=1897
runEM iter 4  Log likelihood: 1871.09094237517
runEM iter4 Time: 0.057 min.
runEM iter5: Expectation
runEM iter5: Maximization
Sample1 n=0.687, sp=0.0175, phi=2.356, lambda=1532,826.97,1249.6,581.88,18.429,28.767,90.908, F=1897
runEM iter 5  Log likelihood: 1872.11281371815
runEM iter5 Time: 0.031 min.
runEM iter5: Re-calculating responsibilties from converged parameters.
runEM: Using optimal parameters from iter5
runEM: Total elapsed time: 0.29min.
runViterbi: Segmenting and classifying
runEM: Initialization
runEM iter1: Expectation
runEM iter1: Maximization
Sample1 n=0.7472, sp=0.4799, phi=2.641, lambda=419.87,398.16,326.16,49.485,7.3997,79.348,103.72, F=1092
runEM iter 1  Log likelihood: 551.603700081732
runEM iter1 Time: 0.051 min.
runEM iter2: Expectation
runEM iter2: Maximization
Sample1 n=0.7269, sp=0.01284, phi=2.469, lambda=1114.9,858,705.02,217.41,12.956,25.328,115.32, F=1614
runEM iter 2  Log likelihood: 1300.3544340208
runEM iter2 Time: 0.076 min.
runEM iter3: Expectation
runEM iter3: Maximization
Sample1 n=0.7026, sp=0.0201, phi=2.374, lambda=1319.6,915.89,1234.4,433.88,16.292,26.433,112.66, F=1857
runEM iter 3  Log likelihood: 1686.01123659596
runEM iter3 Time: 0.058 min.
runEM iter4: Expectation
runEM iter4: Maximization
Sample1 n=0.6897, sp=0.02121, phi=2.359, lambda=1508.7,848.25,1264.5,564.68,17.981,28.194,154.29, F=1895
runEM iter 4  Log likelihood: 1848.75433004812
runEM iter4 Time: 0.049 min.
runEM iter5: Expectation
runEM iter5: Maximization
Sample1 n=0.6874, sp=0.02261, phi=2.359, lambda=1532.2,845.01,1259.1,589.88,18.315,28.556,165.12, F=1897
runEM iter 5  Log likelihood: 1872.02818502701
runEM iter5 Time: 0.046 min.
runEM iter6: Expectation
runEM iter6: Maximization
Sample1 n=0.6872, sp=0.0239, phi=2.359, lambda=1532.9,846.71,1259.4,590.21,18.346,28.522,173.33, F=1898
runEM iter 6  Log likelihood: 1873.65198231048
runEM iter6 Time: 0.021 min.
runEM iter6: Re-calculating responsibilties from converged parameters.
runEM: Using optimal parameters from iter6
runEM: Total elapsed time: 0.3min.
runViterbi: Segmenting and classifying
runEM: Initialization
runEM iter1: Expectation
runEM iter1: Maximization
Sample1 n=0.7561, sp=0.09274, phi=2.151, lambda=123.44,410.24,923.78,52.983,7.5854,12.72,16.157, F=1207
runEM iter 1  Log likelihood: 559.037686399
runEM iter1 Time: 0.076 min.
runEM iter2: Expectation
runEM iter2: Maximization
Sample1 n=0.7527, sp=0.03302, phi=2.296, lambda=249.37,1133.2,1357.4,250.89,12.748,17.807,60.643, F=1672
runEM iter 2  Log likelihood: 1445.84818455048
runEM iter2 Time: 0.091 min.
runEM iter3: Expectation
runEM iter3: Maximization
Sample1 n=0.7052, sp=0.02307, phi=2.337, lambda=993,1011,1287.9,470.64,16.581,24.742,59.087, F=1851
runEM iter 3  Log likelihood: 1659.39032978914
runEM iter3 Time: 0.088 min.
runEM iter4: Expectation
runEM iter4: Maximization
Sample1 n=0.6884, sp=0.01851, phi=2.351, lambda=1484.5,861.94,1241.1,570.63,18.274,28.226,63.488, F=1894
runEM iter 4  Log likelihood: 1835.60155767125
runEM iter4 Time: 0.063 min.
runEM iter5: Expectation
runEM iter5: Maximization
Sample1 n=0.6867, sp=0.01712, phi=2.354, lambda=1531.8,833.31,1242.1,583.33,18.505,28.778,69.544, F=1897
runEM iter 5  Log likelihood: 1871.64403674298
runEM iter5 Time: 0.051 min.
runEM iter6: Expectation
runEM iter6: Maximization
Sample1 n=0.6868, sp=0.01712, phi=2.355, lambda=1532.6,828.09,1244.5,582.83,18.487,28.806,78.185, F=1897
runEM iter 6  Log likelihood: 1872.27399080186
runEM iter6 Time: 0.032 min.
runEM iter6: Re-calculating responsibilties from converged parameters.
runEM: Using optimal parameters from iter6
runEM: Total elapsed time: 0.4min.
runViterbi: Segmenting and classifying
runEM: Initialization
runEM iter1: Expectation
runEM iter1: Maximization
Sample1 n=0.8017, sp=0.1866, phi=2.469, lambda=169.86,394.27,464.84,49.92,7.5226,12.2,14.234, F=1140
runEM iter 1  Log likelihood: 535.894403803905
runEM iter1 Time: 0.067 min.
runEM iter2: Expectation
runEM iter2: Maximization
Sample1 n=0.7031, sp=0.03411, phi=2.361, lambda=1190.9,905.98,1155.5,423.21,16.496,24.903,68.553, F=1821
runEM iter 2  Log likelihood: 1272.82560605646
runEM iter2 Time: 0.1 min.
runEM iter3: Expectation
runEM iter3: Maximization
Sample1 n=0.6888, sp=0.01923, phi=2.355, lambda=1506.5,839.98,1249.3,569.62,18.186,28.277,87.974, F=1895
runEM iter 3  Log likelihood: 1840.81209481337
runEM iter3 Time: 0.069 min.
runEM iter4: Expectation
runEM iter4: Maximization
Sample1 n=0.687, sp=0.01804, phi=2.356, lambda=1532.6,824.37,1248.9,589.1,18.432,28.748,108.96, F=1897
runEM iter 4  Log likelihood: 1871.07731421703
runEM iter4 Time: 0.054 min.
runEM iter5: Expectation
runEM iter5: Maximization
Sample1 n=0.687, sp=0.01875, phi=2.357, lambda=1533,824.6,1249.8,590.19,18.429,28.759,134.6, F=1897
runEM iter 5  Log likelihood: 1872.09175336053
runEM iter5 Time: 0.018 min.
runEM iter5: Re-calculating responsibilties from converged parameters.
runEM: Using optimal parameters from iter5
runEM: Total elapsed time: 0.31min.
runViterbi: Segmenting and classifying
runEM: Initialization
runEM iter1: Expectation
runEM iter1: Maximization
Sample1 n=0.7991, sp=0.2175, phi=2.12, lambda=109.92,260.15,957.26,25.445,5.9297,11.089,8.9874, F=1038
runEM iter 1  Log likelihood: 491.702399356782
runEM iter1 Time: 0.074 min.
runEM iter2: Expectation
runEM iter2: Maximization
Sample1 n=0.768, sp=0.03876, phi=2.268, lambda=183.77,1155.3,1345.5,81.2,8.5557,15.972,81.847, F=1575
runEM iter 2  Log likelihood: 1318.19107629677
runEM iter2 Time: 0.11 min.
runEM iter3: Expectation
runEM iter3: Maximization
Sample1 n=0.7239, sp=0.02632, phi=2.314, lambda=438.66,1199.7,1320.4,365.37,15.021,21.419,77.557, F=1742
runEM iter 3  Log likelihood: 1587.9829168576
runEM iter3 Time: 0.054 min.
runEM iter4: Expectation
runEM iter4: Maximization
Sample1 n=0.6963, sp=0.02085, phi=2.342, lambda=1229.7,968.22,1258.1,528.23,17.492,26.354,74.37, F=1872
runEM iter 4  Log likelihood: 1761.60898231271
runEM iter4 Time: 0.055 min.
runEM iter5: Expectation
runEM iter5: Maximization
Sample1 n=0.6871, sp=0.01827, phi=2.352, lambda=1521.3,840.25,1238.5,586.56,18.438,28.486,81.803, F=1896
runEM iter 5  Log likelihood: 1858.99430118846
runEM iter5 Time: 0.082 min.
runEM iter6: Expectation
runEM iter6: Maximization
Sample1 n=0.6867, sp=0.01762, phi=2.355, lambda=1532.8,825.2,1246.6,590.94,18.491,28.778,95.299, F=1897
runEM iter 6  Log likelihood: 1871.71685865555
runEM iter6 Time: 0.034 min.
runEM iter7: Expectation
runEM iter7: Maximization
Sample1 n=0.6869, sp=0.01811, phi=2.357, lambda=1533.1,824.33,1247.4,591.23,18.456,28.785,118.43, F=1897
runEM iter 7  Log likelihood: 1871.99001329644
runEM iter7 Time: 0.025 min.
runEM iter7: Re-calculating responsibilties from converged parameters.
runEM: Using optimal parameters from iter7
runEM: Total elapsed time: 0.44min.
runViterbi: Segmenting and classifying
Total ULP-WGS HMM Runtime: 3.7 min.
Writing segments to results/ichorCNA/tumor_sample2//tumor_sample2.seg
Outputting to bin-level results to results/ichorCNA/tumor_sample2//tumor_sample2.cna.seg
