$WIG
[1] "results/readDepth/tumour_prop_0.5.bin1000000.wig"

$gcWig
[1] "../../inst/extdata/gc_hg19_1000kb.wig"

$mapWig
[1] "../../inst/extdata/map_hg19_1000kb.wig"

$normalPanel
[1] "../../inst/extdata/HD_ULP_PoN_1Mb_median_normAutosome_mapScoreFiltered_median.rds"

$exons.bed
[1] "None"

$id
[1] "tumour_prop_0.5"

$cLoading required package: data.table
Loading required package: stats4
Loading required package: BiocGenerics
Loading required package: parallel

Attaching package: 'BiocGenerics'

The following objects are masked from 'package:parallel':

    clusterApply, clusterApplyLB, clusterCall, clusterEvalQ,
    clusterExport, clusterMap, parApply, parCapply, parLapply,
    parLapplyLB, parRapply, parSapply, parSapplyLB

The following objects are masked from 'package:stats':

    IQR, mad, sd, var, xtabs

The following objects are masked from 'package:base':

    Filter, Find, Map, Position, Reduce, anyDuplicated, append,
    as.data.frame, basename, cbind, colnames, dirname, do.call,
    duplicated, eval, evalq, get, grep, grepl, intersect, is.unsorted,
    lapply, mapply, match, mget, order, paste, pmax, pmax.int, pmin,
    pmin.int, rank, rbind, rownames, sapply, setdiff, sort, table,
    tapply, union, unique, unsplit, which.max, which.min

Loading required package: S4Vectors

Attaching package: 'S4Vectors'

The following objects are masked from 'package:data.table':

    first, second

The following object is masked from 'package:base':

    expand.grid

Loading required package: IRanges

Attaching package: 'IRanges'

The following object is masked from 'package:data.table':

    shift

Loading required package: GenomeInfoDb

Attaching package: 'ichorCNA'

The following object is masked from 'package:HMMcopy':

    HMMsegment

Warning message:
In library(package, lib.loc = lib.loc, character.only = TRUE, logical.return = TRUE,  :
  there is no package called 'BSgenome.Hsapiens.UCSC.hg19'
Loading tumour file:tumour_prop_0.5
Slurping: results/readDepth/tumour_prop_0.5.bin1000000.wig
Parsing: fixedStep chrom=1 start=1 step=1000000 span=1000000
Parsing: fixedStep chrom=2 start=1 step=1000000 span=1000000
Parsing: fixedStep chrom=3 start=1 step=1000000 span=1000000
Parsing: fixedStep chrom=4 start=1 step=1000000 span=1000000
Parsing: fixedStep chrom=5 start=1 step=1000000 span=1000000
Parsing: fixedStep chrom=6 start=1 step=1000000 span=1000000
Parsing: fixedStep chrom=7 start=1 step=1000000 span=1000000
Parsing: fixedStep chrom=8 start=1 step=1000000 span=1000000
Parsing: fixedStep chrom=9 start=1 step=1000000 span=1000000
Parsing: fixedStep chrom=10 start=1 step=1000000 span=1000000
Parsing: fixedStep chrom=11 start=1 step=1000000 span=1000000
Parsing: fixedStep chrom=12 start=1 step=1000000 span=1000000
Parsing: fixedStep chrom=13 start=1 step=1000000 span=1000000
Parsing: fixedStep chrom=14 start=1 step=1000000 span=1000000
Parsing: fixedStep chrom=15 start=1 step=1000000 span=1000000
Parsing: fixedStep chrom=16 start=1 step=1000000 span=1000000
Parsing: fixedStep chrom=17 start=1 step=1000000 span=1000000
Parsing: fixedStep chrom=18 start=1 step=1000000 span=1000000
Parsing: fixedStep chrom=19 start=1 step=1000000 span=1000000
Parsing: fixedStep chrom=20 start=1 step=1000000 span=1000000
Parsing: fixedStep chrom=21 start=1 step=1000000 span=1000000
Parsing: fixedStep chrom=22 start=1 step=1000000 span=1000000
Parsing: fixedStep chrom=X start=1 step=1000000 span=1000000
Parsing: fixedStep chrom=Y start=1 step=1000000 span=1000000
Sorting by decreasing chromosome size
Reading GC and mappability files
Slurping: ../../inst/extdata/gc_hg19_1000kb.wig
Parsing: fixedStep chrom=1 start=1 step=1000000 span=1000000
Parsing: fixedStep chrom=2 start=1 step=1000000 span=1000000
Parsing: fixedStep chrom=3 start=1 step=1000000 span=1000000
Parsing: fixedStep chrom=4 start=1 step=1000000 span=1000000
Parsing: fixedStep chrom=5 start=1 step=1000000 span=1000000
Parsing: fixedStep chrom=6 start=1 step=1000000 span=1000000
Parsing: fixedStep chrom=7 start=1 step=1000000 span=1000000
Parsing: fixedStep chrom=8 start=1 step=1000000 span=1000000
Parsing: fixedStep chrom=9 start=1 step=1000000 span=1000000
Parsing: fixedStep chrom=10 start=1 step=1000000 span=1000000
Parsing: fixedStep chrom=11 start=1 step=1000000 span=1000000
Parsing: fixedStep chrom=12 start=1 step=1000000 span=1000000
Parsing: fixedStep chrom=13 start=1 step=1000000 span=1000000
Parsing: fixedStep chrom=14 start=1 step=1000000 span=1000000
Parsing: fixedStep chrom=15 start=1 step=1000000 span=1000000
Parsing: fixedStep chrom=16 start=1 step=1000000 span=1000000
Parsing: fixedStep chrom=17 start=1 step=1000000 span=1000000
Parsing: fixedStep chrom=18 start=1 step=1000000 span=1000000
Parsing: fixedStep chrom=19 start=1 step=1000000 span=1000000
Parsing: fixedStep chrom=20 start=1 step=1000000 span=1000000
Parsing: fixedStep chrom=21 start=1 step=1000000 span=1000000
Parsing: fixedStep chrom=22 start=1 step=1000000 span=1000000
Parsing: fixedStep chrom=X start=1 step=1000000 span=1000000
Parsing: fixedStep chrom=Y start=1 step=1000000 span=1000000
Sorting by decreasing chromosome size
Slurping: ../../inst/extdata/map_hg19_1000kb.wig
Parsing: fixedStep chrom=1 start=1 step=1000000 span=1000000
Parsing: fixedStep chrom=2 start=1 step=1000000 span=1000000
Parsing: fixedStep chrom=3 start=1 step=1000000 span=1000000
Parsing: fixedStep chrom=4 start=1 step=1000000 span=1000000
Parsing: fixedStep chrom=5 start=1 step=1000000 span=1000000
Parsing: fixedStep chrom=6 start=1 step=1000000 span=1000000
Parsing: fixedStep chrom=7 start=1 step=1000000 span=1000000
Parsing: fixedStep chrom=8 start=1 step=1000000 span=1000000
Parsing: fixedStep chrom=9 start=1 step=1000000 span=1000000
Parsing: fixedStep chrom=10 start=1 step=1000000 span=1000000
Parsing: fixedStep chrom=11 start=1 step=1000000 span=1000000
Parsing: fixedStep chrom=12 start=1 step=1000000 span=1000000
Parsing: fixedStep chrom=13 start=1 step=1000000 span=1000000
Parsing: fixedStep chrom=14 start=1 step=1000000 span=1000000
Parsing: fixedStep chrom=15 start=1 step=1000000 span=1000000
Parsing: fixedStep chrom=16 start=1 step=1000000 span=1000000
Parsing: fixedStep chrom=17 start=1 step=1000000 span=1000000
Parsing: fixedStep chrom=18 start=1 step=1000000 span=1000000
Parsing: fixedStep chrom=19 start=1 step=1000000 span=1000000
Parsing: fixedStep chrom=20 start=1 step=1000000 span=1000000
Parsing: fixedStep chrom=21 start=1 step=1000000 span=1000000
Parsing: fixedStep chrom=22 start=1 step=1000000 span=1000000
Parsing: fixedStep chrom=X start=1 step=1000000 span=1000000
Parsing: fixedStep chrom=Y start=1 step=1000000 span=1000000
Sorting by decreasing chromosome size
Correcting Tumour
Removed 97 bins near centromeres.
Applying filter on data...
Correcting for GC bias...
Correcting for mappability bias...
Filtering low uniqueness regions with mappability score < 0.75
Removed 4 bins near centromeres.
Determining gender...Gender female
Outputting to: results/ichorCNA/tumour_prop_0.5//tumour_prop_0.5.correctedDepth.txt
Warning messages:
1: In dir.create(paste0(outDir, "/", id, "/"), recursive = TRUE) :
  'results/ichorCNA/tumour_prop_0.5//tumour_prop_0.5' already exists
2: In regularize.values(x, y, ties, missing(ties), na.rm = na.rm) :
  collapsing to unique 'x' values
runEM: Initialization
runEM iter1: Expectation
runEM iter1: Maximization
Sample1 n=0.5795, sp=0.3306, phi=1.946, lambda=996.36,753.41,540.74,365.31,365.43,793.15,351.49, F=3283
runEM iter 1  Log likelihood: 2396.63907174915
runEM iter1 Time: 0.045 min.
runEM iter2: Expectation
runEM iter2: Maximization
Sample1 n=0.5672, sp=0.3629, phi=1.953, lambda=1349,1137.2,546.63,366.17,365.91,1003.8,468.53, F=3617
runEM iter 2  Log likelihood: 3522.30090228264
runEM iter2 Time: 0.028 min.
runEM iter3: Expectation
runEM iter3: Maximization
Sample1 n=0.5653, sp=0.3858, phi=1.959, lambda=1419.2,1254.9,590.24,366.71,365.99,941.62,458.81, F=3680
runEM iter 3  Log likelihood: 3676.87053839822
runEM iter3 Time: 0.021 min.
runEM iter4: Expectation
runEM iter4: Maximization
Sample1 n=0.566, sp=0.401, phi=1.965, lambda=1434.3,1323.5,597.55,367.09,366,911.42,424.86, F=3691
runEM iter 4  Log likelihood: 3701.91733322125
runEM iter4 Time: 0.019 min.
runEM iter5: Expectation
runEM iter5: Maximization
Sample1 n=0.567, sp=0.4098, phi=1.968, lambda=1434.1,1365.2,600.53,367.36,366.01,894.38,415.02, F=3695
runEM iter 5  Log likelihood: 3709.10371214508
runEM iter5 Time: 0.021 min.
runEM iter6: Expectation
runEM iter6: Maximization
Sample1 n=0.5683, sp=0.4221, phi=1.972, lambda=1430.8,1421.2,604.04,367.65,366.02,870.36,415.53, F=3697
runEM iter 6  Log likelihood: 3712.37076871798
runEM iter6 Time: 0.021 min.
runEM iter6: Re-calculating responsibilties from converged parameters.
runEM: Using optimal parameters from iter6
runEM: Total elapsed time: 0.16min.
runViterbi: Segmenting and classifying
runEM: Initialization
runEM iter1: Expectation
runEM iter1: Maximization
Sample1 n=0.514, sp=0.4711, phi=2.933, lambda=365.71,530.44,805.15,494.21,362.67,364.93,316.91, F=2889
runEM iter 1  Log likelihood: 2085.68601324763
runEM iter1 Time: 0.048 min.
runEM iter2: Expectation
runEM iter2: Maximization
Sample1 n=0.486, sp=0.4537, phi=2.939, lambda=365.95,626.38,1126.5,470.89,365.3,364.38,798.72, F=3157
runEM iter 2  Log likelihood: 3092.3498905625
runEM iter2 Time: 0.027 min.
runEM iter3: Expectation
runEM iter3: Maximization
Sample1 n=0.4731, sp=0.5421, phi=2.944, lambda=366.04,746.89,1153.8,449.29,366.92,365.56,820.19, F=3185
runEM iter 3  Log likelihood: 3176.41992482064
runEM iter3 Time: 0.031 min.
runEM iter4: Expectation
runEM iter4: Maximization
Sample1 n=0.4525, sp=0.6127, phi=2.948, lambda=366.06,1102.1,1152.4,432.55,366.81,365.89,949.92, F=3244
runEM iter 4  Log likelihood: 3221.48889390033
runEM iter4 Time: 0.024 min.
runEM iter5: Expectation
runEM iter5: Maximization
Sample1 n=0.4458, sp=0.6343, phi=2.95, lambda=366.07,1335.2,1131.3,442.31,366.6,365.94,1024.1, F=3263
runEM iter 5  Log likelihood: 3266.1856407026
runEM iter5 Time: 0.022 min.
runEM iter6: Expectation
runEM iter6: Maximization
Sample1 n=0.4431, sp=0.6457, phi=2.951, lambda=366.07,1408.4,1121.2,448.98,366.5,365.92,1004.7, F=3265
runEM iter 6  Log likelihood: 3274.92268308177
runEM iter6 Time: 0.019 min.
runEM iter7: Expectation
runEM iter7: Maximization
Sample1 n=0.4434, sp=0.6488, phi=2.951, lambda=366.07,1408.4,1121.2,448.98,366.5,365.92,1004.7, F=3265
runEM iter 7  Log likelihood: 3276.05172283743
runEM iter7 Time: 0.015 min.
runEM iter7: Re-calculating responsibilties from converged parameters.
runEM: Using optimal parameters from iter7
runEM: Total elapsed time: 0.19min.
runViterbi: Segmenting and classifying
runEM: Initialization
runEM iter1: Expectation
runEM iter1: Maximization
Sample1 n=0.603, sp=0.5125, phi=1.932, lambda=550.67,823.32,520.5,364.11,365.3,347.06,367.98, F=3213
runEM iter 1  Log likelihood: 2538.98309134685
runEM iter1 Time: 0.043 min.
runEM iter2: Expectation
runEM iter2: Maximization
Sample1 n=0.5884, sp=0.5683, phi=1.955, lambda=707.9,1322.9,551.91,367.4,365.88,618.37,730.82, F=3551
runEM iter 2  Log likelihood: 3432.68356135859
runEM iter2 Time: 0.026 min.
runEM iter3: Expectation
runEM iter3: Maximization
Sample1 n=0.5791, sp=0.5521, phi=1.971, lambda=909.04,1482.3,588.61,368.1,365.93,590.43,733.9, F=3633
runEM iter 3  Log likelihood: 3622.0485519385
runEM iter3 Time: 0.019 min.
runEM iter4: Expectation
runEM iter4: Maximization
Sample1 n=0.5721, sp=0.5222, phi=1.978, lambda=1212.3,1535.5,606.44,368.6,365.98,611.75,656.21, F=3671
runEM iter 4  Log likelihood: 3677.60828400403
runEM iter4 Time: 0.025 min.
runEM iter5: Expectation
runEM iter5: Maximization
Sample1 n=0.5713, sp=0.5016, phi=1.98, lambda=1331.9,1538.5,610.46,368.89,365.99,643.41,605.67, F=3685
runEM iter 5  Log likelihood: 3708.12103567679
runEM iter5 Time: 0.021 min.
runEM iter6: Expectation
runEM iter6: Maximization
Sample1 n=0.5717, sp=0.4898, phi=1.98, lambda=1351.5,1530.4,611.9,369,366.02,678.73,572.67, F=3687
runEM iter 6  Log likelihood: 3713.54278735621
runEM iter6 Time: 0.019 min.
runEM iter7: Expectation
runEM iter7: Maximization
Sample1 n=0.5718, sp=0.4817, phi=1.979, lambda=1356.1,1523.5,611.55,369.05,366.03,706.33,547.08, F=3688
runEM iter 7  Log likelihood: 3715.09357452455
runEM iter7 Time: 0.023 min.
runEM iter7: Re-calculating responsibilties from converged parameters.
runEM: Using optimal parameters from iter7
runEM: Total elapsed time: 0.18min.
runViterbi: Segmenting and classifying
runEM: Initialization
runEM iter1: Expectation
runEM iter1: Maximization
Sample1 n=0.519, sp=0.4776, phi=2.933, lambda=356.82,478.43,805.23,467.43,357.83,357.68,310.7, F=2858
runEM iter 1  Log likelihood: 2046.01710358298
runEM iter1 Time: 0.045 min.
runEM iter2: Expectation
runEM iter2: Maximization
Sample1 n=0.4878, sp=0.4542, phi=2.939, lambda=366.03,620.21,1132,467.75,365.8,359.35,807.54, F=3158
runEM iter 2  Log likelihood: 3082.91285541406
runEM iter2 Time: 0.03 min.
runEM iter3: Expectation
runEM iter3: Maximization
Sample1 n=0.4767, sp=0.5273, phi=2.944, lambda=366.06,709.27,1155.4,450.77,367.38,364.24,838.56, F=3177
runEM iter 3  Log likelihood: 3175.00283847044
runEM iter3 Time: 0.026 min.
runEM iter4: Expectation
runEM iter4: Maximization
Sample1 n=0.4558, sp=0.605, phi=2.948, lambda=366.07,1030.2,1155.2,433.44,366.98,365.47,946.89, F=3236
runEM iter 4  Log likelihood: 3212.80879590884
runEM iter4 Time: 0.024 min.
runEM iter5: Expectation
runEM iter5: Maximization
Sample1 n=0.4462, sp=0.6321, phi=2.95, lambda=366.07,1319.5,1134.7,439.87,366.65,365.85,1022.2, F=3263
runEM iter 5  Log likelihood: 3262.18724838538
runEM iter5 Time: 0.034 min.
runEM iter6: Expectation
runEM iter6: Maximization
Sample1 n=0.4431, sp=0.6449, phi=2.951, lambda=366.07,1403.6,1122,448.25,366.52,365.88,1005.5, F=3265
runEM iter 6  Log likelihood: 3274.44639533798
runEM iter6 Time: 0.019 min.
runEM iter7: Expectation
runEM iter7: Maximization
Sample1 n=0.4433, sp=0.6486, phi=2.951, lambda=366.07,1403.6,1122,448.26,366.52,365.88,1005.5, F=3265
runEM iter 7  Log likelihood: 3276.04951177463
runEM iter7 Time: 0.014 min.
runEM iter7: Re-calculating responsibilties from converged parameters.
runEM: Using optimal parameters from iter7
runEM: Total elapsed time: 0.19min.
runViterbi: Segmenting and classifying
runEM: Initialization
runEM iter1: Expectation
runEM iter1: Maximization
Sample1 n=0.613, sp=0.5002, phi=1.945, lambda=462.5,865.24,365.59,329.81,364.93,323.56,371.26, F=3112
runEM iter 1  Log likelihood: 2387.75381784299
runEM iter1 Time: 0.041 min.
runEM iter2: Expectation
runEM iter2: Maximization
Sample1 n=0.5956, sp=0.6042, phi=1.958, lambda=652.19,1394,539.61,366.8,366,656.75,870.99, F=3565
runEM iter 2  Log likelihood: 3417.65384608942
runEM iter2 Time: 0.029 min.
runEM iter3: Expectation
runEM iter3: Maximization
Sample1 n=0.5917, sp=0.6278, phi=1.968, lambda=684.25,1534.9,562.4,369.13,366,607.44,914.2, F=3598
runEM iter 3  Log likelihood: 3601.30975791182
runEM iter3 Time: 0.02 min.
runEM iter4: Expectation
runEM iter4: Maximization
Sample1 n=0.5872, sp=0.6301, phi=1.978, lambda=793.01,1646.6,558.98,370.16,365.99,461.66,971.82, F=3620
runEM iter 4  Log likelihood: 3632.1572822822
runEM iter4 Time: 0.029 min.
runEM iter5: Expectation
runEM iter5: Maximization
Sample1 n=0.5819, sp=0.6222, phi=1.985, lambda=976.75,1714.3,556.9,370.46,365.99,397.47,986.53, F=3641
runEM iter 5  Log likelihood: 3661.19399906095
runEM iter5 Time: 0.02 min.
runEM iter6: Expectation
runEM iter6: Maximization
Sample1 n=0.5776, sp=0.6133, phi=1.99, lambda=1189.5,1765.1,562.5,370.46,366,359.41,958.01, F=3656
runEM iter 6  Log likelihood: 3684.85341200824
runEM iter6 Time: 0.024 min.
runEM iter7: Expectation
runEM iter7: Maximization
Sample1 n=0.576, sp=0.6074, phi=1.992, lambda=1312,1793.8,573.78,370.4,365.99,345.09,925.85, F=3664
runEM iter 7  Log likelihood: 3699.16527272501
runEM iter7 Time: 0.021 min.
runEM iter8: Expectation
runEM iter8: Maximization
Sample1 n=0.5759, sp=0.6044, phi=1.992, lambda=1333.1,1802,582.34,370.39,366.01,346.45,903.03, F=3663
runEM iter 8  Log likelihood: 3701.66464524404
runEM iter8 Time: 0.023 min.
runEM iter8: Re-calculating responsibilties from converged parameters.
runEM: Using optimal parameters from iter8
runEM: Total elapsed time: 0.21min.
runViterbi: Segmenting and classifying
runEM: Initialization
runEM iter1: Expectation
runEM iter1: Maximization
Sample1 n=0.7323, sp=0.4765, phi=2.892, lambda=1373,184.02,810.93,174.66,360.27,367.18,288.51, F=2679
runEM iter 1  Log likelihood: 1950.91362223491
runEM iter1 Time: 0.057 min.
runEM iter2: Expectation
runEM iter2: Maximization
Sample1 n=0.7472, sp=0.4711, phi=2.902, lambda=1686.4,762.74,1266,396.7,578.69,805.68,683.41, F=3325
runEM iter 2  Log likelihood: 3151.22388760315
runEM iter2 Time: 0.036 min.
runEM iter3: Expectation
runEM iter3: Maximization
Sample1 n=0.7538, sp=0.525, phi=2.927, lambda=1579.6,932.95,1389.9,511.42,589.19,1015.5,786.7, F=3385
runEM iter 3  Log likelihood: 3368.27961349491
runEM iter3 Time: 0.028 min.
runEM iter4: Expectation
runEM iter4: Maximization
Sample1 n=0.7582, sp=0.5732, phi=2.938, lambda=1474.5,995.21,1467.7,531.25,598.22,1347.1,846.53, F=3417
runEM iter 4  Log likelihood: 3414.24796803095
runEM iter4 Time: 0.03 min.
runEM iter5: Expectation
runEM iter5: Maximization
Sample1 n=0.7593, sp=0.5948, phi=2.941, lambda=1436.3,991.79,1482.2,536.95,599.55,1425,924.59, F=3418
runEM iter 5  Log likelihood: 3427.3916589317
runEM iter5 Time: 0.026 min.
runEM iter6: Expectation
runEM iter6: Maximization
Sample1 n=0.7595, sp=0.6097, phi=2.942, lambda=1436.3,991.79,1482.2,536.95,599.55,1425,924.59, F=3414
runEM iter 6  Log likelihood: 3424.93901116819
runEM iter6 Time: 0.012 min.
runEM iter5: Re-calculating responsibilties from converged parameters.
runEM: Using optimal parameters from iter5
runEM: Total elapsed time: 0.19min.
runViterbi: Segmenting and classifying
runEM: Initialization
runEM iter1: Expectation
runEM iter1: Maximization
Sample1 n=0.6741, sp=0.08027, phi=2.005, lambda=281,976.4,211.11,162.56,359.2,129.02,343.61, F=2857
runEM iter 1  Log likelihood: 2137.8593801518
runEM iter1 Time: 0.04 min.
runEM iter2: Expectation
runEM iter2: Maximization
Sample1 n=0.6312, sp=0.4572, phi=1.968, lambda=486.15,1315.1,326.61,141.77,364.6,412.07,649.11, F=3291
runEM iter 2  Log likelihood: 3116.78320742077
runEM iter2 Time: 0.036 min.
runEM iter3: Expectation
runEM iter3: Maximization
Sample1 n=0.6027, sp=0.5946, phi=1.966, lambda=633.29,1477,527.11,357.66,365.81,683.31,869.63, F=3577
runEM iter 3  Log likelihood: 3484.28003592631
runEM iter3 Time: 0.031 min.
runEM iter4: Expectation
runEM iter4: Maximization
Sample1 n=0.5947, sp=0.6328, phi=1.971, lambda=671.22,1590.6,562.93,370.11,365.96,625.25,936.87, F=3601
runEM iter 4  Log likelihood: 3604.40120387368
runEM iter4 Time: 0.027 min.
runEM iter5: Expectation
runEM iter5: Maximization
Sample1 n=0.5908, sp=0.6418, phi=1.977, lambda=726.87,1676.9,559.82,371.71,365.96,504.68,1012.6, F=3609
runEM iter 5  Log likelihood: 3628.30956113755
runEM iter5 Time: 0.019 min.
runEM iter6: Expectation
runEM iter6: Maximization
Sample1 n=0.5855, sp=0.638, phi=1.983, lambda=859.61,1744.4,556.81,371.95,365.97,400.68,1033.9, F=3628
runEM iter 6  Log likelihood: 3651.28211323289
runEM iter6 Time: 0.023 min.
runEM iter7: Expectation
runEM iter7: Maximization
Sample1 n=0.5815, sp=0.6333, phi=1.988, lambda=1024.9,1797.1,559.29,371.85,365.98,356.52,1013.6, F=3646
runEM iter 7  Log likelihood: 3674.09630143674
runEM iter7 Time: 0.026 min.
runEM iter8: Expectation
runEM iter8: Maximization
Sample1 n=0.5773, sp=0.6248, phi=1.992, lambda=1236.1,1829.3,562.42,371.24,365.99,326.49,976.99, F=3660
runEM iter 8  Log likelihood: 3691.38498684229
runEM iter8 Time: 0.024 min.
runEM iter9: Expectation
runEM iter9: Maximization
Sample1 n=0.5766, sp=0.619, phi=1.993, lambda=1318.3,1836.9,568.55,370.95,366,321.5,951.8, F=3664
runEM iter 9  Log likelihood: 3700.46279137124
runEM iter9 Time: 0.019 min.
runEM iter10: Expectation
runEM iter10: Maximization
Sample1 n=0.5765, sp=0.6156, phi=1.993, lambda=1318.3,1836.9,568.55,370.95,366,321.5,951.8, F=3663
runEM iter 10  Log likelihood: 3701.26512698032
runEM iter10 Time: 0.014 min.
runEM iter10: Re-calculating responsibilties from converged parameters.
runEM: Using optimal parameters from iter10
runEM: Total elapsed time: 0.26min.
runViterbi: Segmenting and classifying
runEM: Initialization
runEM iter1: Expectation
runEM iter1: Maximization
Sample1 n=0.7795, sp=0.4829, phi=2.827, lambda=520.44,546.47,826.84,135.98,363.76,342.13,304.87, F=2611
runEM iter 1  Log likelihood: 1888.77980010096
runEM iter1 Time: 0.058 min.
runEM iter2: Expectation
runEM iter2: Maximization
Sample1 n=0.7603, sp=0.5333, phi=2.891, lambda=1041.4,911.82,1257,416.74,533.59,1306.1,547.06, F=3261
runEM iter 2  Log likelihood: 3052.70428546839
runEM iter2 Time: 0.031 min.
runEM iter3: Expectation
runEM iter3: Maximization
Sample1 n=0.758, sp=0.5728, phi=2.921, lambda=1387.6,970.31,1408.2,529.83,592.73,1439.1,694.81, F=3400
runEM iter 3  Log likelihood: 3379.17552590956
runEM iter3 Time: 0.031 min.
runEM iter4: Expectation
runEM iter4: Maximization
Sample1 n=0.7587, sp=0.5939, phi=2.935, lambda=1427.7,951.41,1470,532.55,597.43,1434,846.18, F=3423
runEM iter 4  Log likelihood: 3426.52504677745
runEM iter4 Time: 0.026 min.
runEM iter5: Expectation
runEM iter5: Maximization
Sample1 n=0.7592, sp=0.6069, phi=2.939, lambda=1427.7,951.41,1470,532.55,597.43,1434,846.18, F=3421
runEM iter 5  Log likelihood: 3429.23431084037
runEM iter5 Time: 0.012 min.
runEM iter5: Re-calculating responsibilties from converged parameters.
runEM: Using optimal parameters from iter5
runEM: Total elapsed time: 0.16min.
runViterbi: Segmenting and classifying
runEM: Initialization
runEM iter1: Expectation
runEM iter1: Maximization
Sample1 n=0.8176, sp=0.01301, phi=2.094, lambda=167.21,866.59,315.21,337.64,344.03,59.508,46.465, F=2604
runEM iter 1  Log likelihood: 1950.13529901252
runEM iter1 Time: 0.059 min.
runEM iter2: Expectation
runEM iter2: Maximization
Sample1 n=0.7996, sp=0.003784, phi=2.026, lambda=396.23,1611.2,518.35,591.68,393.56,65.614,363.75, F=3111
runEM iter 2  Log likelihood: 2966.83655769688
runEM iter2 Time: 0.068 min.
runEM iter3: Expectation
runEM iter3: Maximization
Sample1 n=0.786, sp=0.003364, phi=2.013, lambda=552.35,1704.2,516.99,632.17,386.97,72.786,300.16, F=3182
runEM iter 3  Log likelihood: 3190.57947603291
runEM iter3 Time: 0.044 min.
runEM iter4: Expectation
runEM iter4: Maximization
Sample1 n=0.7717, sp=0.003355, phi=2.007, lambda=643.69,1679.1,506.34,608.7,630.71,81.517,259.46, F=3200
runEM iter 4  Log likelihood: 3218.5233616144
runEM iter4 Time: 0.065 min.
runEM iter5: Expectation
runEM iter5: Maximization
Sample1 n=0.763, sp=0.003024, phi=2.001, lambda=688.3,1622,496.45,574.55,573.89,87.106,243.14, F=3214
runEM iter 5  Log likelihood: 3241.10071410437
runEM iter5 Time: 0.062 min.
runEM iter6: Expectation
runEM iter6: Maximization
Sample1 n=0.7563, sp=0.00272, phi=1.997, lambda=720.33,1581.8,464.33,524.68,389.17,92.183,243.2, F=3218
runEM iter 6  Log likelihood: 3243.82842921535
runEM iter6 Time: 0.058 min.
runEM iter6: Re-calculating responsibilties from converged parameters.
runEM: Using optimal parameters from iter6
runEM: Total elapsed time: 0.36min.
runViterbi: Segmenting and classifying
runEM: Initialization
runEM iter1: Expectation
runEM iter1: Maximization
Sample1 n=0.7984, sp=0.1144, phi=2.794, lambda=339.58,135.12,732.15,120.07,348.79,145.97,60.326, F=2382
runEM iter 1  Log likelihood: 1528.58830791278
runEM iter1 Time: 0.045 min.
runEM iter2: Expectation
runEM iter2: Maximization
Sample1 n=0.7734, sp=0.0589, phi=2.874, lambda=626.46,706.02,1212,429.25,553.01,297.43,360.13, F=3099
runEM iter 2  Log likelihood: 2858.6537105699
runEM iter2 Time: 0.034 min.
runEM iter3: Expectation
runEM iter3: Maximization
Sample1 n=0.763, sp=0.3042, phi=2.932, lambda=1150.8,747.48,1433.5,552.13,596.85,533.21,289.85, F=3332
runEM iter 3  Log likelihood: 3259.95804154779
runEM iter3 Time: 0.027 min.
runEM iter4: Expectation
runEM iter4: Maximization
Sample1 n=0.7604, sp=0.5081, phi=2.947, lambda=1386.2,792.93,1465.3,557.24,600.73,1161.1,358.88, F=3402
runEM iter 4  Log likelihood: 3381.44471969843
runEM iter4 Time: 0.03 min.
runEM iter5: Expectation
runEM iter5: Maximization
Sample1 n=0.7616, sp=0.5856, phi=2.946, lambda=1404.1,985.37,1472,568.31,604.23,1404.1,611.3, F=3409
runEM iter 5  Log likelihood: 3402.86083112255
runEM iter5 Time: 0.025 min.
runEM iter6: Expectation
runEM iter6: Maximization
Sample1 n=0.7603, sp=0.6052, phi=2.946, lambda=1415.6,984.06,1477.6,573.99,603.63,1441.6,857.3, F=3418
runEM iter 6  Log likelihood: 3425.34603944374
runEM iter6 Time: 0.024 min.
runEM iter7: Expectation
runEM iter7: Maximization
Sample1 n=0.76, sp=0.6172, phi=2.945, lambda=1415.6,984.06,1477.6,573.99,603.63,1441.6,857.3, F=3417
runEM iter 7  Log likelihood: 3425.47048079495
runEM iter7 Time: 0.012 min.
runEM iter7: Re-calculating responsibilties from converged parameters.
runEM: Using optimal parameters from iter7
runEM: Total elapsed time: 0.2min.
runViterbi: Segmenting and classifying
runEM: Initialization
runEM iter1: Expectation
runEM iter1: Maximization
Sample1 n=0.8964, sp=0.01696, phi=2.19, lambda=130.61,570.65,505.31,78.363,112.85,44.056,21.124, F=2177
runEM iter 1  Log likelihood: 1774.84887091401
runEM iter1 Time: 0.074 min.
runEM iter2: Expectation
runEM iter2: Maximization
Sample1 n=0.8481, sp=0.00505, phi=2.132, lambda=322.32,1537.5,590.2,293.68,488.45,60.985,335.33, F=2863
runEM iter 2  Log likelihood: 2544.25590649834
runEM iter2 Time: 0.081 min.
runEM iter3: Expectation
runEM iter3: Maximization
Sample1 n=0.8388, sp=0.003745, phi=2.062, lambda=388.45,1924.9,714.07,554.01,543.47,60.237,425.58, F=3025
runEM iter 3  Log likelihood: 3005.65034632334
runEM iter3 Time: 0.064 min.
runEM iter4: Expectation
runEM iter4: Maximization
Sample1 n=0.8357, sp=0.003745, phi=2.035, lambda=406.36,1913.9,854.5,776.1,538.3,59.346,442.96, F=3068
runEM iter 4  Log likelihood: 3100.72806066768
runEM iter4 Time: 0.052 min.
runEM iter5: Expectation
runEM iter5: Maximization
Sample1 n=0.8346, sp=0.003835, phi=2.026, lambda=415.58,1881.8,971.72,805.15,535.39,58.826,451.8, F=3087
runEM iter 5  Log likelihood: 3129.64516138382
runEM iter5 Time: 0.062 min.
runEM iter6: Expectation
runEM iter6: Maximization
Sample1 n=0.8339, sp=0.004063, phi=2.023, lambda=439.43,1865.8,1043.6,808.07,538.68,58.645,457.54, F=3095
runEM iter 6  Log likelihood: 3139.66370901277
runEM iter6 Time: 0.046 min.
runEM iter7: Expectation
runEM iter7: Maximization
Sample1 n=0.8328, sp=0.004063, phi=2.021, lambda=483.47,1855.1,1074.1,813.59,542.01,59.005,458.82, F=3097
runEM iter 7  Log likelihood: 3142.36201603178
runEM iter7 Time: 0.046 min.
runEM iter7: Re-calculating responsibilties from converged parameters.
runEM: Using optimal parameters from iter7
runEM: Total elapsed time: 0.43min.
runViterbi: Segmenting and classifying
Total ULP-WGS HMM Runtime: 4.4 min.
Writing segments to results/ichorCNA/tumour_prop_0.5//tumour_prop_0.5.seg
Outputting to bin-level results to results/ichorCNA/tumour_prop_0.5//tumour_prop_0.5.cna.seg
