$WIG
[1] "results/readDepth/tumor_sample1.bin1000000.wig"

$gcWig
[1] "../../inst/extdata/gc_hg38_1000kb.wig"

$mapWig
[1] "../../inst/extdata/map_hg38_1000kb.wig"

$normalPanel
[1] "../../inst/extdata/HD_ULP_PoN_hg38_1Mb_median_normAutosome_median.rds"

$exons.bed
[1] "None"

$id
[1] "tumor_sample1"

$centromere
[1] ".Loading required package: data.table
Loading required package: stats4
Loading required package: BiocGenerics
Loading required package: parallel

Attaching package: 'BiocGenerics'

The following objects are masked from 'package:parallel':

    clusterApply, clusterApplyLB, clusterCall, clusterEvalQ,
    clusterExport, clusterMap, parApply, parCapply, parLapply,
    parLapplyLB, parRapply, parSapply, parSapplyLB

The following objects are masked from 'package:stats':

    IQR, mad, sd, var, xtabs

The following objects are masked from 'package:base':

    Filter, Find, Map, Position, Reduce, anyDuplicated, append,
    as.data.frame, basename, cbind, colnames, dirname, do.call,
    duplicated, eval, evalq, get, grep, grepl, intersect, is.unsorted,
    lapply, mapply, match, mget, order, paste, pmax, pmax.int, pmin,
    pmin.int, rank, rbind, rownames, sapply, setdiff, sort, table,
    tapply, union, unique, unsplit, which.max, which.min

Loading required package: S4Vectors

Attaching package: 'S4Vectors'

The following objects are masked from 'package:data.table':

    first, second

The following objects are masked from 'package:base':

    I, expand.grid, unname

Loading required package: IRanges

Attaching package: 'IRanges'

The following object is masked from 'package:data.table':

    shift

Loading required package: GenomeInfoDb

Attaching package: 'ichorCNA'

The following object is masked from 'package:HMMcopy':

    HMMsegment

Warning message:
In library(package, lib.loc = lib.loc, character.only = TRUE, logical.return = TRUE,  :
  there is no package called 'BSgenome.Hsapiens.UCSC.hg38'
Loading tumour file:tumor_sample1
Slurping: results/readDepth/tumor_sample1.bin1000000.wig
Parsing: fixedStep chrom=chr1 start=1 step=1000000 span=1000000
Parsing: fixedStep chrom=chr2 start=1 step=1000000 span=1000000
Parsing: fixedStep chrom=chr3 start=1 step=1000000 span=1000000
Parsing: fixedStep chrom=chr4 start=1 step=1000000 span=1000000
Parsing: fixedStep chrom=chr5 start=1 step=1000000 span=1000000
Parsing: fixedStep chrom=chr6 start=1 step=1000000 span=1000000
Parsing: fixedStep chrom=chr7 start=1 step=1000000 span=1000000
Parsing: fixedStep chrom=chr8 start=1 step=1000000 span=1000000
Parsing: fixedStep chrom=chr9 start=1 step=1000000 span=1000000
Parsing: fixedStep chrom=chr10 start=1 step=1000000 span=1000000
Parsing: fixedStep chrom=chr11 start=1 step=1000000 span=1000000
Parsing: fixedStep chrom=chr12 start=1 step=1000000 span=1000000
Parsing: fixedStep chrom=chr13 start=1 step=1000000 span=1000000
Parsing: fixedStep chrom=chr14 start=1 step=1000000 span=1000000
Parsing: fixedStep chrom=chr15 start=1 step=1000000 span=1000000
Parsing: fixedStep chrom=chr16 start=1 step=1000000 span=1000000
Parsing: fixedStep chrom=chr17 start=1 step=1000000 span=1000000
Parsing: fixedStep chrom=chr18 start=1 step=1000000 span=1000000
Parsing: fixedStep chrom=chr19 start=1 step=1000000 span=1000000
Parsing: fixedStep chrom=chr20 start=1 step=1000000 span=1000000
Parsing: fixedStep chrom=chr21 start=1 step=1000000 span=1000000
Parsing: fixedStep chrom=chr22 start=1 step=1000000 span=1000000
Parsing: fixedStep chrom=chrX start=1 step=1000000 span=1000000
Sorting by decreasing chromosome size
Reading GC and mappability files
Slurping: ../../inst/extdata/gc_hg38_1000kb.wig
Parsing: fixedStep chrom=chr1 start=1 step=1000000 span=1000000
Parsing: fixedStep chrom=chr2 start=1 step=1000000 span=1000000
Parsing: fixedStep chrom=chr3 start=1 step=1000000 span=1000000
Parsing: fixedStep chrom=chr4 start=1 step=1000000 span=1000000
Parsing: fixedStep chrom=chr5 start=1 step=1000000 span=1000000
Parsing: fixedStep chrom=chr6 start=1 step=1000000 span=1000000
Parsing: fixedStep chrom=chr7 start=1 step=1000000 span=1000000
Parsing: fixedStep chrom=chr8 start=1 step=1000000 span=1000000
Parsing: fixedStep chrom=chr9 start=1 step=1000000 span=1000000
Parsing: fixedStep chrom=chr10 start=1 step=1000000 span=1000000
Parsing: fixedStep chrom=chr11 start=1 step=1000000 span=1000000
Parsing: fixedStep chrom=chr12 start=1 step=1000000 span=1000000
Parsing: fixedStep chrom=chr13 start=1 step=1000000 span=1000000
Parsing: fixedStep chrom=chr14 start=1 step=1000000 span=1000000
Parsing: fixedStep chrom=chr15 start=1 step=1000000 span=1000000
Parsing: fixedStep chrom=chr16 start=1 step=1000000 span=1000000
Parsing: fixedStep chrom=chr17 start=1 step=1000000 span=1000000
Parsing: fixedStep chrom=chr18 start=1 step=1000000 span=1000000
Parsing: fixedStep chrom=chr19 start=1 step=1000000 span=1000000
Parsing: fixedStep chrom=chr20 start=1 step=1000000 span=1000000
Parsing: fixedStep chrom=chr21 start=1 step=1000000 span=1000000
Parsing: fixedStep chrom=chr22 start=1 step=1000000 span=1000000
Parsing: fixedStep chrom=chrX start=1 step=1000000 span=1000000
Parsing: fixedStep chrom=chrY start=1 step=1000000 span=1000000
Sorting by decreasing chromosome size
Slurping: ../../inst/extdata/map_hg38_1000kb.wig
Parsing: fixedStep chrom=chr1 start=1 step=1000000 span=1000000
Parsing: fixedStep chrom=chr2 start=1 step=1000000 span=1000000
Parsing: fixedStep chrom=chr3 start=1 step=1000000 span=1000000
Parsing: fixedStep chrom=chr4 start=1 step=1000000 span=1000000
Parsing: fixedStep chrom=chr5 start=1 step=1000000 span=1000000
Parsing: fixedStep chrom=chr6 start=1 step=1000000 span=1000000
Parsing: fixedStep chrom=chr7 start=1 step=1000000 span=1000000
Parsing: fixedStep chrom=chr8 start=1 step=1000000 span=1000000
Parsing: fixedStep chrom=chr9 start=1 step=1000000 span=1000000
Parsing: fixedStep chrom=chr10 start=1 step=1000000 span=1000000
Parsing: fixedStep chrom=chr11 start=1 step=1000000 span=1000000
Parsing: fixedStep chrom=chr12 start=1 step=1000000 span=1000000
Parsing: fixedStep chrom=chr13 start=1 step=1000000 span=1000000
Parsing: fixedStep chrom=chr14 start=1 step=1000000 span=1000000
Parsing: fixedStep chrom=chr15 start=1 step=1000000 span=1000000
Parsing: fixedStep chrom=chr16 start=1 step=1000000 span=1000000
Parsing: fixedStep chrom=chr17 start=1 step=1000000 span=1000000
Parsing: fixedStep chrom=chr18 start=1 step=1000000 span=1000000
Parsing: fixedStep chrom=chr19 start=1 step=1000000 span=1000000
Parsing: fixedStep chrom=chr20 start=1 step=1000000 span=1000000
Parsing: fixedStep chrom=chr21 start=1 step=1000000 span=1000000
Parsing: fixedStep chrom=chr22 start=1 step=1000000 span=1000000
Parsing: fixedStep chrom=chrX start=1 step=1000000 span=1000000
Parsing: fixedStep chrom=chrY start=1 step=1000000 span=1000000
Sorting by decreasing chromosome size
Correcting Tumour
Removed 121 bins near centromeres.
Applying filter on data...
Correcting for GC bias...
Correcting for mappability bias...
Filtering low uniqueness regions with mappability score < 0.75
Removed 0 bins near centromeres.
Determining gender...Gender female
Outputting to: results/ichorCNA/tumor_sample1//tumor_sample1.correctedDepth.txt
Warning message:
In regularize.values(x, y, ties, missing(ties), na.rm = na.rm) :
  collapsing to unique 'x' values
runEM: Initialization
runEM iter1: Expectation
runEM iter1: Maximization
Sample1 n=0.5031, sp=0.5031, phi=2.009, lambda=22777,6444.6,22777,22876,22859,22479,22489, F=3474
runEM iter 1  Log likelihood: 3386.8967021067
runEM iter1 Time: 0.03 min.
runEM iter2: Expectation
runEM iter2: Maximization
Sample1 n=0.5093, sp=0.5002, phi=2.009, lambda=22777,6444.6,22777,22876,22859,22479,22489, F=3474
runEM iter 2  Log likelihood: 3465.10113634321
runEM iter2 Time: 0.01 min.
runEM iter3: Expectation
runEM iter3: Maximization
Sample1 n=0.5086, sp=0.5002, phi=2.009, lambda=22777,6444.6,22777,22876,22859,22479,22489, F=3474
runEM iter 3  Log likelihood: 3465.10341550343
runEM iter3 Time: 0.0099 min.
runEM iter3: Re-calculating responsibilties from converged parameters.
runEM: Using optimal parameters from iter3
runEM: Total elapsed time: 0.051min.
runViterbi: Segmenting and classifying
runEM: Initialization
runEM iter1: Expectation
runEM iter1: Maximization
Sample1 n=0.5265, sp=0.4683, phi=3.012, lambda=22771,22764,6444.8,23074,22591,22556,22115, F=3097
runEM iter 1  Log likelihood: 2979.61359902131
runEM iter1 Time: 0.029 min.
runEM iter2: Expectation
runEM iter2: Maximization
Sample1 n=0.5311, sp=0.5, phi=3.012, lambda=22771,22764,6444.8,23074,22591,22556,22115, F=3097
runEM iter 2  Log likelihood: 3080.96701496889
runEM iter2 Time: 0.011 min.
runEM iter3: Expectation
runEM iter3: Maximization
Sample1 n=0.5279, sp=0.5, phi=3.012, lambda=22771,22764,6444.8,23074,22591,22556,22115, F=3097
runEM iter 3  Log likelihood: 3080.97073587139
runEM iter3 Time: 0.011 min.
runEM iter3: Re-calculating responsibilties from converged parameters.
runEM: Using optimal parameters from iter3
runEM: Total elapsed time: 0.052min.
runViterbi: Segmenting and classifying
runEM: Initialization
runEM iter1: Expectation
runEM iter1: Maximization
Sample1 n=0.5115, sp=0.5114, phi=2.01, lambda=22754,6444.5,22754,22926,22791,22437,22470, F=3474
runEM iter 1  Log likelihood: 3386.89726786166
runEM iter1 Time: 0.026 min.
runEM iter2: Expectation
runEM iter2: Maximization
Sample1 n=0.517, sp=0.5003, phi=2.01, lambda=22754,6444.5,22754,22926,22791,22437,22470, F=3474
runEM iter 2  Log likelihood: 3465.09818628677
runEM iter2 Time: 0.01 min.
runEM iter3: Expectation
runEM iter3: Maximization
Sample1 n=0.5158, sp=0.5003, phi=2.01, lambda=22754,6444.5,22754,22926,22791,22437,22470, F=3474
runEM iter 3  Log likelihood: 3465.10179471416
runEM iter3 Time: 0.011 min.
runEM iter3: Re-calculating responsibilties from converged parameters.
runEM: Using optimal parameters from iter3
runEM: Total elapsed time: 0.047min.
runViterbi: Segmenting and classifying
runEM: Initialization
runEM iter1: Expectation
runEM iter1: Maximization
Sample1 n=0.5814, sp=0.4149, phi=3.013, lambda=22747,22739,6445.2,22935,22758,22466,21302, F=3097
runEM iter 1  Log likelihood: 2979.66230246559
runEM iter1 Time: 0.028 min.
runEM iter2: Expectation
runEM iter2: Maximization
Sample1 n=0.5814, sp=0.4998, phi=3.013, lambda=22747,22739,6445.2,22935,22758,22466,21302, F=3097
runEM iter 2  Log likelihood: 3080.9393103777
runEM iter2 Time: 0.011 min.
runEM iter3: Expectation
runEM iter3: Maximization
Sample1 n=0.5748, sp=0.5, phi=3.013, lambda=22747,22739,6445.2,22935,22758,22466,21302, F=3097
runEM iter 3  Log likelihood: 3080.94745924388
runEM iter3 Time: 0.011 min.
runEM iter3: Re-calculating responsibilties from converged parameters.
runEM: Using optimal parameters from iter3
runEM: Total elapsed time: 0.05min.
runViterbi: Segmenting and classifying
runEM: Initialization
runEM iter1: Expectation
runEM iter1: Maximization
Sample1 n=0.5571, sp=0.5542, phi=2.011, lambda=22750,6444.9,22748,22863,22827,21924,22379, F=3474
runEM iter 1  Log likelihood: 3386.91682628494
runEM iter1 Time: 0.029 min.
runEM iter2: Expectation
runEM iter2: Maximization
Sample1 n=0.5594, sp=0.5018, phi=2.01, lambda=22750,6444.9,22748,22863,22827,21924,22379, F=3474
runEM iter 2  Log likelihood: 3465.06063746259
runEM iter2 Time: 0.01 min.
runEM iter3: Expectation
runEM iter3: Maximization
Sample1 n=0.5559, sp=0.5012, phi=2.01, lambda=22750,6444.9,22748,22863,22827,21924,22379, F=3474
runEM iter 3  Log likelihood: 3465.07472709588
runEM iter3 Time: 0.0097 min.
runEM iter3: Re-calculating responsibilties from converged parameters.
runEM: Using optimal parameters from iter3
runEM: Total elapsed time: 0.049min.
runViterbi: Segmenting and classifying
runEM: Initialization
runEM iter1: Expectation
runEM iter1: Maximization
Sample1 n=0.7337, sp=0.3724, phi=3.02, lambda=22741,22724,6446.5,22944,22659,22527,19905, F=3097
runEM iter 1  Log likelihood: 2979.72825207095
runEM iter1 Time: 0.028 min.
runEM iter2: Expectation
runEM iter2: Maximization
Sample1 n=0.7304, sp=0.4783, phi=3.019, lambda=22741,22724,6446.5,22944,22659,22527,19905, F=3097
runEM iter 2  Log likelihood: 3080.726237701
runEM iter2 Time: 0.0099 min.
runEM iter3: Expectation
runEM iter3: Maximization
Sample1 n=0.722, sp=0.4982, phi=3.019, lambda=22741,22724,6446.5,22944,22659,22527,19905, F=3097
runEM iter 3  Log likelihood: 3080.7332419529
runEM iter3 Time: 0.01 min.
runEM iter3: Re-calculating responsibilties from converged parameters.
runEM: Using optimal parameters from iter3
runEM: Total elapsed time: 0.048min.
runViterbi: Segmenting and classifying
runEM: Initialization
runEM iter1: Expectation
runEM iter1: Maximization
Sample1 n=0.7676, sp=0.6187, phi=2.02, lambda=22723,6446.1,22684,22931,22717,20577,21875, F=3474
runEM iter 1  Log likelihood: 3386.76690633497
runEM iter1 Time: 0.03 min.
runEM iter2: Expectation
runEM iter2: Maximization
Sample1 n=0.7651, sp=0.5187, phi=2.02, lambda=22723,6446.1,22684,22931,22717,20577,21875, F=3474
runEM iter 2  Log likelihood: 3464.68844624887
runEM iter2 Time: 0.01 min.
runEM iter3: Expectation
runEM iter3: Maximization
Sample1 n=0.7592, sp=0.5116, phi=2.019, lambda=22723,6446.1,22684,22931,22717,20577,21875, F=3474
runEM iter 3  Log likelihood: 3464.63555049567
runEM iter3 Time: 0.011 min.
runEM iter2: Re-calculating responsibilties from converged parameters.
runEM: Using optimal parameters from iter2
runEM: Total elapsed time: 0.052min.
runViterbi: Segmenting and classifying
runEM: Initialization
runEM iter1: Expectation
runEM iter1: Maximization
Sample1 n=0.8247, sp=0.3798, phi=3.029, lambda=22735,22713,6449.5,22782,22781,22515,19925, F=3097
runEM iter 1  Log likelihood: 2980.24227620628
runEM iter1 Time: 0.029 min.
runEM iter2: Expectation
runEM iter2: Maximization
Sample1 n=0.8214, sp=0.4203, phi=3.028, lambda=22735,22713,6449.5,22782,22781,22515,19925, F=3097
runEM iter 2  Log likelihood: 3080.54537370066
runEM iter2 Time: 0.01 min.
runEM iter3: Expectation
runEM iter3: Maximization
Sample1 n=0.8168, sp=0.4221, phi=3.027, lambda=22735,22713,6449.5,22782,22781,22515,19925, F=3097
runEM iter 3  Log likelihood: 3080.54468033497
runEM iter3 Time: 0.011 min.
runEM iter2: Re-calculating responsibilties from converged parameters.
runEM: Using optimal parameters from iter2
runEM: Total elapsed time: 0.051min.
runViterbi: Segmenting and classifying
runEM: Initialization
runEM iter1: Expectation
runEM iter1: Maximization
Sample1 n=0.9113, sp=0.6353, phi=2.053, lambda=22437,6466.5,22606,22719,22682,17936,16284, F=3475
runEM iter 1  Log likelihood: 3388.38504317474
runEM iter1 Time: 0.044 min.
runEM iter2: Expectation
runEM iter2: Maximization
Sample1 n=0.9052, sp=0.5937, phi=2.049, lambda=22437,6466.5,22606,22719,22682,17936,16284, F=3476
runEM iter 2  Log likelihood: 3466.69187993203
runEM iter2 Time: 0.011 min.
runEM iter3: Expectation
runEM iter3: Maximization
Sample1 n=0.9034, sp=0.6004, phi=2.048, lambda=22437,6466.5,22606,22719,22682,17936,16284, F=3476
runEM iter 3  Log likelihood: 3466.33716930627
runEM iter3 Time: 0.016 min.
runEM iter2: Re-calculating responsibilties from converged parameters.
runEM: Using optimal parameters from iter2
runEM: Total elapsed time: 0.071min.
runViterbi: Segmenting and classifying
runEM: Initialization
runEM iter1: Expectation
runEM iter1: Maximization
Sample1 n=0.9257, sp=0.4596, phi=3.065, lambda=22673,21524,6455.9,21958,22561,21792,13140, F=3096
runEM iter 1  Log likelihood: 2980.84975399291
runEM iter1 Time: 0.037 min.
runEM iter2: Expectation
runEM iter2: Maximization
Sample1 n=0.9265, sp=0.4934, phi=3.065, lambda=22673,21524,6455.9,21958,22561,21792,13140, F=3096
runEM iter 2  Log likelihood: 3079.90082618229
runEM iter2 Time: 0.021 min.
runEM iter3: Expectation
runEM iter3: Maximization
Sample1 n=0.9263, sp=0.4969, phi=3.065, lambda=22673,21524,6455.9,21958,22561,21792,13140, F=3096
runEM iter 3  Log likelihood: 3079.94318821016
runEM iter3 Time: 0.01 min.
runEM iter3: Re-calculating responsibilties from converged parameters.
runEM: Using optimal parameters from iter3
runEM: Total elapsed time: 0.069min.
runViterbi: Segmenting and classifying
runEM: Initialization
runEM iter1: Expectation
runEM iter1: Maximization
Sample1 n=0.9621, sp=0.5193, phi=2.125, lambda=20714,6489.2,20600,22425,22575,16438,11053, F=3476
runEM iter 1  Log likelihood: 3390.56859670202
runEM iter1 Time: 0.034 min.
runEM iter2: Expectation
runEM iter2: Maximization
Sample1 n=0.9596, sp=0.5194, phi=2.117, lambda=20714,6489.2,20600,22425,22575,16438,11053, F=3477
runEM iter 2  Log likelihood: 3467.82988548851
runEM iter2 Time: 0.012 min.
runEM iter3: Expectation
runEM iter3: Maximization
Sample1 n=0.9575, sp=0.5122, phi=2.111, lambda=20714,6489.2,20600,22425,22575,16438,11053, F=3478
runEM iter 3  Log likelihood: 3468.54426680903
runEM iter3 Time: 0.012 min.
runEM iter3: Re-calculating responsibilties from converged parameters.
runEM: Using optimal parameters from iter3
runEM: Total elapsed time: 0.058min.
runViterbi: Segmenting and classifying
Total ULP-WGS HMM Runtime: 0.65 min.
Writing segments to results/ichorCNA/tumor_sample1//tumor_sample1.seg
Outputting to bin-level results to results/ichorCNA/tumor_sample1//tumor_sample1.cna.seg
